Archive member included to satisfy reference by file (symbol)

C:/ti/simplelink_msp432e4_sdk_4_20_00_12/source\ti/devices/msp432e4/driverlib/lib/gcc/m4f/msp432e4_driverlib.a(gpio.o)
                              ./msp432_uart_transport/msp432_uart_transport.o (GPIOPinConfigure)
C:/ti/simplelink_msp432e4_sdk_4_20_00_12/source\ti/devices/msp432e4/driverlib/lib/gcc/m4f/msp432e4_driverlib.a(interrupt.o)
                              C:/ti/simplelink_msp432e4_sdk_4_20_00_12/source\ti/devices/msp432e4/driverlib/lib/gcc/m4f/msp432e4_driverlib.a(gpio.o) (IntRegister)
C:/ti/simplelink_msp432e4_sdk_4_20_00_12/source\ti/devices/msp432e4/driverlib/lib/gcc/m4f/msp432e4_driverlib.a(sysctl.o)
                              ./main/main.o (SysCtlDelay)
C:/ti/simplelink_msp432e4_sdk_4_20_00_12/source\ti/devices/msp432e4/driverlib/lib/gcc/m4f/msp432e4_driverlib.a(uart.o)
                              ./msp432_uart_transport/msp432_uart_transport.o (UARTIntEnable)
C:/ti/simplelink_msp432e4_sdk_4_20_00_12/source\ti/devices/msp432e4/driverlib/lib/gcc/m4f/msp432e4_driverlib.a(cpu.o)
                              C:/ti/simplelink_msp432e4_sdk_4_20_00_12/source\ti/devices/msp432e4/driverlib/lib/gcc/m4f/msp432e4_driverlib.a(interrupt.o) (CPUcpsid)
c:/ti/gcc_arm_none_eabi_9_2_1/bin/../lib/gcc/arm-none-eabi/9.2.1/thumb/v7e-m+fp/hard\libgcc.a(unwind-arm.o)
                              ./storage/db/LINDataBase.o (__aeabi_unwind_cpp_pr0)
c:/ti/gcc_arm_none_eabi_9_2_1/bin/../lib/gcc/arm-none-eabi/9.2.1/thumb/v7e-m+fp/hard\libgcc.a(libunwind.o)
                              c:/ti/gcc_arm_none_eabi_9_2_1/bin/../lib/gcc/arm-none-eabi/9.2.1/thumb/v7e-m+fp/hard\libgcc.a(unwind-arm.o) (restore_core_regs)
c:/ti/gcc_arm_none_eabi_9_2_1/bin/../lib/gcc/arm-none-eabi/9.2.1/thumb/v7e-m+fp/hard\libgcc.a(pr-support.o)
                              c:/ti/gcc_arm_none_eabi_9_2_1/bin/../lib/gcc/arm-none-eabi/9.2.1/thumb/v7e-m+fp/hard\libgcc.a(unwind-arm.o) (__gnu_unwind_execute)
c:/ti/gcc_arm_none_eabi_9_2_1/bin/../lib/gcc/arm-none-eabi/9.2.1/../../../../arm-none-eabi/lib/thumb/v7e-m+fp/hard\libc_nano.a(lib_a-abort.o)
                              c:/ti/gcc_arm_none_eabi_9_2_1/bin/../lib/gcc/arm-none-eabi/9.2.1/thumb/v7e-m+fp/hard\libgcc.a(unwind-arm.o) (abort)
c:/ti/gcc_arm_none_eabi_9_2_1/bin/../lib/gcc/arm-none-eabi/9.2.1/../../../../arm-none-eabi/lib/thumb/v7e-m+fp/hard\libc_nano.a(lib_a-aeabi_atexit.o)
                              ./DataLink/Notifiers/LinNotifier.o (__aeabi_atexit)
c:/ti/gcc_arm_none_eabi_9_2_1/bin/../lib/gcc/arm-none-eabi/9.2.1/../../../../arm-none-eabi/lib/thumb/v7e-m+fp/hard\libc_nano.a(lib_a-cxa_atexit.o)
                              c:/ti/gcc_arm_none_eabi_9_2_1/bin/../lib/gcc/arm-none-eabi/9.2.1/../../../../arm-none-eabi/lib/thumb/v7e-m+fp/hard\libc_nano.a(lib_a-aeabi_atexit.o) (__cxa_atexit)
c:/ti/gcc_arm_none_eabi_9_2_1/bin/../lib/gcc/arm-none-eabi/9.2.1/../../../../arm-none-eabi/lib/thumb/v7e-m+fp/hard\libc_nano.a(lib_a-exit.o)
                              c:/ti/gcc_arm_none_eabi_9_2_1/bin/../lib/gcc/arm-none-eabi/9.2.1/../../../../arm-none-eabi/lib/thumb/v7e-m+fp/hard/crt0.o (exit)
c:/ti/gcc_arm_none_eabi_9_2_1/bin/../lib/gcc/arm-none-eabi/9.2.1/../../../../arm-none-eabi/lib/thumb/v7e-m+fp/hard\libc_nano.a(lib_a-impure.o)
                              c:/ti/gcc_arm_none_eabi_9_2_1/bin/../lib/gcc/arm-none-eabi/9.2.1/../../../../arm-none-eabi/lib/thumb/v7e-m+fp/hard\libc_nano.a(lib_a-exit.o) (_global_impure_ptr)
c:/ti/gcc_arm_none_eabi_9_2_1/bin/../lib/gcc/arm-none-eabi/9.2.1/../../../../arm-none-eabi/lib/thumb/v7e-m+fp/hard\libc_nano.a(lib_a-init.o)
                              c:/ti/gcc_arm_none_eabi_9_2_1/bin/../lib/gcc/arm-none-eabi/9.2.1/../../../../arm-none-eabi/lib/thumb/v7e-m+fp/hard/crt0.o (__libc_init_array)
c:/ti/gcc_arm_none_eabi_9_2_1/bin/../lib/gcc/arm-none-eabi/9.2.1/../../../../arm-none-eabi/lib/thumb/v7e-m+fp/hard\libc_nano.a(lib_a-memcpy-stub.o)
                              ./DataLink/serializtion/responseserializer.o (memcpy)
c:/ti/gcc_arm_none_eabi_9_2_1/bin/../lib/gcc/arm-none-eabi/9.2.1/../../../../arm-none-eabi/lib/thumb/v7e-m+fp/hard\libc_nano.a(lib_a-memset.o)
                              c:/ti/gcc_arm_none_eabi_9_2_1/bin/../lib/gcc/arm-none-eabi/9.2.1/../../../../arm-none-eabi/lib/thumb/v7e-m+fp/hard/crt0.o (memset)
c:/ti/gcc_arm_none_eabi_9_2_1/bin/../lib/gcc/arm-none-eabi/9.2.1/../../../../arm-none-eabi/lib/thumb/v7e-m+fp/hard\libc_nano.a(lib_a-on_exit_args.o)
                              c:/ti/gcc_arm_none_eabi_9_2_1/bin/../lib/gcc/arm-none-eabi/9.2.1/../../../../arm-none-eabi/lib/thumb/v7e-m+fp/hard\libc_nano.a(lib_a-cxa_atexit.o) (__on_exit_args)
c:/ti/gcc_arm_none_eabi_9_2_1/bin/../lib/gcc/arm-none-eabi/9.2.1/../../../../arm-none-eabi/lib/thumb/v7e-m+fp/hard\libc_nano.a(lib_a-signal.o)
                              c:/ti/gcc_arm_none_eabi_9_2_1/bin/../lib/gcc/arm-none-eabi/9.2.1/../../../../arm-none-eabi/lib/thumb/v7e-m+fp/hard\libc_nano.a(lib_a-abort.o) (raise)
[...]
Memory Configuration

Name             Origin             Length             Attributes
FLASH            0x00000000         0x00100000         xr
SRAM             0x20000000         0x00040000         xw
*default*        0x00000000         0xffffffff

Linker script and memory map

LOAD c:/ti/gcc_arm_none_eabi_9_2_1/bin/../lib/gcc/arm-none-eabi/9.2.1/thumb/v7e-m+fp/hard/crti.o
LOAD c:/ti/gcc_arm_none_eabi_9_2_1/bin/../lib/gcc/arm-none-eabi/9.2.1/thumb/v7e-m+fp/hard/crtbegin.o
LOAD c:/ti/gcc_arm_none_eabi_9_2_1/bin/../lib/gcc/arm-none-eabi/9.2.1/../../../../arm-none-eabi/lib/thumb/v7e-m+fp/hard/crt0.o
LOAD ./system_msp432e401y.o
LOAD ./uart_echo.o
LOAD ./DataLink/Adapters/dbadabter.o
LOAD ./DataLink/Adapters/transportaddabter.o
LOAD ./DataLink/Notifiers/LinNotifier.o
LOAD ./DataLink/States/LinStates/DispatchingAndHandling.o
LOAD ./DataLink/States/LinStates/Init.o
LOAD ./DataLink/States/LinStates/LinConnection.o
LOAD ./DataLink/States/LinStates/Master.o
LOAD ./DataLink/States/LinStates/ReceivingBreak.o
LOAD ./DataLink/States/LinStates/ReceivingHeader.o
LOAD ./DataLink/States/LinStates/SendingBreak.o
LOAD ./DataLink/States/LinStates/SendingHeader.o
LOAD ./DataLink/States/LinStates/Validating.o
LOAD ./DataLink/communication/LinConnectionHandler.o
LOAD ./DataLink/communication/LinFrameDespatcher.o
LOAD ./DataLink/initializer/Lin.o
LOAD ./DataLink/serializtion/headerdeserializer.o
LOAD ./DataLink/serializtion/headerserializer.o
LOAD ./DataLink/serializtion/responsedeserializer.o
LOAD ./DataLink/serializtion/responseserializer.o
LOAD ./DataLink/validators/ClassicalValidator.o
LOAD ./DataLink/validators/InhancedValidator.o
LOAD ./gcc/startup_msp432e401y_gcc.o
LOAD ./main/main.o
LOAD ./msp432_uart_transport/msp432_uart_transport.o
LOAD ./storage/MasterDb/MasterDb.o
LOAD ./storage/db/LINDataBase.o
LOAD ./storage/db/db.o
LOAD ./utils/checksum.o
                0x00000000                PROVIDE (_intvecs_base_address = DEFINED (_intvecs_base_address)?_intvecs_base_address:0x0)

.intvecs        0x00000000      0x208
 *(.intvecs)
 .intvecs       0x00000000      0x208 ./gcc/startup_msp432e401y_gcc.o
                0x00000000                interruptVectors
                0x20000000                PROVIDE (_vtable_base_address = DEFINED (_vtable_base_address)?_vtable_base_address:0x20000000)

.vtable
 *(.vtable)

.text           0x00000208     0x4b58
 CREATE_OBJECT_SYMBOLS
 *(.text)
 .text          0x00000208        0x0 c:/ti/gcc_arm_none_eabi_9_2_1/bin/../lib/gcc/arm-none-eabi/9.2.1/thumb/v7e-m+fp/hard/crti.o
 .text          0x00000208       0x40 c:/ti/gcc_arm_none_eabi_9_2_1/bin/../lib/gcc/arm-none-eabi/9.2.1/thumb/v7e-m+fp/hard/crtbegin.o
 .text          0x00000248       0x74 c:/ti/gcc_arm_none_eabi_9_2_1/bin/../lib/gcc/arm-none-eabi/9.2.1/../../../../arm-none-eabi/lib/thumb/v7e-m+fp/hard/crt0.o
                0x00000248                _start
                0x00000248                _mainCRTStartup
 .text          0x000002bc        0x0 ./system_msp432e401y.o
 .text          0x000002bc        0x0 ./uart_echo.o
 .text          0x000002bc        0x0 ./DataLink/Adapters/dbadabter.o
 .text          0x000002bc        0x0 ./DataLink/Adapters/transportaddabter.o
 .text          0x000002bc        0x0 ./DataLink/Notifiers/LinNotifier.o
 .text          0x000002bc        0x0 ./DataLink/States/LinStates/DispatchingAndHandling.o
 .text          0x000002bc        0x0 ./DataLink/States/LinStates/Init.o
 .text          0x000002bc        0x0 ./DataLink/States/LinStates/LinConnection.o
 .text          0x000002bc        0x0 ./DataLink/States/LinStates/Master.o
 .text          0x000002bc        0x0 ./DataLink/States/LinStates/ReceivingBreak.o
 .text          0x000002bc        0x0 ./DataLink/States/LinStates/ReceivingHeader.o
 .text          0x000002bc        0x0 ./DataLink/States/LinStates/SendingBreak.o
 .text          0x000002bc        0x0 ./DataLink/States/LinStates/SendingHeader.o
 .text          0x000002bc        0x0 ./DataLink/States/LinStates/Validating.o
 .text          0x000002bc        0x0 ./DataLink/communication/LinConnectionHandler.o
 .text          0x000002bc        0x0 ./DataLink/communication/LinFrameDespatcher.o
 .text          0x000002bc        0x0 ./DataLink/initializer/Lin.o
 .text          0x000002bc        0x0 ./DataLink/serializtion/headerdeserializer.o
 .text          0x000002bc        0x0 ./DataLink/serializtion/headerserializer.o
 .text          0x000002bc        0x0 ./DataLink/serializtion/responsedeserializer.o
 .text          0x000002bc        0x0 ./DataLink/serializtion/responseserializer.o
 .text          0x000002bc        0x0 ./DataLink/validators/ClassicalValidator.o
 .text          0x000002bc        0x0 ./DataLink/validators/InhancedValidator.o
 .text          0x000002bc        0x0 ./gcc/startup_msp432e401y_gcc.o
 .text          0x000002bc        0x0 ./main/main.o
 .text          0x000002bc        0x0 ./msp432_uart_transport/msp432_uart_transport.o
 .text          0x000002bc        0x0 ./storage/MasterDb/MasterDb.o
 .text          0x000002bc        0x0 ./storage/db/LINDataBase.o
 .text          0x000002bc        0x0 ./storage/db/db.o
 .text          0x000002bc        0x0 ./utils/checksum.o
 .text          0x000002bc        0x0 C:/ti/simplelink_msp432e4_sdk_4_20_00_12/source\ti/devices/msp432e4/driverlib/lib/gcc/m4f/msp432e4_driverlib.a(gpio.o)
 .text          0x000002bc        0x0 C:/ti/simplelink_msp432e4_sdk_4_20_00_12/source\ti/devices/msp432e4/driverlib/lib/gcc/m4f/msp432e4_driverlib.a(interrupt.o)
 .text          0x000002bc        0x0 C:/ti/simplelink_msp432e4_sdk_4_20_00_12/source\ti/devices/msp432e4/driverlib/lib/gcc/m4f/msp432e4_driverlib.a(sysctl.o)
 .text          0x000002bc        0x0 C:/ti/simplelink_msp432e4_sdk_4_20_00_12/source\ti/devices/msp432e4/driverlib/lib/gcc/m4f/msp432e4_driverlib.a(uart.o)
 .text          0x000002bc        0x0 C:/ti/simplelink_msp432e4_sdk_4_20_00_12/source\ti/devices/msp432e4/driverlib/lib/gcc/m4f/msp432e4_driverlib.a(cpu.o)
 .text          0x000002bc      0x9b8 c:/ti/gcc_arm_none_eabi_9_2_1/bin/../lib/gcc/arm-none-eabi/9.2.1/thumb/v7e-m+fp/hard\libgcc.a(unwind-arm.o)
                0x00000564                _Unwind_GetCFA
                0x00000568                __gnu_Unwind_RaiseException
                0x000005c8                __gnu_Unwind_ForcedUnwind
                0x000005dc                __gnu_Unwind_Resume
                0x00000620                __gnu_Unwind_Resume_or_Rethrow
                0x00000630                _Unwind_Complete
                0x00000634                _Unwind_DeleteException
                0x00000640                _Unwind_VRS_Get
                0x00000688                _Unwind_VRS_Set
                0x000006d0                __gnu_Unwind_Backtrace
                0x000009f0                __aeabi_unwind_cpp_pr0
                0x000009f4                __aeabi_unwind_cpp_pr1
                0x000009f8                __aeabi_unwind_cpp_pr2
                0x000009fc                _Unwind_VRS_Pop
 .text          0x00000c74      0x1ac c:/ti/gcc_arm_none_eabi_9_2_1/bin/../lib/gcc/arm-none-eabi/9.2.1/thumb/v7e-m+fp/hard\libgcc.a(libunwind.o)
                0x00000c74                __restore_core_regs
                0x00000c74                restore_core_regs
                0x00000c8c                __gnu_Unwind_Restore_VFP
                0x00000c94                __gnu_Unwind_Save_VFP
                0x00000c9c                __gnu_Unwind_Restore_VFP_D
                0x00000ca4                __gnu_Unwind_Save_VFP_D
                0x00000cac                __gnu_Unwind_Restore_VFP_D_16_to_31
                0x00000cb4                __gnu_Unwind_Save_VFP_D_16_to_31
                0x00000cbc                __gnu_Unwind_Restore_WMMXD
                0x00000d00                __gnu_Unwind_Save_WMMXD
                0x00000d44                __gnu_Unwind_Restore_WMMXC
                0x00000d58                __gnu_Unwind_Save_WMMXC
                0x00000d6c                ___Unwind_RaiseException
                0x00000d6c                _Unwind_RaiseException
                0x00000d90                _Unwind_Resume
                0x00000d90                ___Unwind_Resume
                0x00000db4                _Unwind_Resume_or_Rethrow
                0x00000db4                ___Unwind_Resume_or_Rethrow
                0x00000dd8                _Unwind_ForcedUnwind
                0x00000dd8                ___Unwind_ForcedUnwind
                0x00000dfc                ___Unwind_Backtrace
                0x00000dfc                _Unwind_Backtrace
 .text          0x00000e20      0x340 c:/ti/gcc_arm_none_eabi_9_2_1/bin/../lib/gcc/arm-none-eabi/9.2.1/thumb/v7e-m+fp/hard\libgcc.a(pr-support.o)
                0x00000e78                __gnu_unwind_execute
                0x00001114                __gnu_unwind_frame
                0x00001140                _Unwind_GetRegionStart
                0x0000114c                _Unwind_GetLanguageSpecificData
 .text          0x00001160        0x0 c:/ti/gcc_arm_none_eabi_9_2_1/bin/../lib/gcc/arm-none-eabi/9.2.1/../../../../arm-none-eabi/lib/thumb/v7e-m+fp/hard\libc_nano.a(lib_a-abort.o)
 .text          0x00001160        0x0 c:/ti/gcc_arm_none_eabi_9_2_1/bin/../lib/gcc/arm-none-eabi/9.2.1/../../../../arm-none-eabi/lib/thumb/v7e-m+fp/hard\libc_nano.a(lib_a-aeabi_atexit.o)
 .text          0x00001160        0x0 c:/ti/gcc_arm_none_eabi_9_2_1/bin/../lib/gcc/arm-none-eabi/9.2.1/../../../../arm-none-eabi/lib/thumb/v7e-m+fp/hard\libc_nano.a(lib_a-cxa_atexit.o)
 .text          0x00001160        0x0 c:/ti/gcc_arm_none_eabi_9_2_1/bin/../lib/gcc/arm-none-eabi/9.2.1/../../../../arm-none-eabi/lib/thumb/v7e-m+fp/hard\libc_nano.a(lib_a-exit.o)
 .text          0x00001160        0x0 c:/ti/gcc_arm_none_eabi_9_2_1/bin/../lib/gcc/arm-none-eabi/9.2.1/../../../../arm-none-eabi/lib/thumb/v7e-m+fp/hard\libc_nano.a(lib_a-impure.o)
 .text          0x00001160        0x0 c:/ti/gcc_arm_none_eabi_9_2_1/bin/../lib/gcc/arm-none-eabi/9.2.1/../../../../arm-none-eabi/lib/thumb/v7e-m+fp/hard\libc_nano.a(lib_a-init.o)
 .text          0x00001160        0x0 c:/ti/gcc_arm_none_eabi_9_2_1/bin/../lib/gcc/arm-none-eabi/9.2.1/../../../../arm-none-eabi/lib/thumb/v7e-m+fp/hard\libc_nano.a(lib_a-memcpy-stub.o)
 .text          0x00001160        0x0 c:/ti/gcc_arm_none_eabi_9_2_1/bin/../lib/gcc/arm-none-eabi/9.2.1/../../../../arm-none-eabi/lib/thumb/v7e-m+fp/hard\libc_nano.a(lib_a-memset.o)
 .text          0x00001160        0x0 c:/ti/gcc_arm_none_eabi_9_2_1/bin/../lib/gcc/arm-none-eabi/9.2.1/../../../../arm-none-eabi/lib/thumb/v7e-m+fp/hard\libc_nano.a(lib_a-on_exit_args.o)
 .text          0x00001160        0x0 c:/ti/gcc_arm_none_eabi_9_2_1/bin/../lib/gcc/arm-none-eabi/9.2.1/../../../../arm-none-eabi/lib/thumb/v7e-m+fp/hard\libc_nano.a(lib_a-signal.o)
 .text          0x00001160        0x0 c:/ti/gcc_arm_none_eabi_9_2_1/bin/../lib/gcc/arm-none-eabi/9.2.1/../../../../arm-none-eabi/lib/thumb/v7e-m+fp/hard\libc_nano.a(lib_a-signalr.o)
 .text          0x00001160        0x0 c:/ti/gcc_arm_none_eabi_9_2_1/bin/../lib/gcc/arm-none-eabi/9.2.1/../../../../arm-none-eabi/lib/thumb/v7e-m+fp/hard\libc_nano.a(lib_a-nano-mallocr.o)
 .text          0x00001160        0x0 c:/ti/gcc_arm_none_eabi_9_2_1/bin/../lib/gcc/arm-none-eabi/9.2.1/../../../../arm-none-eabi/lib/thumb/v7e-m+fp/hard\libc_nano.a(lib_a-reent.o)
 .text          0x00001160        0x0 c:/ti/gcc_arm_none_eabi_9_2_1/bin/../lib/gcc/arm-none-eabi/9.2.1/../../../../arm-none-eabi/lib/thumb/v7e-m+fp/hard\libc_nano.a(lib_a-sbrkr.o)
 .text          0x00001160        0x0 c:/ti/gcc_arm_none_eabi_9_2_1/bin/../lib/gcc/arm-none-eabi/9.2.1/../../../../arm-none-eabi/lib/thumb/v7e-m+fp/hard\libc_nano.a(lib_a-mlock.o)
 .text          0x00001160        0x0 c:/ti/gcc_arm_none_eabi_9_2_1/bin/../lib/gcc/arm-none-eabi/9.2.1/../../../../arm-none-eabi/lib/thumb/v7e-m+fp/hard\libc_nano.a(lib_a-nano-freer.o)
 .text          0x00001160        0x0 c:/ti/gcc_arm_none_eabi_9_2_1/bin/../lib/gcc/arm-none-eabi/9.2.1/../../../../arm-none-eabi/lib/thumb/v7e-m+fp/hard\libc_nano.a(lib_a-lock.o)
 .text          0x00001160        0x0 c:/ti/gcc_arm_none_eabi_9_2_1/bin/../lib/gcc/arm-none-eabi/9.2.1/../../../../arm-none-eabi/lib/thumb/v7e-m+fp/hard\libnosys.a(getpid.o)
 .text          0x00001160        0x0 c:/ti/gcc_arm_none_eabi_9_2_1/bin/../lib/gcc/arm-none-eabi/9.2.1/../../../../arm-none-eabi/lib/thumb/v7e-m+fp/hard\libnosys.a(kill.o)
 .text          0x00001160        0x0 c:/ti/gcc_arm_none_eabi_9_2_1/bin/../lib/gcc/arm-none-eabi/9.2.1/../../../../arm-none-eabi/lib/thumb/v7e-m+fp/hard\libnosys.a(sbrk.o)
 .text          0x00001160        0x0 c:/ti/gcc_arm_none_eabi_9_2_1/bin/../lib/gcc/arm-none-eabi/9.2.1/../../../../arm-none-eabi/lib/thumb/v7e-m+fp/hard\libnosys.a(_exit.o)
 .text          0x00001160        0x0 c:/ti/gcc_arm_none_eabi_9_2_1/bin/../lib/gcc/arm-none-eabi/9.2.1/../../../../arm-none-eabi/lib/thumb/v7e-m+fp/hard\libstdc++_nano.a(class_type_info.o)
 .text          0x00001160        0x0 c:/ti/gcc_arm_none_eabi_9_2_1/bin/../lib/gcc/arm-none-eabi/9.2.1/../../../../arm-none-eabi/lib/thumb/v7e-m+fp/hard\libstdc++_nano.a(del_ops.o)
 .text          0x00001160        0x0 c:/ti/gcc_arm_none_eabi_9_2_1/bin/../lib/gcc/arm-none-eabi/9.2.1/../../../../arm-none-eabi/lib/thumb/v7e-m+fp/hard\libstdc++_nano.a(eh_arm.o)
 .text          0x00001160        0x0 c:/ti/gcc_arm_none_eabi_9_2_1/bin/../lib/gcc/arm-none-eabi/9.2.1/../../../../arm-none-eabi/lib/thumb/v7e-m+fp/hard\libstdc++_nano.a(eh_exception.o)
 .text          0x00001160        0x0 c:/ti/gcc_arm_none_eabi_9_2_1/bin/../lib/gcc/arm-none-eabi/9.2.1/../../../../arm-none-eabi/lib/thumb/v7e-m+fp/hard\libstdc++_nano.a(eh_globals.o)
 .text          0x00001160        0x0 c:/ti/gcc_arm_none_eabi_9_2_1/bin/../lib/gcc/arm-none-eabi/9.2.1/../../../../arm-none-eabi/lib/thumb/v7e-m+fp/hard\libstdc++_nano.a(eh_personality.o)
 .text          0x00001160        0x0 c:/ti/gcc_arm_none_eabi_9_2_1/bin/../lib/gcc/arm-none-eabi/9.2.1/../../../../arm-none-eabi/lib/thumb/v7e-m+fp/hard\libstdc++_nano.a(eh_terminate.o)
 .text          0x00001160        0x0 c:/ti/gcc_arm_none_eabi_9_2_1/bin/../lib/gcc/arm-none-eabi/9.2.1/../../../../arm-none-eabi/lib/thumb/v7e-m+fp/hard\libstdc++_nano.a(eh_unex_handler.o)
 .text          0x00001160        0x0 c:/ti/gcc_arm_none_eabi_9_2_1/bin/../lib/gcc/arm-none-eabi/9.2.1/../../../../arm-none-eabi/lib/thumb/v7e-m+fp/hard\libstdc++_nano.a(pure.o)
 .text          0x00001160        0x0 c:/ti/gcc_arm_none_eabi_9_2_1/bin/../lib/gcc/arm-none-eabi/9.2.1/../../../../arm-none-eabi/lib/thumb/v7e-m+fp/hard\libstdc++_nano.a(si_class_type_info.o)
 .text          0x00001160        0x0 c:/ti/gcc_arm_none_eabi_9_2_1/bin/../lib/gcc/arm-none-eabi/9.2.1/../../../../arm-none-eabi/lib/thumb/v7e-m+fp/hard\libstdc++_nano.a(tinfo.o)
 .text          0x00001160        0x0 c:/ti/gcc_arm_none_eabi_9_2_1/bin/../lib/gcc/arm-none-eabi/9.2.1/../../../../arm-none-eabi/lib/thumb/v7e-m+fp/hard\libstdc++_nano.a(vmi_class_type_info.o)
 .text          0x00001160        0x0 c:/ti/gcc_arm_none_eabi_9_2_1/bin/../lib/gcc/arm-none-eabi/9.2.1/../../../../arm-none-eabi/lib/thumb/v7e-m+fp/hard\libstdc++_nano.a(del_op.o)
 .text          0x00001160        0x0 c:/ti/gcc_arm_none_eabi_9_2_1/bin/../lib/gcc/arm-none-eabi/9.2.1/../../../../arm-none-eabi/lib/thumb/v7e-m+fp/hard\libstdc++_nano.a(eh_call.o)
 .text          0x00001160        0x0 c:/ti/gcc_arm_none_eabi_9_2_1/bin/../lib/gcc/arm-none-eabi/9.2.1/../../../../arm-none-eabi/lib/thumb/v7e-m+fp/hard\libstdc++_nano.a(eh_catch.o)
 .text          0x00001160        0x0 c:/ti/gcc_arm_none_eabi_9_2_1/bin/../lib/gcc/arm-none-eabi/9.2.1/../../../../arm-none-eabi/lib/thumb/v7e-m+fp/hard\libstdc++_nano.a(eh_term_handler.o)
 .text          0x00001160        0x0 c:/ti/gcc_arm_none_eabi_9_2_1/bin/../lib/gcc/arm-none-eabi/9.2.1/../../../../arm-none-eabi/lib/thumb/v7e-m+fp/hard\libg_nano.a(lib_a-malloc.o)
 .text          0x00001160       0x14 c:/ti/gcc_arm_none_eabi_9_2_1/bin/../lib/gcc/arm-none-eabi/9.2.1/../../../../arm-none-eabi/lib/thumb/v7e-m+fp/hard\libg_nano.a(lib_a-strcmp.o)
                0x00001160                strcmp
 .text          0x00001174        0x0 c:/ti/gcc_arm_none_eabi_9_2_1/bin/../lib/gcc/arm-none-eabi/9.2.1/thumb/v7e-m+fp/hard/crtend.o
 .text          0x00001174        0x0 c:/ti/gcc_arm_none_eabi_9_2_1/bin/../lib/gcc/arm-none-eabi/9.2.1/thumb/v7e-m+fp/hard/crtn.o
 *(.text.*)
 .text.SystemInit
                0x00001174       0x30 ./system_msp432e401y.o
                0x00001174                SystemInit
 .text._ZN22AbstractStorageAdabterC2Ev
                0x000011a4       0x20 ./DataLink/Adapters/dbadabter.o
                0x000011a4                AbstractStorageAdabter::AbstractStorageAdabter()
                0x000011a4                AbstractStorageAdabter::AbstractStorageAdabter()
 .text._ZN9DbAdabterC2EP5LinDb
                0x000011c4       0x34 ./DataLink/Adapters/dbadabter.o
                0x000011c4                DbAdabter::DbAdabter(LinDb*)
                0x000011c4                DbAdabter::DbAdabter(LinDb*)
 .text._ZN9DbAdabter7isValidER6header
                0x000011f8       0x4a ./DataLink/Adapters/dbadabter.o
                0x000011f8                DbAdabter::isValid(header&)
 .text._ZN9DbAdabter4saveER6headerR8response
                0x00001242       0x2a ./DataLink/Adapters/dbadabter.o
                0x00001242                DbAdabter::save(header&, response&)
 .text._ZN18ObjectDeserializerI8responseEC2Ev
                0x0000126c       0x20 ./DataLink/Adapters/dbadabter.o
                0x0000126c                ObjectDeserializer<response>::ObjectDeserializer()
                0x0000126c                ObjectDeserializer<response>::ObjectDeserializer()
 .text._ZN18ObjectDeserializerI8responseED2Ev
                0x0000128c       0x20 ./DataLink/Adapters/dbadabter.o
                0x0000128c                ObjectDeserializer<response>::~ObjectDeserializer()
                0x0000128c                ObjectDeserializer<response>::~ObjectDeserializer()
 .text._ZN18ObjectDeserializerI8responseED0Ev
                0x000012ac       0x20 ./DataLink/Adapters/dbadabter.o
                0x000012ac                ObjectDeserializer<response>::~ObjectDeserializer()
 .text._ZN20ResponseDeserializerC2Ev
                0x000012cc       0x24 ./DataLink/Adapters/dbadabter.o
                0x000012cc                ResponseDeserializer::ResponseDeserializer()
                0x000012cc                ResponseDeserializer::ResponseDeserializer()
 .text._ZN9DbAdabter7restoreER6header
                0x000012f0       0x80 ./DataLink/Adapters/dbadabter.o
                0x000012f0                DbAdabter::restore(header&)
 .text._ZN9DbAdabter12responseSizeER6header
                0x00001370       0x32 ./DataLink/Adapters/dbadabter.o
                0x00001370                DbAdabter::responseSize(header&)
 *fill*         0x000013a2        0x2 
 .text._ZN20ResponseDeserializerD2Ev
                0x000013a4       0x24 ./DataLink/Adapters/dbadabter.o
                0x000013a4                ResponseDeserializer::~ResponseDeserializer()
                0x000013a4                ResponseDeserializer::~ResponseDeserializer()
 .text._ZN20ResponseDeserializerD0Ev
                0x000013c8       0x20 ./DataLink/Adapters/dbadabter.o
                0x000013c8                ResponseDeserializer::~ResponseDeserializer()
 .text._ZN25AbstractTranspoertAdabterC2Ev
                0x000013e8       0x20 ./DataLink/Adapters/transportaddabter.o
                0x000013e8                AbstractTranspoertAdabter::AbstractTranspoertAdabter()
                0x000013e8                AbstractTranspoertAdabter::AbstractTranspoertAdabter()
 .text._ZN25AbstractTranspoertAdabterD2Ev
                0x00001408       0x20 ./DataLink/Adapters/transportaddabter.o
                0x00001408                AbstractTranspoertAdabter::~AbstractTranspoertAdabter()
                0x00001408                AbstractTranspoertAdabter::~AbstractTranspoertAdabter()
 .text._ZN25AbstractTranspoertAdabterD0Ev
                0x00001428       0x20 ./DataLink/Adapters/transportaddabter.o
                0x00001428                AbstractTranspoertAdabter::~AbstractTranspoertAdabter()
 .text._ZN16TransportAdapterC2EP19AbstractedTransport
                0x00001448       0x34 ./DataLink/Adapters/transportaddabter.o
                0x00001448                TransportAdapter::TransportAdapter(AbstractedTransport*)
                0x00001448                TransportAdapter::TransportAdapter(AbstractedTransport*)
 .text._ZN16TransportAdapter4InitEv
                0x0000147c       0x20 ./DataLink/Adapters/transportaddabter.o
                0x0000147c                TransportAdapter::Init()
 .text._ZN16ObjectSerializerI6headerEC2Ev
                0x0000149c       0x20 ./DataLink/Adapters/transportaddabter.o
                0x0000149c                ObjectSerializer<header>::ObjectSerializer()
                0x0000149c                ObjectSerializer<header>::ObjectSerializer()
 .text._ZN16ObjectSerializerI6headerED2Ev
                0x000014bc       0x20 ./DataLink/Adapters/transportaddabter.o
                0x000014bc                ObjectSerializer<header>::~ObjectSerializer()
                0x000014bc                ObjectSerializer<header>::~ObjectSerializer()
 .text._ZN16ObjectSerializerI6headerED0Ev
                0x000014dc       0x20 ./DataLink/Adapters/transportaddabter.o
                0x000014dc                ObjectSerializer<header>::~ObjectSerializer()
 .text._ZN16HeaderSerializerC2Ev
                0x000014fc       0x24 ./DataLink/Adapters/transportaddabter.o
                0x000014fc                HeaderSerializer::HeaderSerializer()
                0x000014fc                HeaderSerializer::HeaderSerializer()
 .text._ZN16TransportAdapter4sendER6header
                0x00001520       0x72 ./DataLink/Adapters/transportaddabter.o
                0x00001520                TransportAdapter::send(header&)
 *fill*         0x00001592        0x2 
 .text._ZN16ObjectSerializerI8responseEC2Ev
                0x00001594       0x20 ./DataLink/Adapters/transportaddabter.o
                0x00001594                ObjectSerializer<response>::ObjectSerializer()
                0x00001594                ObjectSerializer<response>::ObjectSerializer()
 .text._ZN16ObjectSerializerI8responseED2Ev
                0x000015b4       0x20 ./DataLink/Adapters/transportaddabter.o
                0x000015b4                ObjectSerializer<response>::~ObjectSerializer()
                0x000015b4                ObjectSerializer<response>::~ObjectSerializer()
 .text._ZN16ObjectSerializerI8responseED0Ev
                0x000015d4       0x20 ./DataLink/Adapters/transportaddabter.o
                0x000015d4                ObjectSerializer<response>::~ObjectSerializer()
 .text._ZN18ResponseSerializerC2Ev
                0x000015f4       0x24 ./DataLink/Adapters/transportaddabter.o
                0x000015f4                ResponseSerializer::ResponseSerializer()
                0x000015f4                ResponseSerializer::ResponseSerializer()
 .text._ZN16TransportAdapter4sendER8response
                0x00001618       0x64 ./DataLink/Adapters/transportaddabter.o
                0x00001618                TransportAdapter::send(response&)
 .text._ZN16TransportAdapter4sendEv
                0x0000167c       0x22 ./DataLink/Adapters/transportaddabter.o
                0x0000167c                TransportAdapter::send()
 .text._ZN16TransportAdapter7receiveER8response
                0x0000169e       0x28 ./DataLink/Adapters/transportaddabter.o
                0x0000169e                TransportAdapter::receive(response&)
 .text._ZN16TransportAdapter7receiveER6header
                0x000016c6       0x26 ./DataLink/Adapters/transportaddabter.o
                0x000016c6                TransportAdapter::receive(header&)
 .text._ZN16TransportAdapter12setTxHandlerEPFvPvES0_
                0x000016ec       0x28 ./DataLink/Adapters/transportaddabter.o
                0x000016ec                TransportAdapter::setTxHandler(void (*)(void*), void*)
 .text._ZN16TransportAdapter12setRxHandlerEPFvPvES0_
                0x00001714       0x28 ./DataLink/Adapters/transportaddabter.o
                0x00001714                TransportAdapter::setRxHandler(void (*)(void*), void*)
 .text._ZN16TransportAdapter18setBreakingHandlerEPFvPvES0_
                0x0000173c       0x28 ./DataLink/Adapters/transportaddabter.o
                0x0000173c                TransportAdapter::setBreakingHandler(void (*)(void*), void*)
 .text._ZN16TransportAdapter9DisableRxEv
                0x00001764       0x22 ./DataLink/Adapters/transportaddabter.o
                0x00001764                TransportAdapter::DisableRx()
 .text._ZN16TransportAdapter9DisableTxEv
                0x00001786       0x22 ./DataLink/Adapters/transportaddabter.o
                0x00001786                TransportAdapter::DisableTx()
 .text._ZN16TransportAdapter4sendEh
                0x000017a8       0x28 ./DataLink/Adapters/transportaddabter.o
                0x000017a8                TransportAdapter::send(unsigned char)
 .text._ZN16TransportAdapter7receiveEPh
                0x000017d0       0x26 ./DataLink/Adapters/transportaddabter.o
                0x000017d0                TransportAdapter::receive(unsigned char*)
 *fill*         0x000017f6        0x2 
 .text._ZN16TransportAdapterD2Ev
                0x000017f8       0x24 ./DataLink/Adapters/transportaddabter.o
                0x000017f8                TransportAdapter::~TransportAdapter()
                0x000017f8                TransportAdapter::~TransportAdapter()
 .text._ZN16TransportAdapterD0Ev
                0x0000181c       0x20 ./DataLink/Adapters/transportaddabter.o
                0x0000181c                TransportAdapter::~TransportAdapter()
 .text._ZN16HeaderSerializerD2Ev
                0x0000183c       0x24 ./DataLink/Adapters/transportaddabter.o
                0x0000183c                HeaderSerializer::~HeaderSerializer()
                0x0000183c                HeaderSerializer::~HeaderSerializer()
 .text._ZN16HeaderSerializerD0Ev
                0x00001860       0x20 ./DataLink/Adapters/transportaddabter.o
                0x00001860                HeaderSerializer::~HeaderSerializer()
 .text._ZN18ResponseSerializerD2Ev
                0x00001880       0x24 ./DataLink/Adapters/transportaddabter.o
                0x00001880                ResponseSerializer::~ResponseSerializer()
                0x00001880                ResponseSerializer::~ResponseSerializer()
 .text._ZN18ResponseSerializerD0Ev
                0x000018a4       0x20 ./DataLink/Adapters/transportaddabter.o
                0x000018a4                ResponseSerializer::~ResponseSerializer()
 .text._ZN8NotifierD2Ev
                0x000018c4       0x20 ./DataLink/Notifiers/LinNotifier.o
                0x000018c4                Notifier::~Notifier()
                0x000018c4                Notifier::~Notifier()
 .text._ZN8NotifierD0Ev
                0x000018e4       0x20 ./DataLink/Notifiers/LinNotifier.o
                0x000018e4                Notifier::~Notifier()
 .text._ZN10LinsStatesC2Ev
                0x00001904       0x20 ./DataLink/Notifiers/LinNotifier.o
                0x00001904                LinsStates::LinsStates()
                0x00001904                LinsStates::LinsStates()
 .text._ZN10LinsStatesD2Ev
                0x00001924       0x20 ./DataLink/Notifiers/LinNotifier.o
                0x00001924                LinsStates::~LinsStates()
                0x00001924                LinsStates::~LinsStates()
 .text._ZN10LinsStatesD0Ev
                0x00001944       0x20 ./DataLink/Notifiers/LinNotifier.o
                0x00001944                LinsStates::~LinsStates()
 .text._ZN22DispatchingAndHandlingC2Ev
                0x00001964       0x2c ./DataLink/Notifiers/LinNotifier.o
                0x00001964                DispatchingAndHandling::DispatchingAndHandling()
                0x00001964                DispatchingAndHandling::DispatchingAndHandling()
 .text._ZN22DispatchingAndHandling11getInstanceEv
                0x00001990       0x3c ./DataLink/Notifiers/LinNotifier.o
                0x00001990                DispatchingAndHandling::getInstance()
 .text._ZN14ReceivingBreakC2Ev
                0x000019cc       0x2c ./DataLink/Notifiers/LinNotifier.o
                0x000019cc                ReceivingBreak::ReceivingBreak()
                0x000019cc                ReceivingBreak::ReceivingBreak()
 .text._ZN14ReceivingBreak11getInstanceEv
                0x000019f8       0x3c ./DataLink/Notifiers/LinNotifier.o
                0x000019f8                ReceivingBreak::getInstance()
 .text._ZN15ReceivingHeaderC2Ev
                0x00001a34       0x2c ./DataLink/Notifiers/LinNotifier.o
                0x00001a34                ReceivingHeader::ReceivingHeader()
                0x00001a34                ReceivingHeader::ReceivingHeader()
 .text._ZN15ReceivingHeader11getInstanceEv
                0x00001a60       0x3c ./DataLink/Notifiers/LinNotifier.o
                0x00001a60                ReceivingHeader::getInstance()
 .text._ZN10ValidatingC2Ev
                0x00001a9c       0x24 ./DataLink/Notifiers/LinNotifier.o
                0x00001a9c                Validating::Validating()
                0x00001a9c                Validating::Validating()
 .text._ZN10Validating11getInstanceEv
                0x00001ac0       0x3c ./DataLink/Notifiers/LinNotifier.o
                0x00001ac0                Validating::getInstance()
 .text._ZN4InitC2Ev
                0x00001afc       0x24 ./DataLink/Notifiers/LinNotifier.o
                0x00001afc                Init::Init()
                0x00001afc                Init::Init()
 .text._ZN4Init11getInstanceEv
                0x00001b20       0x3c ./DataLink/Notifiers/LinNotifier.o
                0x00001b20                Init::getInstance()
 .text._ZN12SendingBreakC2Ev
                0x00001b5c       0x24 ./DataLink/Notifiers/LinNotifier.o
                0x00001b5c                SendingBreak::SendingBreak()
                0x00001b5c                SendingBreak::SendingBreak()
 .text._ZN12SendingBreak11getInstanceEv
                0x00001b80       0x3c ./DataLink/Notifiers/LinNotifier.o
                0x00001b80                SendingBreak::getInstance()
 .text._ZN13SendingHeaderC2Ev
                0x00001bbc       0x24 ./DataLink/Notifiers/LinNotifier.o
                0x00001bbc                SendingHeader::SendingHeader()
                0x00001bbc                SendingHeader::SendingHeader()
 .text._ZN13SendingHeader11getInstanceEv
                0x00001be0       0x3c ./DataLink/Notifiers/LinNotifier.o
                0x00001be0                SendingHeader::getInstance()
 .text._ZN6MasterC2Ev
                0x00001c1c       0x24 ./DataLink/Notifiers/LinNotifier.o
                0x00001c1c                Master::Master()
                0x00001c1c                Master::Master()
 .text._ZN6Master11getInstanceEv
                0x00001c40       0x3c ./DataLink/Notifiers/LinNotifier.o
                0x00001c40                Master::getInstance()
 .text._ZN9RNotifier6notifyEP13LinConnection
                0x00001c7c      0x154 ./DataLink/Notifiers/LinNotifier.o
                0x00001c7c                RNotifier::notify(LinConnection*)
 .text._ZN9RNotifierD2Ev
                0x00001dd0       0x24 ./DataLink/Notifiers/LinNotifier.o
                0x00001dd0                RNotifier::~RNotifier()
                0x00001dd0                RNotifier::~RNotifier()
 .text._ZN9RNotifierD0Ev
                0x00001df4       0x20 ./DataLink/Notifiers/LinNotifier.o
                0x00001df4                RNotifier::~RNotifier()
 .text._ZN22DispatchingAndHandlingD2Ev
                0x00001e14       0x24 ./DataLink/Notifiers/LinNotifier.o
                0x00001e14                DispatchingAndHandling::~DispatchingAndHandling()
                0x00001e14                DispatchingAndHandling::~DispatchingAndHandling()
 .text._ZN22DispatchingAndHandlingD0Ev
                0x00001e38       0x20 ./DataLink/Notifiers/LinNotifier.o
                0x00001e38                DispatchingAndHandling::~DispatchingAndHandling()
 .text._ZN14ReceivingBreakD2Ev
                0x00001e58       0x24 ./DataLink/Notifiers/LinNotifier.o
                0x00001e58                ReceivingBreak::~ReceivingBreak()
                0x00001e58                ReceivingBreak::~ReceivingBreak()
 .text._ZN14ReceivingBreakD0Ev
                0x00001e7c       0x20 ./DataLink/Notifiers/LinNotifier.o
                0x00001e7c                ReceivingBreak::~ReceivingBreak()
 .text._ZN15ReceivingHeaderD2Ev
                0x00001e9c       0x24 ./DataLink/Notifiers/LinNotifier.o
                0x00001e9c                ReceivingHeader::~ReceivingHeader()
                0x00001e9c                ReceivingHeader::~ReceivingHeader()
 .text._ZN15ReceivingHeaderD0Ev
                0x00001ec0       0x20 ./DataLink/Notifiers/LinNotifier.o
                0x00001ec0                ReceivingHeader::~ReceivingHeader()
 .text._ZN10ValidatingD2Ev
                0x00001ee0       0x24 ./DataLink/Notifiers/LinNotifier.o
                0x00001ee0                Validating::~Validating()
                0x00001ee0                Validating::~Validating()
 .text._ZN10ValidatingD0Ev
                0x00001f04       0x20 ./DataLink/Notifiers/LinNotifier.o
                0x00001f04                Validating::~Validating()
 .text._ZN4InitD2Ev
                0x00001f24       0x24 ./DataLink/Notifiers/LinNotifier.o
                0x00001f24                Init::~Init()
                0x00001f24                Init::~Init()
 .text._ZN4InitD0Ev
                0x00001f48       0x20 ./DataLink/Notifiers/LinNotifier.o
                0x00001f48                Init::~Init()
 .text._ZN12SendingBreakD2Ev
                0x00001f68       0x24 ./DataLink/Notifiers/LinNotifier.o
                0x00001f68                SendingBreak::~SendingBreak()
                0x00001f68                SendingBreak::~SendingBreak()
 .text._ZN12SendingBreakD0Ev
                0x00001f8c       0x20 ./DataLink/Notifiers/LinNotifier.o
                0x00001f8c                SendingBreak::~SendingBreak()
 .text._ZN13SendingHeaderD2Ev
                0x00001fac       0x24 ./DataLink/Notifiers/LinNotifier.o
                0x00001fac                SendingHeader::~SendingHeader()
                0x00001fac                SendingHeader::~SendingHeader()
 .text._ZN13SendingHeaderD0Ev
                0x00001fd0       0x20 ./DataLink/Notifiers/LinNotifier.o
                0x00001fd0                SendingHeader::~SendingHeader()
 .text._ZN6MasterD2Ev
                0x00001ff0       0x24 ./DataLink/Notifiers/LinNotifier.o
                0x00001ff0                Master::~Master()
                0x00001ff0                Master::~Master()
 .text._ZN6MasterD0Ev
                0x00002014       0x20 ./DataLink/Notifiers/LinNotifier.o
                0x00002014                Master::~Master()
 .text._Z7HandlerP22DispatchingAndHandling
                0x00002034       0x2a ./DataLink/States/LinStates/DispatchingAndHandling.o
                0x00002034                Handler(DispatchingAndHandling*)
 .text._Z30handleReceivingResponseWrapperPv
                0x0000205e       0x16 ./DataLink/States/LinStates/DispatchingAndHandling.o
                0x0000205e                handleReceivingResponseWrapper(void*)
 .text._ZN22DispatchingAndHandling6handleEv
                0x00002074       0x40 ./DataLink/States/LinStates/DispatchingAndHandling.o
                0x00002074                DispatchingAndHandling::handle()
 .text._ZN22DispatchingAndHandling3setEP26AbstractedFramedDispatcherP13LinConnectionP25AbstractTranspoertAdabter
                0x000020b4       0x2c ./DataLink/States/LinStates/DispatchingAndHandling.o
                0x000020b4                DispatchingAndHandling::set(AbstractedFramedDispatcher*, LinConnection*, AbstractTranspoertAdabter*)
 .text._ZN4Init6handleEv
                0x000020e0       0x3a ./DataLink/States/LinStates/Init.o
                0x000020e0                Init::handle()
 .text._ZN4Init3setEP13LinConnectionP25AbstractTranspoertAdabter
                0x0000211a       0x24 ./DataLink/States/LinStates/Init.o
                0x0000211a                Init::set(LinConnection*, AbstractTranspoertAdabter*)
 .text._ZN13LinConnection8setStateER10LinsStates
                0x0000213e       0x1c ./DataLink/States/LinStates/LinConnection.o
                0x0000213e                LinConnection::setState(LinsStates&)
 .text._ZN13LinConnection7requestEv
                0x0000215a       0x22 ./DataLink/States/LinStates/LinConnection.o
                0x0000215a                LinConnection::request()
 .text._ZN13LinConnection11getNotifierEv
                0x0000217c       0x18 ./DataLink/States/LinStates/LinConnection.o
                0x0000217c                LinConnection::getNotifier()
 .text._ZN6Master6handleEv
                0x00002194       0x74 ./DataLink/States/LinStates/Master.o
                0x00002194                Master::handle()
 .text._ZN6Master3setEm
                0x00002208       0x1c ./DataLink/States/LinStates/Master.o
                0x00002208                Master::set(unsigned long)
 .text._ZN6Master3setEP13LinConnection
                0x00002224       0x1c ./DataLink/States/LinStates/Master.o
                0x00002224                Master::set(LinConnection*)
 .text._Z7HandlerP14ReceivingBreak
                0x00002240       0x3c ./DataLink/States/LinStates/ReceivingBreak.o
                0x00002240                Handler(ReceivingBreak*)
 .text._Z27handleReceivingBreakWrapperPv
                0x0000227c       0x16 ./DataLink/States/LinStates/ReceivingBreak.o
                0x0000227c                handleReceivingBreakWrapper(void*)
 *fill*         0x00002292        0x2 
 .text._ZN14ReceivingBreak6handleEv
                0x00002294       0x4c ./DataLink/States/LinStates/ReceivingBreak.o
                0x00002294                ReceivingBreak::handle()
 .text._Z7HandlerP15ReceivingHeader
                0x000022e0       0x2a ./DataLink/States/LinStates/ReceivingHeader.o
                0x000022e0                Handler(ReceivingHeader*)
 .text._Z28handleReceivingHeaderWrapperPv
                0x0000230a       0x16 ./DataLink/States/LinStates/ReceivingHeader.o
                0x0000230a                handleReceivingHeaderWrapper(void*)
 .text._ZN15ReceivingHeader6handleEv
                0x00002320       0x40 ./DataLink/States/LinStates/ReceivingHeader.o
                0x00002320                ReceivingHeader::handle()
 .text._ZN12SendingBreak3setEP13LinConnectionP25AbstractTranspoertAdabter
                0x00002360       0x24 ./DataLink/States/LinStates/SendingBreak.o
                0x00002360                SendingBreak::set(LinConnection*, AbstractTranspoertAdabter*)
 .text._ZN12SendingBreak6handleEv
                0x00002384       0x3c ./DataLink/States/LinStates/SendingBreak.o
                0x00002384                SendingBreak::handle()
 .text._ZN13SendingHeader6handleEv
                0x000023c0       0x44 ./DataLink/States/LinStates/SendingHeader.o
                0x000023c0                SendingHeader::handle()
 .text._ZN13SendingHeader3setEP13LinConnectionP25AbstractTranspoertAdabter
                0x00002404       0x24 ./DataLink/States/LinStates/SendingHeader.o
                0x00002404                SendingHeader::set(LinConnection*, AbstractTranspoertAdabter*)
 .text._ZN10Validating6handleEv
                0x00002428       0x60 ./DataLink/States/LinStates/Validating.o
                0x00002428                Validating::handle()
 .text._ZN10Validating3setEP19AbstractedValidatorP13LinConnectionP22AbstractStorageAdabter
                0x00002488       0x2c ./DataLink/States/LinStates/Validating.o
                0x00002488                Validating::set(AbstractedValidator*, LinConnection*, AbstractStorageAdabter*)
 .text._ZN28AbstracterdConnectionHandlerD2Ev
                0x000024b4       0x20 ./DataLink/communication/LinConnectionHandler.o
                0x000024b4                AbstracterdConnectionHandler::~AbstracterdConnectionHandler()
                0x000024b4                AbstracterdConnectionHandler::~AbstracterdConnectionHandler()
 .text._ZN28AbstracterdConnectionHandlerD0Ev
                0x000024d4       0x20 ./DataLink/communication/LinConnectionHandler.o
                0x000024d4                AbstracterdConnectionHandler::~AbstracterdConnectionHandler()
 .text._ZN20LinConnectionHandler6handleER5frame
                0x000024f4      0x100 ./DataLink/communication/LinConnectionHandler.o
                0x000024f4                LinConnectionHandler::handle(frame&)
 .text._ZN20LinConnectionHandler12CanYouHandleER6header
                0x000025f4       0x30 ./DataLink/communication/LinConnectionHandler.o
                0x000025f4                LinConnectionHandler::CanYouHandle(header&)
 .text._ZN20LinConnectionHandlerD2Ev
                0x00002624       0x24 ./DataLink/communication/LinConnectionHandler.o
                0x00002624                LinConnectionHandler::~LinConnectionHandler()
                0x00002624                LinConnectionHandler::~LinConnectionHandler()
 .text._ZN20LinConnectionHandlerD0Ev
                0x00002648       0x20 ./DataLink/communication/LinConnectionHandler.o
                0x00002648                LinConnectionHandler::~LinConnectionHandler()
 .text._ZN26AbstractedFramedDispatcherD2Ev
                0x00002668       0x20 ./DataLink/communication/LinFrameDespatcher.o
                0x00002668                AbstractedFramedDispatcher::~AbstractedFramedDispatcher()
                0x00002668                AbstractedFramedDispatcher::~AbstractedFramedDispatcher()
 .text._ZN26AbstractedFramedDispatcherD0Ev
                0x00002688       0x20 ./DataLink/communication/LinFrameDespatcher.o
                0x00002688                AbstractedFramedDispatcher::~AbstractedFramedDispatcher()
 .text._ZN15FrameDespatcher3setERSt5arrayIP28AbstracterdConnectionHandlerLj1EEP25AbstractTranspoertAdabterP13LinConnection
                0x000026a8       0x4e ./DataLink/communication/LinFrameDespatcher.o
                0x000026a8                FrameDespatcher::set(std::array<AbstracterdConnectionHandler*, 1u>&, AbstractTranspoertAdabter*, LinConnection*)
 .text._ZN15FrameDespatcher8dispatchER5frame
                0x000026f6       0x68 ./DataLink/communication/LinFrameDespatcher.o
                0x000026f6                FrameDespatcher::dispatch(frame&)
 .text._ZNSt5arrayIP28AbstracterdConnectionHandlerLj1EEixEj
                0x0000275e       0x1e ./DataLink/communication/LinFrameDespatcher.o
                0x0000275e                std::array<AbstracterdConnectionHandler*, 1u>::operator[](unsigned int)
 .text._ZNSt5arrayIP28AbstracterdConnectionHandlerLj1EE5beginEv
                0x0000277c       0x18 ./DataLink/communication/LinFrameDespatcher.o
                0x0000277c                std::array<AbstracterdConnectionHandler*, 1u>::begin()
 .text._ZNSt5arrayIP28AbstracterdConnectionHandlerLj1EE3endEv
                0x00002794       0x1a ./DataLink/communication/LinFrameDespatcher.o
                0x00002794                std::array<AbstracterdConnectionHandler*, 1u>::end()
 .text._ZNSt14__array_traitsIP28AbstracterdConnectionHandlerLj1EE6_S_refERA1_KS1_j
                0x000027ae       0x1e ./DataLink/communication/LinFrameDespatcher.o
                0x000027ae                std::__array_traits<AbstracterdConnectionHandler*, 1u>::_S_ref(AbstracterdConnectionHandler* const (&) [1], unsigned int)
 .text._ZNSt5arrayIP28AbstracterdConnectionHandlerLj1EE4dataEv
                0x000027cc       0x1a ./DataLink/communication/LinFrameDespatcher.o
                0x000027cc                std::array<AbstracterdConnectionHandler*, 1u>::data()
 .text._ZNSt14__array_traitsIP28AbstracterdConnectionHandlerLj1EE6_S_ptrERA1_KS1_
                0x000027e6       0x16 ./DataLink/communication/LinFrameDespatcher.o
                0x000027e6                std::__array_traits<AbstracterdConnectionHandler*, 1u>::_S_ptr(AbstracterdConnectionHandler* const (&) [1])
 .text._ZN15FrameDespatcherD2Ev
                0x000027fc       0x24 ./DataLink/communication/LinFrameDespatcher.o
                0x000027fc                FrameDespatcher::~FrameDespatcher()
                0x000027fc                FrameDespatcher::~FrameDespatcher()
 .text._ZN15FrameDespatcherD0Ev
                0x00002820       0x20 ./DataLink/communication/LinFrameDespatcher.o
                0x00002820                FrameDespatcher::~FrameDespatcher()
 .text._ZN13LinConnectionC2EP10LinsStatesP8Notifier
                0x00002840       0x26 ./DataLink/initializer/Lin.o
                0x00002840                LinConnection::LinConnection(LinsStates*, Notifier*)
                0x00002840                LinConnection::LinConnection(LinsStates*, Notifier*)
 *fill*         0x00002866        0x2 
 .text._ZN28AbstracterdConnectionHandlerC2Ev
                0x00002868       0x20 ./DataLink/initializer/Lin.o
                0x00002868                AbstracterdConnectionHandler::AbstracterdConnectionHandler()
                0x00002868                AbstracterdConnectionHandler::AbstracterdConnectionHandler()
 .text._ZN20LinConnectionHandlerC2EP22AbstractStorageAdabterP25AbstractTranspoertAdabterP19AbstractedValidatorP13LinConnection
                0x00002888       0x44 ./DataLink/initializer/Lin.o
                0x00002888                LinConnectionHandler::LinConnectionHandler(AbstractStorageAdabter*, AbstractTranspoertAdabter*, AbstractedValidator*, LinConnection*)
                0x00002888                LinConnectionHandler::LinConnectionHandler(AbstractStorageAdabter*, AbstractTranspoertAdabter*, AbstractedValidator*, LinConnection*)
 .text._ZN26AbstractedFramedDispatcherC2Ev
                0x000028cc       0x20 ./DataLink/initializer/Lin.o
                0x000028cc                AbstractedFramedDispatcher::AbstractedFramedDispatcher()
                0x000028cc                AbstractedFramedDispatcher::AbstractedFramedDispatcher()
 .text._ZN15FrameDespatcherC2Ev
                0x000028ec       0x24 ./DataLink/initializer/Lin.o
                0x000028ec                FrameDespatcher::FrameDespatcher()
                0x000028ec                FrameDespatcher::FrameDespatcher()
 .text._ZN19AbstractedValidatorC2Ev
                0x00002910       0x20 ./DataLink/initializer/Lin.o
                0x00002910                AbstractedValidator::AbstractedValidator()
                0x00002910                AbstractedValidator::AbstractedValidator()
 .text._ZN19AbstractedValidatorD2Ev
                0x00002930       0x20 ./DataLink/initializer/Lin.o
                0x00002930                AbstractedValidator::~AbstractedValidator()
                0x00002930                AbstractedValidator::~AbstractedValidator()
 .text._ZN19AbstractedValidatorD0Ev
                0x00002950       0x20 ./DataLink/initializer/Lin.o
                0x00002950                AbstractedValidator::~AbstractedValidator()
 .text._ZN18ClassicalValidatorC2Ev
                0x00002970       0x24 ./DataLink/initializer/Lin.o
                0x00002970                ClassicalValidator::ClassicalValidator()
                0x00002970                ClassicalValidator::ClassicalValidator()
 .text._ZN8NotifierC2Ev
                0x00002994       0x20 ./DataLink/initializer/Lin.o
                0x00002994                Notifier::Notifier()
                0x00002994                Notifier::Notifier()
 .text._ZN9RNotifierC2Ev
                0x000029b4       0x24 ./DataLink/initializer/Lin.o
                0x000029b4                RNotifier::RNotifier()
                0x000029b4                RNotifier::RNotifier()
 .text._ZN9RNotifier11getInstanceEv
                0x000029d8       0x3c ./DataLink/initializer/Lin.o
                0x000029d8                RNotifier::getInstance()
 .text._ZN3LinC2EP22AbstractStorageAdabterP25AbstractTranspoertAdabter
                0x00002a14      0x106 ./DataLink/initializer/Lin.o
                0x00002a14                Lin::Lin(AbstractStorageAdabter*, AbstractTranspoertAdabter*)
                0x00002a14                Lin::Lin(AbstractStorageAdabter*, AbstractTranspoertAdabter*)
 .text._ZN3Lin5startEv
                0x00002b1a       0x1a ./DataLink/initializer/Lin.o
                0x00002b1a                Lin::start()
 .text._ZN3Lin3runEm
                0x00002b34       0x3e ./DataLink/initializer/Lin.o
                0x00002b34                Lin::run(unsigned long)
 *fill*         0x00002b72        0x2 
 .text._ZN18ClassicalValidatorD2Ev
                0x00002b74       0x24 ./DataLink/initializer/Lin.o
                0x00002b74                ClassicalValidator::~ClassicalValidator()
                0x00002b74                ClassicalValidator::~ClassicalValidator()
 .text._ZN18ClassicalValidatorD0Ev
                0x00002b98       0x20 ./DataLink/initializer/Lin.o
                0x00002b98                ClassicalValidator::~ClassicalValidator()
 .text._ZN18HeaderDeserializer11deserializeEPhh
                0x00002bb8       0x38 ./DataLink/serializtion/headerdeserializer.o
                0x00002bb8                HeaderDeserializer::deserialize(unsigned char*, unsigned char)
 .text._ZN18ObjectDeserializerI6headerED2Ev
                0x00002bf0       0x20 ./DataLink/serializtion/headerdeserializer.o
                0x00002bf0                ObjectDeserializer<header>::~ObjectDeserializer()
                0x00002bf0                ObjectDeserializer<header>::~ObjectDeserializer()
 .text._ZN18ObjectDeserializerI6headerED0Ev
                0x00002c10       0x20 ./DataLink/serializtion/headerdeserializer.o
                0x00002c10                ObjectDeserializer<header>::~ObjectDeserializer()
 .text._ZN18HeaderDeserializerD2Ev
                0x00002c30       0x24 ./DataLink/serializtion/headerdeserializer.o
                0x00002c30                HeaderDeserializer::~HeaderDeserializer()
                0x00002c30                HeaderDeserializer::~HeaderDeserializer()
 .text._ZN18HeaderDeserializerD0Ev
                0x00002c54       0x20 ./DataLink/serializtion/headerdeserializer.o
                0x00002c54                HeaderDeserializer::~HeaderDeserializer()
 .text._ZN16HeaderSerializer9serializeERK6header
                0x00002c74       0x3a ./DataLink/serializtion/headerserializer.o
                0x00002c74                HeaderSerializer::serialize(header const&)
 .text._ZSt7forwardIiEOT_RNSt16remove_referenceIS0_E4typeE
                0x00002cae       0x16 ./DataLink/serializtion/headerserializer.o
                0x00002cae                int&& std::forward<int>(std::remove_reference<int>::type&)
 .text._ZNSt4pairIPhhEC2IiLb1EEERKS0_OT_
                0x00002cc4       0x2e ./DataLink/serializtion/headerserializer.o
                0x00002cc4                std::pair<unsigned char*, unsigned char>::pair<int, true>(unsigned char* const&, int&&)
                0x00002cc4                std::pair<unsigned char*, unsigned char>::pair<int, true>(unsigned char* const&, int&&)
 .text._ZN20ResponseDeserializer11deserializeEPhh
                0x00002cf2       0x44 ./DataLink/serializtion/responsedeserializer.o
                0x00002cf2                ResponseDeserializer::deserialize(unsigned char*, unsigned char)
 .text._ZN18ResponseSerializer9serializeERK8response
                0x00002d36       0x3c ./DataLink/serializtion/responseserializer.o
                0x00002d36                ResponseSerializer::serialize(response const&)
 .text._ZNSt4pairIPhhEC2IS0_hLb1EEERKS0_RKh
                0x00002d72       0x2a ./DataLink/serializtion/responseserializer.o
                0x00002d72                std::pair<unsigned char*, unsigned char>::pair<unsigned char*, unsigned char, true>(unsigned char* const&, unsigned char const&)
                0x00002d72                std::pair<unsigned char*, unsigned char>::pair<unsigned char*, unsigned char, true>(unsigned char* const&, unsigned char const&)
 .text._ZN18ClassicalValidator7isValidER5frame
                0x00002d9c       0x34 ./DataLink/validators/ClassicalValidator.o
                0x00002d9c                ClassicalValidator::isValid(frame&)
 .text._ZN18ClassicalValidator11getCheckSumER5frame
                0x00002dd0       0x24 ./DataLink/validators/ClassicalValidator.o
                0x00002dd0                ClassicalValidator::getCheckSum(frame&)
 .text._ZN17InhancedValidator7isValidER5frame
                0x00002df4       0x76 ./DataLink/validators/InhancedValidator.o
                0x00002df4                InhancedValidator::isValid(frame&)
 .text._ZN17InhancedValidator11getCheckSumER5frame
                0x00002e6a       0x68 ./DataLink/validators/InhancedValidator.o
                0x00002e6a                InhancedValidator::getCheckSum(frame&)
 *fill*         0x00002ed2        0x2 
 .text._ZN17InhancedValidatorD2Ev
                0x00002ed4       0x24 ./DataLink/validators/InhancedValidator.o
                0x00002ed4                InhancedValidator::~InhancedValidator()
                0x00002ed4                InhancedValidator::~InhancedValidator()
 .text._ZN17InhancedValidatorD0Ev
                0x00002ef8       0x20 ./DataLink/validators/InhancedValidator.o
                0x00002ef8                InhancedValidator::~InhancedValidator()
 .text.Reset_Handler
                0x00002f18       0x44 ./gcc/startup_msp432e401y_gcc.o
                0x00002f18                Reset_Handler
 .text.Default_Handler
                0x00002f5c        0x6 ./gcc/startup_msp432e401y_gcc.o
                0x00002f5c                GPIOP3_IRQHandler
                0x00002f5c                DebugMon_Handler
                0x00002f5c                I2C0_IRQHandler
                0x00002f5c                GPIOQ0_IRQHandler
                0x00002f5c                HardFault_Handler
                0x00002f5c                DES0_IRQHandler
                0x00002f5c                EPI0_IRQHandler
                0x00002f5c                GPIOE_IRQHandler
                0x00002f5c                GPIOB_IRQHandler
                0x00002f5c                GPIOA_IRQHandler
                0x00002f5c                GPIOL_IRQHandler
                0x00002f5c                SysTick_Handler
                0x00002f5c                PendSV_Handler
                0x00002f5c                NMI_Handler
                0x00002f5c                I2C1_IRQHandler
                0x00002f5c                AES0_IRQHandler
                0x00002f5c                UART1_IRQHandler
                0x00002f5c                CAN1_IRQHandler
                0x00002f5c                GPIOQ4_IRQHandler
                0x00002f5c                TIMER4B_IRQHandler
                0x00002f5c                TIMER3A_IRQHandler
                0x00002f5c                TIMER4A_IRQHandler
                0x00002f5c                GPIOK_IRQHandler
                0x00002f5c                SSI0_IRQHandler
                0x00002f5c                PWM0_0_IRQHandler
                0x00002f5c                WATCHDOG_IRQHandler
                0x00002f5c                GPIOQ7_IRQHandler
                0x00002f5c                UsageFault_Handler
                0x00002f5c                I2C7_IRQHandler
                0x00002f5c                GPIOQ2_IRQHandler
                0x00002f5c                GPIOP5_IRQHandler
                0x00002f5c                GPIOM_IRQHandler
                0x00002f5c                EMAC0_IRQHandler
                0x00002f5c                GPIOP2_IRQHandler
                0x00002f5c                TIMER2B_IRQHandler
                0x00002f5c                I2C5_IRQHandler
                0x00002f5c                I2C4_IRQHandler
                0x00002f5c                TIMER6A_IRQHandler
                0x00002f5c                SSI1_IRQHandler
                0x00002f5c                GPIOF_IRQHandler
                0x00002f5c                I2C2_IRQHandler
                0x00002f5c                GPIOQ1_IRQHandler
                0x00002f5c                ADC1SS0_IRQHandler
                0x00002f5c                GPIOP7_IRQHandler
                0x00002f5c                TIMER0B_IRQHandler
                0x00002f5c                TIMER3B_IRQHandler
                0x00002f5c                TIMER2A_IRQHandler
                0x00002f5c                UART5_IRQHandler
                0x00002f5c                GPIOD_IRQHandler
                0x00002f5c                TIMER0A_IRQHandler
                0x00002f5c                COMP0_IRQHandler
                0x00002f5c                PWM0_2_IRQHandler
                0x00002f5c                GPIOC_IRQHandler
                0x00002f5c                SHA0_IRQHandler
                0x00002f5c                UDMA_IRQHandler
                0x00002f5c                UART2_IRQHandler
                0x00002f5c                UART4_IRQHandler
                0x00002f5c                GPIOP4_IRQHandler
                0x00002f5c                I2C6_IRQHandler
                0x00002f5c                Default_Handler
                0x00002f5c                COMP2_IRQHandler
                0x00002f5c                I2C9_IRQHandler
                0x00002f5c                ADC0SS3_IRQHandler
                0x00002f5c                QEI0_IRQHandler
                0x00002f5c                GPIOG_IRQHandler
                0x00002f5c                GPIOH_IRQHandler
                0x00002f5c                ADC1SS2_IRQHandler
                0x00002f5c                TIMER5A_IRQHandler
                0x00002f5c                USB0_IRQHandler
                0x00002f5c                I2C3_IRQHandler
                0x00002f5c                GPIOQ3_IRQHandler
                0x00002f5c                MemManage_Handler
                0x00002f5c                ADC0SS2_IRQHandler
                0x00002f5c                SYSEXC_IRQHandler
                0x00002f5c                UDMAERR_IRQHandler
                0x00002f5c                GPIOQ5_IRQHandler
                0x00002f5c                SVC_Handler
                0x00002f5c                ADC1SS1_IRQHandler
                0x00002f5c                GPIOJ_IRQHandler
                0x00002f5c                ADC0SS0_IRQHandler
                0x00002f5c                ADC0SS1_IRQHandler
                0x00002f5c                CAN0_IRQHandler
                0x00002f5c                TIMER6B_IRQHandler
                0x00002f5c                TIMER5B_IRQHandler
                0x00002f5c                GPIOQ6_IRQHandler
                0x00002f5c                GPIOP6_IRQHandler
                0x00002f5c                GPIOP0_IRQHandler
                0x00002f5c                PWM0_3_IRQHandler
                0x00002f5c                SYSCTL_IRQHandler
                0x00002f5c                PWM0_1_IRQHandler
                0x00002f5c                SSI2_IRQHandler
                0x00002f5c                UART7_IRQHandler
                0x00002f5c                HIBERNATE_IRQHandler
                0x00002f5c                UART6_IRQHandler
                0x00002f5c                PWM0_FAULT_IRQHandler
                0x00002f5c                TAMPER0_IRQHandler
                0x00002f5c                TIMER7B_IRQHandler
                0x00002f5c                TIMER7A_IRQHandler
                0x00002f5c                TIMER1A_IRQHandler
                0x00002f5c                FLASH_IRQHandler
                0x00002f5c                GPION_IRQHandler
                0x00002f5c                BusFault_Handler
                0x00002f5c                SSI3_IRQHandler
                0x00002f5c                UART3_IRQHandler
                0x00002f5c                I2C8_IRQHandler
                0x00002f5c                COMP1_IRQHandler
                0x00002f5c                TIMER1B_IRQHandler
                0x00002f5c                GPIOP1_IRQHandler
                0x00002f5c                ADC1SS3_IRQHandler
 *fill*         0x00002f62        0x2 
 .text._ZN19AbstractedTransportC2Ev
                0x00002f64       0x20 ./main/main.o
                0x00002f64                AbstractedTransport::AbstractedTransport()
                0x00002f64                AbstractedTransport::AbstractedTransport()
 .text._ZN19AbstractedTransportD2Ev
                0x00002f84       0x20 ./main/main.o
                0x00002f84                AbstractedTransport::~AbstractedTransport()
                0x00002f84                AbstractedTransport::~AbstractedTransport()
 .text._ZN19AbstractedTransportD0Ev
                0x00002fa4       0x20 ./main/main.o
                0x00002fa4                AbstractedTransport::~AbstractedTransport()
 .text._ZN13UartTransportC2Ev
                0x00002fc4       0x24 ./main/main.o
                0x00002fc4                UartTransport::UartTransport()
                0x00002fc4                UartTransport::UartTransport()
 .text._ZN13UartTransportD2Ev
                0x00002fe8       0x24 ./main/main.o
                0x00002fe8                UartTransport::~UartTransport()
                0x00002fe8                UartTransport::~UartTransport()
 .text._ZN13UartTransportD0Ev
                0x0000300c       0x20 ./main/main.o
                0x0000300c                UartTransport::~UartTransport()
 .text._ZN3LinD2Ev
                0x0000302c       0x2e ./main/main.o
                0x0000302c                Lin::~Lin()
                0x0000302c                Lin::~Lin()
 *fill*         0x0000305a        0x2 
 .text.main     0x0000305c       0xb4 ./main/main.o
                0x0000305c                main
 .text._ZN13UartTransport4InitEv
                0x00003110       0xc8 ./msp432_uart_transport/msp432_uart_transport.o
                0x00003110                UartTransport::Init()
 .text._ZN13UartTransport4sendEPhh
                0x000031d8       0x74 ./msp432_uart_transport/msp432_uart_transport.o
                0x000031d8                UartTransport::send(unsigned char*, unsigned char)
 .text._ZN13UartTransport7receiveEPhh
                0x0000324c       0x74 ./msp432_uart_transport/msp432_uart_transport.o
                0x0000324c                UartTransport::receive(unsigned char*, unsigned char)
 .text._ZN13UartTransport9SendBreakEv
                0x000032c0       0x54 ./msp432_uart_transport/msp432_uart_transport.o
                0x000032c0                UartTransport::SendBreak()
 .text._ZN13UartTransport5sleepEv
                0x00003314       0x16 ./msp432_uart_transport/msp432_uart_transport.o
                0x00003314                UartTransport::sleep()
 *fill*         0x0000332a        0x2 
 .text._ZN13UartTransport18RegisterRxCallBackEPFvPvES0_
                0x0000332c       0x2c ./msp432_uart_transport/msp432_uart_transport.o
                0x0000332c                UartTransport::RegisterRxCallBack(void (*)(void*), void*)
 .text._ZN13UartTransport18RegisterTxCallBackEPFvPvES0_
                0x00003358       0x2c ./msp432_uart_transport/msp432_uart_transport.o
                0x00003358                UartTransport::RegisterTxCallBack(void (*)(void*), void*)
 .text._ZN13UartTransport21RegisterBreakCallBackEPFvPvES0_
                0x00003384       0x2c ./msp432_uart_transport/msp432_uart_transport.o
                0x00003384                UartTransport::RegisterBreakCallBack(void (*)(void*), void*)
 .text._ZN13UartTransport20UnRegisterRxCallBackEv
                0x000033b0       0x28 ./msp432_uart_transport/msp432_uart_transport.o
                0x000033b0                UartTransport::UnRegisterRxCallBack()
 .text._ZN13UartTransport20UnRegisterTxCallBackEv
                0x000033d8       0x28 ./msp432_uart_transport/msp432_uart_transport.o
                0x000033d8                UartTransport::UnRegisterTxCallBack()
 .text._ZN13UartTransport23UnRegisterBreakCallBackEv
                0x00003400       0x28 ./msp432_uart_transport/msp432_uart_transport.o
                0x00003400                UartTransport::UnRegisterBreakCallBack()
 .text._ZN13UartTransport9disableRxEv
                0x00003428       0x28 ./msp432_uart_transport/msp432_uart_transport.o
                0x00003428                UartTransport::disableRx()
 .text._ZN13UartTransport9disableTxEv
                0x00003450       0x28 ./msp432_uart_transport/msp432_uart_transport.o
                0x00003450                UartTransport::disableTx()
 .text._ZN13UartTransport11receiveByteEPh
                0x00003478       0x30 ./msp432_uart_transport/msp432_uart_transport.o
                0x00003478                UartTransport::receiveByte(unsigned char*)
 .text._ZN13UartTransport8sendByteEh
                0x000034a8       0x30 ./msp432_uart_transport/msp432_uart_transport.o
                0x000034a8                UartTransport::sendByte(unsigned char)
 .text.UART0_IRQHandler
                0x000034d8      0x100 ./msp432_uart_transport/msp432_uart_transport.o
                0x000034d8                UART0_IRQHandler
 .text._ZN9FrameInfoC2Ev
                0x000035d8       0x20 ./storage/db/LINDataBase.o
                0x000035d8                FrameInfo::FrameInfo()
                0x000035d8                FrameInfo::FrameInfo()
 .text._ZN6SignalC2Ev
                0x000035f8       0x20 ./storage/db/LINDataBase.o
                0x000035f8                Signal::Signal()
                0x000035f8                Signal::Signal()
 .text._ZN5LinDbC2Ev
                0x00003618       0x38 ./storage/db/LINDataBase.o
                0x00003618                LinDb::LinDb()
                0x00003618                LinDb::LinDb()
 .text._ZN11LINDataBaseC2Ev
                0x00003650       0x38 ./storage/db/LINDataBase.o
                0x00003650                LINDataBase::LINDataBase()
                0x00003650                LINDataBase::LINDataBase()
 .text._ZN11LINDataBase9EditFrameEhPh
                0x00003688       0x20 ./storage/db/LINDataBase.o
                0x00003688                LINDataBase::EditFrame(unsigned char, unsigned char*)
 .text._ZN11LINDataBase8GetFrameEhPh
                0x000036a8       0x20 ./storage/db/LINDataBase.o
                0x000036a8                LINDataBase::GetFrame(unsigned char, unsigned char*)
 .text._ZNK11LINDataBase12isValidFrameEh
                0x000036c8       0x1e ./storage/db/LINDataBase.o
                0x000036c8                LINDataBase::isValidFrame(unsigned char) const
 .text._ZN11LINDataBase10EditSignalEhPch
                0x000036e6       0x26 ./storage/db/LINDataBase.o
                0x000036e6                LINDataBase::EditSignal(unsigned char, char*, unsigned char)
 .text._ZThn4_N11LINDataBase10EditSignalEhPch
                0x0000370c        0x8 ./storage/db/LINDataBase.o
                0x0000370c                non-virtual thunk to LINDataBase::EditSignal(unsigned char, char*, unsigned char)
 .text._ZNK11LINDataBase9GetSignalEhPcPh
                0x00003714       0x22 ./storage/db/LINDataBase.o
                0x00003714                LINDataBase::GetSignal(unsigned char, char*, unsigned char*) const
 .text._ZThn4_NK11LINDataBase9GetSignalEhPcPh
                0x00003736        0x8 ./storage/db/LINDataBase.o
                0x00003736                non-virtual thunk to LINDataBase::GetSignal(unsigned char, char*, unsigned char*) const
 .text._ZNK11LINDataBase3lenEh
                0x0000373e       0x1e ./storage/db/LINDataBase.o
                0x0000373e                LINDataBase::len(unsigned char) const
 .text._Z41__static_initialization_and_destruction_0ii
                0x0000375c       0x22 ./storage/db/db.o
 .text._GLOBAL__sub_I_data
                0x0000377e       0x10 ./storage/db/db.o
 .text._Z8checkSumPhh
                0x0000378e       0x58 ./utils/checksum.o
                0x0000378e                checkSum(unsigned char*, unsigned char)
 *fill*         0x000037e6        0x2 
 .text.GPIOPinConfigure
                0x000037e8       0x5c C:/ti/simplelink_msp432e4_sdk_4_20_00_12/source\ti/devices/msp432e4/driverlib/lib/gcc/m4f/msp432e4_driverlib.a(gpio.o)
                0x000037e8                GPIOPinConfigure
 .text._SysCtlMemTimingGet
                0x00003844       0x48 C:/ti/simplelink_msp432e4_sdk_4_20_00_12/source\ti/devices/msp432e4/driverlib/lib/gcc/m4f/msp432e4_driverlib.a(sysctl.o)
 .text._SysCtlFrequencyGet
                0x0000388c       0x9c C:/ti/simplelink_msp432e4_sdk_4_20_00_12/source\ti/devices/msp432e4/driverlib/lib/gcc/m4f/msp432e4_driverlib.a(sysctl.o)
 .text.SysCtlDelay
                0x00003928        0xa C:/ti/simplelink_msp432e4_sdk_4_20_00_12/source\ti/devices/msp432e4/driverlib/lib/gcc/m4f/msp432e4_driverlib.a(sysctl.o)
                0x00003928                SysCtlDelay
 *fill*         0x00003932        0x2 
 .text.SysCtlClockFreqSet
                0x00003934      0x32c C:/ti/simplelink_msp432e4_sdk_4_20_00_12/source\ti/devices/msp432e4/driverlib/lib/gcc/m4f/msp432e4_driverlib.a(sysctl.o)
                0x00003934                SysCtlClockFreqSet
 .text.UARTIntEnable
                0x00003c60       0x28 C:/ti/simplelink_msp432e4_sdk_4_20_00_12/source\ti/devices/msp432e4/driverlib/lib/gcc/m4f/msp432e4_driverlib.a(uart.o)
                0x00003c60                UARTIntEnable
 .text.unlikely
                0x00003c88        0xc c:/ti/gcc_arm_none_eabi_9_2_1/bin/../lib/gcc/arm-none-eabi/9.2.1/thumb/v7e-m+fp/hard\libgcc.a(pr-support.o)
                0x00003c88                _Unwind_GetDataRelBase
                0x00003c8e                _Unwind_GetTextRelBase
 .text.abort    0x00003c94        0xe c:/ti/gcc_arm_none_eabi_9_2_1/bin/../lib/gcc/arm-none-eabi/9.2.1/../../../../arm-none-eabi/lib/thumb/v7e-m+fp/hard\libc_nano.a(lib_a-abort.o)
                0x00003c94                abort
 .text.__aeabi_atexit
                0x00003ca2        0xa c:/ti/gcc_arm_none_eabi_9_2_1/bin/../lib/gcc/arm-none-eabi/9.2.1/../../../../arm-none-eabi/lib/thumb/v7e-m+fp/hard\libc_nano.a(lib_a-aeabi_atexit.o)
                0x00003ca2                __aeabi_atexit
 .text.__cxa_atexit
                0x00003cac       0x1c c:/ti/gcc_arm_none_eabi_9_2_1/bin/../lib/gcc/arm-none-eabi/9.2.1/../../../../arm-none-eabi/lib/thumb/v7e-m+fp/hard\libc_nano.a(lib_a-cxa_atexit.o)
                0x00003cac                __cxa_atexit
 .text.exit     0x00003cc8       0x28 c:/ti/gcc_arm_none_eabi_9_2_1/bin/../lib/gcc/arm-none-eabi/9.2.1/../../../../arm-none-eabi/lib/thumb/v7e-m+fp/hard\libc_nano.a(lib_a-exit.o)
                0x00003cc8                exit
 .text.__libc_init_array
                0x00003cf0       0x48 c:/ti/gcc_arm_none_eabi_9_2_1/bin/../lib/gcc/arm-none-eabi/9.2.1/../../../../arm-none-eabi/lib/thumb/v7e-m+fp/hard\libc_nano.a(lib_a-init.o)
                0x00003cf0                __libc_init_array
 .text.memcpy   0x00003d38       0x1c c:/ti/gcc_arm_none_eabi_9_2_1/bin/../lib/gcc/arm-none-eabi/9.2.1/../../../../arm-none-eabi/lib/thumb/v7e-m+fp/hard\libc_nano.a(lib_a-memcpy-stub.o)
                0x00003d38                memcpy
 .text.memset   0x00003d54       0x10 c:/ti/gcc_arm_none_eabi_9_2_1/bin/../lib/gcc/arm-none-eabi/9.2.1/../../../../arm-none-eabi/lib/thumb/v7e-m+fp/hard\libc_nano.a(lib_a-memset.o)
                0x00003d54                memset
 .text._raise_r
                0x00003d64       0x50 c:/ti/gcc_arm_none_eabi_9_2_1/bin/../lib/gcc/arm-none-eabi/9.2.1/../../../../arm-none-eabi/lib/thumb/v7e-m+fp/hard\libc_nano.a(lib_a-signal.o)
                0x00003d64                _raise_r
 .text.raise    0x00003db4       0x10 c:/ti/gcc_arm_none_eabi_9_2_1/bin/../lib/gcc/arm-none-eabi/9.2.1/../../../../arm-none-eabi/lib/thumb/v7e-m+fp/hard\libc_nano.a(lib_a-signal.o)
                0x00003db4                raise
 .text._kill_r  0x00003dc4       0x24 c:/ti/gcc_arm_none_eabi_9_2_1/bin/../lib/gcc/arm-none-eabi/9.2.1/../../../../arm-none-eabi/lib/thumb/v7e-m+fp/hard\libc_nano.a(lib_a-signalr.o)
                0x00003dc4                _kill_r
 .text._getpid_r
                0x00003de8        0x4 c:/ti/gcc_arm_none_eabi_9_2_1/bin/../lib/gcc/arm-none-eabi/9.2.1/../../../../arm-none-eabi/lib/thumb/v7e-m+fp/hard\libc_nano.a(lib_a-signalr.o)
                0x00003de8                _getpid_r
 .text.__malloc_lock
                0x00003dec        0xc c:/ti/gcc_arm_none_eabi_9_2_1/bin/../lib/gcc/arm-none-eabi/9.2.1/../../../../arm-none-eabi/lib/thumb/v7e-m+fp/hard\libc_nano.a(lib_a-mlock.o)
                0x00003dec                __malloc_lock
 .text.__malloc_unlock
                0x00003df8        0xc c:/ti/gcc_arm_none_eabi_9_2_1/bin/../lib/gcc/arm-none-eabi/9.2.1/../../../../arm-none-eabi/lib/thumb/v7e-m+fp/hard\libc_nano.a(lib_a-mlock.o)
                0x00003df8                __malloc_unlock
 .text._free_r  0x00003e04       0xa0 c:/ti/gcc_arm_none_eabi_9_2_1/bin/../lib/gcc/arm-none-eabi/9.2.1/../../../../arm-none-eabi/lib/thumb/v7e-m+fp/hard\libc_nano.a(lib_a-nano-freer.o)
                0x00003e04                _free_r
 .text.__retarget_lock_acquire_recursive
                0x00003ea4        0x2 c:/ti/gcc_arm_none_eabi_9_2_1/bin/../lib/gcc/arm-none-eabi/9.2.1/../../../../arm-none-eabi/lib/thumb/v7e-m+fp/hard\libc_nano.a(lib_a-lock.o)
                0x00003ea4                __retarget_lock_acquire_recursive
 .text.__retarget_lock_release_recursive
                0x00003ea6        0x2 c:/ti/gcc_arm_none_eabi_9_2_1/bin/../lib/gcc/arm-none-eabi/9.2.1/../../../../arm-none-eabi/lib/thumb/v7e-m+fp/hard\libc_nano.a(lib_a-lock.o)
                0x00003ea6                __retarget_lock_release_recursive
 .text._getpid  0x00003ea8       0x10 c:/ti/gcc_arm_none_eabi_9_2_1/bin/../lib/gcc/arm-none-eabi/9.2.1/../../../../arm-none-eabi/lib/thumb/v7e-m+fp/hard\libnosys.a(getpid.o)
                0x00003ea8                _getpid
 .text._kill    0x00003eb8       0x10 c:/ti/gcc_arm_none_eabi_9_2_1/bin/../lib/gcc/arm-none-eabi/9.2.1/../../../../arm-none-eabi/lib/thumb/v7e-m+fp/hard\libnosys.a(kill.o)
                0x00003eb8                _kill
 .text._exit    0x00003ec8        0x4 c:/ti/gcc_arm_none_eabi_9_2_1/bin/../lib/gcc/arm-none-eabi/9.2.1/../../../../arm-none-eabi/lib/thumb/v7e-m+fp/hard\libnosys.a(_exit.o)
                0x00003ec8                _exit
 .text._ZNK10__cxxabiv117__class_type_info11__do_upcastEPKS0_PPv
                0x00003ecc       0x34 c:/ti/gcc_arm_none_eabi_9_2_1/bin/../lib/gcc/arm-none-eabi/9.2.1/../../../../arm-none-eabi/lib/thumb/v7e-m+fp/hard\libstdc++_nano.a(class_type_info.o)
                0x00003ecc                __cxxabiv1::__class_type_info::__do_upcast(__cxxabiv1::__class_type_info const*, void**) const
 .text._ZNK10__cxxabiv117__class_type_info20__do_find_public_srcEiPKvPKS0_S2_
                0x00003f00        0xc c:/ti/gcc_arm_none_eabi_9_2_1/bin/../lib/gcc/arm-none-eabi/9.2.1/../../../../arm-none-eabi/lib/thumb/v7e-m+fp/hard\libstdc++_nano.a(class_type_info.o)
                0x00003f00                __cxxabiv1::__class_type_info::__do_find_public_src(int, void const*, __cxxabiv1::__class_type_info const*, void const*) const
 .text._ZN10__cxxabiv117__class_type_infoD2Ev
                0x00003f0c       0x14 c:/ti/gcc_arm_none_eabi_9_2_1/bin/../lib/gcc/arm-none-eabi/9.2.1/../../../../arm-none-eabi/lib/thumb/v7e-m+fp/hard\libstdc++_nano.a(class_type_info.o)
                0x00003f0c                __cxxabiv1::__class_type_info::~__class_type_info()
                0x00003f0c                __cxxabiv1::__class_type_info::~__class_type_info()
 .text._ZN10__cxxabiv117__class_type_infoD0Ev
                0x00003f20       0x14 c:/ti/gcc_arm_none_eabi_9_2_1/bin/../lib/gcc/arm-none-eabi/9.2.1/../../../../arm-none-eabi/lib/thumb/v7e-m+fp/hard\libstdc++_nano.a(class_type_info.o)
                0x00003f20                __cxxabiv1::__class_type_info::~__class_type_info()
 .text._ZNK10__cxxabiv117__class_type_info12__do_dyncastEiNS0_10__sub_kindEPKS0_PKvS3_S5_RNS0_16__dyncast_resultE
                0x00003f34       0x3e c:/ti/gcc_arm_none_eabi_9_2_1/bin/../lib/gcc/arm-none-eabi/9.2.1/../../../../arm-none-eabi/lib/thumb/v7e-m+fp/hard\libstdc++_nano.a(class_type_info.o)
                0x00003f34                __cxxabiv1::__class_type_info::__do_dyncast(int, __cxxabiv1::__class_type_info::__sub_kind, __cxxabiv1::__class_type_info const*, void const*, __cxxabiv1::__class_type_info const*, void const*, __cxxabiv1::__class_type_info::__dyncast_result&) const
 .text._ZNK10__cxxabiv117__class_type_info11__do_upcastEPKS0_PKvRNS0_15__upcast_resultE
                0x00003f72       0x18 c:/ti/gcc_arm_none_eabi_9_2_1/bin/../lib/gcc/arm-none-eabi/9.2.1/../../../../arm-none-eabi/lib/thumb/v7e-m+fp/hard\libstdc++_nano.a(class_type_info.o)
                0x00003f72                __cxxabiv1::__class_type_info::__do_upcast(__cxxabiv1::__class_type_info const*, void const*, __cxxabiv1::__class_type_info::__upcast_result&) const
 .text._ZNK10__cxxabiv117__class_type_info10__do_catchEPKSt9type_infoPPvj
                0x00003f8a       0x2a c:/ti/gcc_arm_none_eabi_9_2_1/bin/../lib/gcc/arm-none-eabi/9.2.1/../../../../arm-none-eabi/lib/thumb/v7e-m+fp/hard\libstdc++_nano.a(class_type_info.o)
                0x00003f8a                __cxxabiv1::__class_type_info::__do_catch(std::type_info const*, void**, unsigned int) const
 .text._ZdlPvj  0x00003fb4        0x4 c:/ti/gcc_arm_none_eabi_9_2_1/bin/../lib/gcc/arm-none-eabi/9.2.1/../../../../arm-none-eabi/lib/thumb/v7e-m+fp/hard\libstdc++_nano.a(del_ops.o)
                0x00003fb4                operator delete(void*, unsigned int)
 .text.__cxa_end_cleanup
                0x00003fb8        0xc c:/ti/gcc_arm_none_eabi_9_2_1/bin/../lib/gcc/arm-none-eabi/9.2.1/../../../../arm-none-eabi/lib/thumb/v7e-m+fp/hard\libstdc++_nano.a(eh_arm.o)
                0x00003fb8                __cxa_end_cleanup
 .text._ZN10__cxxabiv1L24__is_gxx_exception_classEPc
                0x00003fc4       0x3a c:/ti/gcc_arm_none_eabi_9_2_1/bin/../lib/gcc/arm-none-eabi/9.2.1/../../../../arm-none-eabi/lib/thumb/v7e-m+fp/hard\libstdc++_nano.a(eh_arm.o)
 *fill*         0x00003ffe        0x2 
 .text.__cxa_type_match
                0x00004000       0xbc c:/ti/gcc_arm_none_eabi_9_2_1/bin/../lib/gcc/arm-none-eabi/9.2.1/../../../../arm-none-eabi/lib/thumb/v7e-m+fp/hard\libstdc++_nano.a(eh_arm.o)
                0x00004000                __cxa_type_match
 .text.__cxa_begin_cleanup
                0x000040bc       0x3a c:/ti/gcc_arm_none_eabi_9_2_1/bin/../lib/gcc/arm-none-eabi/9.2.1/../../../../arm-none-eabi/lib/thumb/v7e-m+fp/hard\libstdc++_nano.a(eh_arm.o)
                0x000040bc                __cxa_begin_cleanup
 .text.__gnu_end_cleanup
                0x000040f6       0x32 c:/ti/gcc_arm_none_eabi_9_2_1/bin/../lib/gcc/arm-none-eabi/9.2.1/../../../../arm-none-eabi/lib/thumb/v7e-m+fp/hard\libstdc++_nano.a(eh_arm.o)
                0x000040f6                __gnu_end_cleanup
 .text.__cxa_get_globals
                0x00004128        0x8 c:/ti/gcc_arm_none_eabi_9_2_1/bin/../lib/gcc/arm-none-eabi/9.2.1/../../../../arm-none-eabi/lib/thumb/v7e-m+fp/hard\libstdc++_nano.a(eh_globals.o)
                0x00004128                __cxa_get_globals
 .text._ZL12read_uleb128PKhPm
                0x00004130       0x1e c:/ti/gcc_arm_none_eabi_9_2_1/bin/../lib/gcc/arm-none-eabi/9.2.1/../../../../arm-none-eabi/lib/thumb/v7e-m+fp/hard\libstdc++_nano.a(eh_personality.o)
 .text._ZL12read_sleb128PKhPl
                0x0000414e       0x30 c:/ti/gcc_arm_none_eabi_9_2_1/bin/../lib/gcc/arm-none-eabi/9.2.1/../../../../arm-none-eabi/lib/thumb/v7e-m+fp/hard\libstdc++_nano.a(eh_personality.o)
 .text._ZL28read_encoded_value_with_basehjPKhPj
                0x0000417e       0x8c c:/ti/gcc_arm_none_eabi_9_2_1/bin/../lib/gcc/arm-none-eabi/9.2.1/../../../../arm-none-eabi/lib/thumb/v7e-m+fp/hard\libstdc++_nano.a(eh_personality.o)
 .text._ZL21base_of_encoded_valuehP15_Unwind_Context
                0x0000420a       0x48 c:/ti/gcc_arm_none_eabi_9_2_1/bin/../lib/gcc/arm-none-eabi/9.2.1/../../../../arm-none-eabi/lib/thumb/v7e-m+fp/hard\libstdc++_nano.a(eh_personality.o)
 .text._ZL18read_encoded_valueP15_Unwind_ContexthPKhPj
                0x00004252       0x22 c:/ti/gcc_arm_none_eabi_9_2_1/bin/../lib/gcc/arm-none-eabi/9.2.1/../../../../arm-none-eabi/lib/thumb/v7e-m+fp/hard\libstdc++_nano.a(eh_personality.o)
 .text._ZL17parse_lsda_headerP15_Unwind_ContextPKhP16lsda_header_info
                0x00004274       0x62 c:/ti/gcc_arm_none_eabi_9_2_1/bin/../lib/gcc/arm-none-eabi/9.2.1/../../../../arm-none-eabi/lib/thumb/v7e-m+fp/hard\libstdc++_nano.a(eh_personality.o)
 .text._Unwind_GetGR
                0x000042d6       0x18 c:/ti/gcc_arm_none_eabi_9_2_1/bin/../lib/gcc/arm-none-eabi/9.2.1/../../../../arm-none-eabi/lib/thumb/v7e-m+fp/hard\libstdc++_nano.a(eh_personality.o)
 *fill*         0x000042ee        0x2 
 .text.__gxx_personality_v0
                0x000042f0      0x344 c:/ti/gcc_arm_none_eabi_9_2_1/bin/../lib/gcc/arm-none-eabi/9.2.1/../../../../arm-none-eabi/lib/thumb/v7e-m+fp/hard\libstdc++_nano.a(eh_personality.o)
                0x000042f0                __gxx_personality_v0
 .text._ZN10__cxxabiv111__terminateEPFvvE
                0x00004634        0x8 c:/ti/gcc_arm_none_eabi_9_2_1/bin/../lib/gcc/arm-none-eabi/9.2.1/../../../../arm-none-eabi/lib/thumb/v7e-m+fp/hard\libstdc++_nano.a(eh_terminate.o)
                0x00004634                __cxxabiv1::__terminate(void (*)())
 .text._ZSt13get_terminatev
                0x0000463c       0x10 c:/ti/gcc_arm_none_eabi_9_2_1/bin/../lib/gcc/arm-none-eabi/9.2.1/../../../../arm-none-eabi/lib/thumb/v7e-m+fp/hard\libstdc++_nano.a(eh_terminate.o)
                0x0000463c                std::get_terminate()
 .text._ZSt9terminatev
                0x0000464c        0xa c:/ti/gcc_arm_none_eabi_9_2_1/bin/../lib/gcc/arm-none-eabi/9.2.1/../../../../arm-none-eabi/lib/thumb/v7e-m+fp/hard\libstdc++_nano.a(eh_terminate.o)
                0x0000464c                std::terminate()
 .text._ZN10__cxxabiv112__unexpectedEPFvvE
                0x00004656        0x8 c:/ti/gcc_arm_none_eabi_9_2_1/bin/../lib/gcc/arm-none-eabi/9.2.1/../../../../arm-none-eabi/lib/thumb/v7e-m+fp/hard\libstdc++_nano.a(eh_terminate.o)
                0x00004656                __cxxabiv1::__unexpected(void (*)())
 *fill*         0x0000465e        0x2 
 .text._ZSt14get_unexpectedv
                0x00004660       0x10 c:/ti/gcc_arm_none_eabi_9_2_1/bin/../lib/gcc/arm-none-eabi/9.2.1/../../../../arm-none-eabi/lib/thumb/v7e-m+fp/hard\libstdc++_nano.a(eh_terminate.o)
                0x00004660                std::get_unexpected()
 .text._ZSt10unexpectedv
                0x00004670        0xa c:/ti/gcc_arm_none_eabi_9_2_1/bin/../lib/gcc/arm-none-eabi/9.2.1/../../../../arm-none-eabi/lib/thumb/v7e-m+fp/hard\libstdc++_nano.a(eh_terminate.o)
                0x00004670                std::unexpected()
 .text.__cxa_pure_virtual
                0x0000467a        0x6 c:/ti/gcc_arm_none_eabi_9_2_1/bin/../lib/gcc/arm-none-eabi/9.2.1/../../../../arm-none-eabi/lib/thumb/v7e-m+fp/hard\libstdc++_nano.a(pure.o)
                0x0000467a                __cxa_pure_virtual
 .text._ZN10__cxxabiv120__si_class_type_infoD2Ev
                0x00004680       0x14 c:/ti/gcc_arm_none_eabi_9_2_1/bin/../lib/gcc/arm-none-eabi/9.2.1/../../../../arm-none-eabi/lib/thumb/v7e-m+fp/hard\libstdc++_nano.a(si_class_type_info.o)
                0x00004680                __cxxabiv1::__si_class_type_info::~__si_class_type_info()
                0x00004680                __cxxabiv1::__si_class_type_info::~__si_class_type_info()
 .text._ZN10__cxxabiv120__si_class_type_infoD0Ev
                0x00004694       0x14 c:/ti/gcc_arm_none_eabi_9_2_1/bin/../lib/gcc/arm-none-eabi/9.2.1/../../../../arm-none-eabi/lib/thumb/v7e-m+fp/hard\libstdc++_nano.a(si_class_type_info.o)
                0x00004694                __cxxabiv1::__si_class_type_info::~__si_class_type_info()
 .text._ZNK10__cxxabiv120__si_class_type_info20__do_find_public_srcEiPKvPKNS_17__class_type_infoES2_
                0x000046a8       0x38 c:/ti/gcc_arm_none_eabi_9_2_1/bin/../lib/gcc/arm-none-eabi/9.2.1/../../../../arm-none-eabi/lib/thumb/v7e-m+fp/hard\libstdc++_nano.a(si_class_type_info.o)
                0x000046a8                __cxxabiv1::__si_class_type_info::__do_find_public_src(int, void const*, __cxxabiv1::__class_type_info const*, void const*) const
 .text._ZNK10__cxxabiv120__si_class_type_info12__do_dyncastEiNS_17__class_type_info10__sub_kindEPKS1_PKvS4_S6_RNS1_16__dyncast_resultE
                0x000046e0       0x74 c:/ti/gcc_arm_none_eabi_9_2_1/bin/../lib/gcc/arm-none-eabi/9.2.1/../../../../arm-none-eabi/lib/thumb/v7e-m+fp/hard\libstdc++_nano.a(si_class_type_info.o)
                0x000046e0                __cxxabiv1::__si_class_type_info::__do_dyncast(int, __cxxabiv1::__class_type_info::__sub_kind, __cxxabiv1::__class_type_info const*, void const*, __cxxabiv1::__class_type_info const*, void const*, __cxxabiv1::__class_type_info::__dyncast_result&) const
 .text._ZNK10__cxxabiv120__si_class_type_info11__do_upcastEPKNS_17__class_type_infoEPKvRNS1_15__upcast_resultE
                0x00004754       0x2a c:/ti/gcc_arm_none_eabi_9_2_1/bin/../lib/gcc/arm-none-eabi/9.2.1/../../../../arm-none-eabi/lib/thumb/v7e-m+fp/hard\libstdc++_nano.a(si_class_type_info.o)
                0x00004754                __cxxabiv1::__si_class_type_info::__do_upcast(__cxxabiv1::__class_type_info const*, void const*, __cxxabiv1::__class_type_info::__upcast_result&) const
 .text._ZNSt9type_infoD2Ev
                0x0000477e        0x2 c:/ti/gcc_arm_none_eabi_9_2_1/bin/../lib/gcc/arm-none-eabi/9.2.1/../../../../arm-none-eabi/lib/thumb/v7e-m+fp/hard\libstdc++_nano.a(tinfo.o)
                0x0000477e                std::type_info::~type_info()
                0x0000477e                std::type_info::~type_info()
 .text._ZNKSt9type_info14__is_pointer_pEv
                0x00004780        0x4 c:/ti/gcc_arm_none_eabi_9_2_1/bin/../lib/gcc/arm-none-eabi/9.2.1/../../../../arm-none-eabi/lib/thumb/v7e-m+fp/hard\libstdc++_nano.a(tinfo.o)
                0x00004780                std::type_info::__is_pointer_p() const
                0x00004780                std::type_info::__is_function_p() const
 .text._ZNKSt9type_infoeqERKS_
                0x00004784       0x2c c:/ti/gcc_arm_none_eabi_9_2_1/bin/../lib/gcc/arm-none-eabi/9.2.1/../../../../arm-none-eabi/lib/thumb/v7e-m+fp/hard\libstdc++_nano.a(tinfo.o)
                0x00004784                std::type_info::operator==(std::type_info const&) const
 .text._ZN10__cxxabiv121__vmi_class_type_infoD2Ev
                0x000047b0       0x14 c:/ti/gcc_arm_none_eabi_9_2_1/bin/../lib/gcc/arm-none-eabi/9.2.1/../../../../arm-none-eabi/lib/thumb/v7e-m+fp/hard\libstdc++_nano.a(vmi_class_type_info.o)
                0x000047b0                __cxxabiv1::__vmi_class_type_info::~__vmi_class_type_info()
                0x000047b0                __cxxabiv1::__vmi_class_type_info::~__vmi_class_type_info()
 .text._ZN10__cxxabiv121__vmi_class_type_infoD0Ev
                0x000047c4       0x14 c:/ti/gcc_arm_none_eabi_9_2_1/bin/../lib/gcc/arm-none-eabi/9.2.1/../../../../arm-none-eabi/lib/thumb/v7e-m+fp/hard\libstdc++_nano.a(vmi_class_type_info.o)
                0x000047c4                __cxxabiv1::__vmi_class_type_info::~__vmi_class_type_info()
 .text._ZNK10__cxxabiv121__vmi_class_type_info20__do_find_public_srcEiPKvPKNS_17__class_type_infoES2_
                0x000047d8       0x78 c:/ti/gcc_arm_none_eabi_9_2_1/bin/../lib/gcc/arm-none-eabi/9.2.1/../../../../arm-none-eabi/lib/thumb/v7e-m+fp/hard\libstdc++_nano.a(vmi_class_type_info.o)
                0x000047d8                __cxxabiv1::__vmi_class_type_info::__do_find_public_src(int, void const*, __cxxabiv1::__class_type_info const*, void const*) const
 .text._ZNK10__cxxabiv117__class_type_info17__find_public_srcEiPKvPKS0_S2_
                0x00004850       0x28 c:/ti/gcc_arm_none_eabi_9_2_1/bin/../lib/gcc/arm-none-eabi/9.2.1/../../../../arm-none-eabi/lib/thumb/v7e-m+fp/hard\libstdc++_nano.a(vmi_class_type_info.o)
                0x00004850                __cxxabiv1::__class_type_info::__find_public_src(int, void const*, __cxxabiv1::__class_type_info const*, void const*) const
 .text._ZNK10__cxxabiv121__vmi_class_type_info12__do_dyncastEiNS_17__class_type_info10__sub_kindEPKS1_PKvS4_S6_RNS1_16__dyncast_resultE
                0x00004878      0x26c c:/ti/gcc_arm_none_eabi_9_2_1/bin/../lib/gcc/arm-none-eabi/9.2.1/../../../../arm-none-eabi/lib/thumb/v7e-m+fp/hard\libstdc++_nano.a(vmi_class_type_info.o)
                0x00004878                __cxxabiv1::__vmi_class_type_info::__do_dyncast(int, __cxxabiv1::__class_type_info::__sub_kind, __cxxabiv1::__class_type_info const*, void const*, __cxxabiv1::__class_type_info const*, void const*, __cxxabiv1::__class_type_info::__dyncast_result&) const
 .text._ZNK10__cxxabiv121__vmi_class_type_info11__do_upcastEPKNS_17__class_type_infoEPKvRNS1_15__upcast_resultE
                0x00004ae4      0x138 c:/ti/gcc_arm_none_eabi_9_2_1/bin/../lib/gcc/arm-none-eabi/9.2.1/../../../../arm-none-eabi/lib/thumb/v7e-m+fp/hard\libstdc++_nano.a(vmi_class_type_info.o)
                0x00004ae4                __cxxabiv1::__vmi_class_type_info::__do_upcast(__cxxabiv1::__class_type_info const*, void const*, __cxxabiv1::__class_type_info::__upcast_result&) const
 .text._ZdlPv   0x00004c1c        0x4 c:/ti/gcc_arm_none_eabi_9_2_1/bin/../lib/gcc/arm-none-eabi/9.2.1/../../../../arm-none-eabi/lib/thumb/v7e-m+fp/hard\libstdc++_nano.a(del_op.o)
                0x00004c1c                operator delete(void*)
 .text._ZN10__cxxabiv1L24__is_gxx_exception_classEPc
                0x00004c20       0x3a c:/ti/gcc_arm_none_eabi_9_2_1/bin/../lib/gcc/arm-none-eabi/9.2.1/../../../../arm-none-eabi/lib/thumb/v7e-m+fp/hard\libstdc++_nano.a(eh_call.o)
 .text.__cxa_call_terminate
                0x00004c5a       0x1e c:/ti/gcc_arm_none_eabi_9_2_1/bin/../lib/gcc/arm-none-eabi/9.2.1/../../../../arm-none-eabi/lib/thumb/v7e-m+fp/hard\libstdc++_nano.a(eh_call.o)
                0x00004c5a                __cxa_call_terminate
 .text.__cxa_call_unexpected
                0x00004c78       0x28 c:/ti/gcc_arm_none_eabi_9_2_1/bin/../lib/gcc/arm-none-eabi/9.2.1/../../../../arm-none-eabi/lib/thumb/v7e-m+fp/hard\libstdc++_nano.a(eh_call.o)
                0x00004c78                __cxa_call_unexpected
 .text._ZN10__cxxabiv1L24__is_gxx_exception_classEPc
                0x00004ca0       0x3a c:/ti/gcc_arm_none_eabi_9_2_1/bin/../lib/gcc/arm-none-eabi/9.2.1/../../../../arm-none-eabi/lib/thumb/v7e-m+fp/hard\libstdc++_nano.a(eh_catch.o)
 .text.__cxa_begin_catch
                0x00004cda       0x52 c:/ti/gcc_arm_none_eabi_9_2_1/bin/../lib/gcc/arm-none-eabi/9.2.1/../../../../arm-none-eabi/lib/thumb/v7e-m+fp/hard\libstdc++_nano.a(eh_catch.o)
                0x00004cda                __cxa_begin_catch
 .text.free     0x00004d2c       0x10 c:/ti/gcc_arm_none_eabi_9_2_1/bin/../lib/gcc/arm-none-eabi/9.2.1/../../../../arm-none-eabi/lib/thumb/v7e-m+fp/hard\libg_nano.a(lib_a-malloc.o)
                0x00004d2c                free
                0x00004d3c                . = ALIGN (0x4)
 *(.ctors)
                0x00004d3c                . = ALIGN (0x4)
 *(.dtors)
                0x00004d3c                . = ALIGN (0x4)
                0x00004d3c                __init_array_start = .
 *(.init_array*)
 .init_array    0x00004d3c        0x4 c:/ti/gcc_arm_none_eabi_9_2_1/bin/../lib/gcc/arm-none-eabi/9.2.1/thumb/v7e-m+fp/hard/crtbegin.o
 .init_array    0x00004d40        0x4 ./storage/db/db.o
                0x00004d44                __init_array_end = .
 *(.init)
 .init          0x00004d44        0x4 c:/ti/gcc_arm_none_eabi_9_2_1/bin/../lib/gcc/arm-none-eabi/9.2.1/thumb/v7e-m+fp/hard/crti.o
                0x00004d44                _init
 .init          0x00004d48        0x8 c:/ti/gcc_arm_none_eabi_9_2_1/bin/../lib/gcc/arm-none-eabi/9.2.1/thumb/v7e-m+fp/hard/crtn.o
 *(.fini*)
 .fini          0x00004d50        0x4 c:/ti/gcc_arm_none_eabi_9_2_1/bin/../lib/gcc/arm-none-eabi/9.2.1/thumb/v7e-m+fp/hard/crti.o
                0x00004d50                _fini
 .fini_array    0x00004d54        0x4 c:/ti/gcc_arm_none_eabi_9_2_1/bin/../lib/gcc/arm-none-eabi/9.2.1/thumb/v7e-m+fp/hard/crtbegin.o
 .fini          0x00004d58        0x8 c:/ti/gcc_arm_none_eabi_9_2_1/bin/../lib/gcc/arm-none-eabi/9.2.1/thumb/v7e-m+fp/hard/crtn.o

.glue_7         0x00004d60        0x0
 .glue_7        0x00004d60        0x0 linker stubs

.glue_7t        0x00004d60        0x0
 .glue_7t       0x00004d60        0x0 linker stubs

.vfp11_veneer   0x00004d60        0x0
 .vfp11_veneer  0x00004d60        0x0 linker stubs

.v4_bx          0x00004d60        0x0
 .v4_bx         0x00004d60        0x0 linker stubs

.iplt           0x00004d60        0x0
 .iplt          0x00004d60        0x0 c:/ti/gcc_arm_none_eabi_9_2_1/bin/../lib/gcc/arm-none-eabi/9.2.1/thumb/v7e-m+fp/hard/crtbegin.o

.rodata         0x00004d60      0xc48
 *(.rodata)
 *(.rodata.*)
 .rodata._ZTV18ObjectDeserializerI8responseE
                0x00004d60       0x14 ./DataLink/Adapters/dbadabter.o
                0x00004d60                vtable for ObjectDeserializer<response>
 .rodata._ZTV9DbAdabter
                0x00004d74       0x18 ./DataLink/Adapters/dbadabter.o
                0x00004d74                vtable for DbAdabter
 .rodata._ZTV22AbstractStorageAdabter
                0x00004d8c       0x18 ./DataLink/Adapters/dbadabter.o
                0x00004d8c                vtable for AbstractStorageAdabter
 .rodata._ZTI18ObjectDeserializerI8responseE
                0x00004da4        0x8 ./DataLink/Adapters/dbadabter.o
                0x00004da4                typeinfo for ObjectDeserializer<response>
 .rodata._ZTS18ObjectDeserializerI8responseE
                0x00004dac       0x20 ./DataLink/Adapters/dbadabter.o
                0x00004dac                typeinfo name for ObjectDeserializer<response>
 .rodata._ZTI9DbAdabter
                0x00004dcc        0xc ./DataLink/Adapters/dbadabter.o
                0x00004dcc                typeinfo for DbAdabter
 .rodata._ZTS9DbAdabter
                0x00004dd8        0xb ./DataLink/Adapters/dbadabter.o
                0x00004dd8                typeinfo name for DbAdabter