Archive member included to satisfy reference by file (symbol)

C:/ti/simplelink_msp432e4_sdk_4_20_00_12/source\ti/devices/msp432e4/driverlib/lib/gcc/m4f/msp432e4_driverlib.a(gpio.o)
                              ./main/main.o (GPIOPinWrite)
C:/ti/simplelink_msp432e4_sdk_4_20_00_12/source\ti/devices/msp432e4/driverlib/lib/gcc/m4f/msp432e4_driverlib.a(interrupt.o)
                              C:/ti/simplelink_msp432e4_sdk_4_20_00_12/source\ti/devices/msp432e4/driverlib/lib/gcc/m4f/msp432e4_driverlib.a(gpio.o) (IntRegister)
C:/ti/simplelink_msp432e4_sdk_4_20_00_12/source\ti/devices/msp432e4/driverlib/lib/gcc/m4f/msp432e4_driverlib.a(sysctl.o)
                              ./msp432_uart_transport/msp432_uart_transport.o (SysCtlDelay)
C:/ti/simplelink_msp432e4_sdk_4_20_00_12/source\ti/devices/msp432e4/driverlib/lib/gcc/m4f/msp432e4_driverlib.a(uart.o)
                              ./msp432_uart_transport/msp432_uart_transport.o (UARTIntEnable)
C:/ti/simplelink_msp432e4_sdk_4_20_00_12/source\ti/devices/msp432e4/driverlib/lib/gcc/m4f/msp432e4_driverlib.a(cpu.o)
                              C:/ti/simplelink_msp432e4_sdk_4_20_00_12/source\ti/devices/msp432e4/driverlib/lib/gcc/m4f/msp432e4_driverlib.a(interrupt.o) (CPUcpsid)
c:/ti/gcc_arm_none_eabi_9_2_1/bin/../lib/gcc/arm-none-eabi/9.2.1/thumb/v7e-m+fp/hard\libgcc.a(unwind-arm.o)
                              ./storage/db/LINDataBase.o (__aeabi_unwind_cpp_pr0)
c:/ti/gcc_arm_none_eabi_9_2_1/bin/../lib/gcc/arm-none-eabi/9.2.1/thumb/v7e-m+fp/hard\libgcc.a(libunwind.o)
                              c:/ti/gcc_arm_none_eabi_9_2_1/bin/../lib/gcc/arm-none-eabi/9.2.1/thumb/v7e-m+fp/hard\libgcc.a(unwind-arm.o) (restore_core_regs)
c:/ti/gcc_arm_none_eabi_9_2_1/bin/../lib/gcc/arm-none-eabi/9.2.1/thumb/v7e-m+fp/hard\libgcc.a(pr-support.o)
                              c:/ti/gcc_arm_none_eabi_9_2_1/bin/../lib/gcc/arm-none-eabi/9.2.1/thumb/v7e-m+fp/hard\libgcc.a(unwind-arm.o) (__gnu_unwind_execute)
c:/ti/gcc_arm_none_eabi_9_2_1/bin/../lib/gcc/arm-none-eabi/9.2.1/../../../../arm-none-eabi/lib/thumb/v7e-m+fp/hard\libc_nano.a(lib_a-abort.o)
                              c:/ti/gcc_arm_none_eabi_9_2_1/bin/../lib/gcc/arm-none-eabi/9.2.1/thumb/v7e-m+fp/hard\libgcc.a(unwind-arm.o) (abort)
c:/ti/gcc_arm_none_eabi_9_2_1/bin/../lib/gcc/arm-none-eabi/9.2.1/../../../../arm-none-eabi/lib/thumb/v7e-m+fp/hard\libc_nano.a(lib_a-aeabi_atexit.o)
                              ./DataLink/Notifiers/LinNotifier.o (__aeabi_atexit)
c:/ti/gcc_arm_none_eabi_9_2_1/bin/../lib/gcc/arm-none-eabi/9.2.1/../../../../arm-none-eabi/lib/thumb/v7e-m+fp/hard\libc_nano.a(lib_a-cxa_atexit.o)
                              c:/ti/gcc_arm_none_eabi_9_2_1/bin/../lib/gcc/arm-none-eabi/9.2.1/../../../../arm-none-eabi/lib/thumb/v7e-m+fp/hard\libc_nano.a(lib_a-aeabi_atexit.o) (__cxa_atexit)
c:/ti/gcc_arm_none_eabi_9_2_1/bin/../lib/gcc/arm-none-eabi/9.2.1/../../../../arm-none-eabi/lib/thumb/v7e-m+fp/hard\libc_nano.a(lib_a-exit.o)
                              c:/ti/gcc_arm_none_eabi_9_2_1/bin/../lib/gcc/arm-none-eabi/9.2.1/../../../../arm-none-eabi/lib/thumb/v7e-m+fp/hard/crt0.o (exit)
c:/ti/gcc_arm_none_eabi_9_2_1/bin/../lib/gcc/arm-none-eabi/9.2.1/../../../../arm-none-eabi/lib/thumb/v7e-m+fp/hard\libc_nano.a(lib_a-impure.o)
                              c:/ti/gcc_arm_none_eabi_9_2_1/bin/../lib/gcc/arm-none-eabi/9.2.1/../../../../arm-none-eabi/lib/thumb/v7e-m+fp/hard\libc_nano.a(lib_a-exit.o) (_global_impure_ptr)
c:/ti/gcc_arm_none_eabi_9_2_1/bin/../lib/gcc/arm-none-eabi/9.2.1/../../../../arm-none-eabi/lib/thumb/v7e-m+fp/hard\libc_nano.a(lib_a-init.o)
                              c:/ti/gcc_arm_none_eabi_9_2_1/bin/../lib/gcc/arm-none-eabi/9.2.1/../../../../arm-none-eabi/lib/thumb/v7e-m+fp/hard/crt0.o (__libc_init_array)
c:/ti/gcc_arm_none_eabi_9_2_1/bin/../lib/gcc/arm-none-eabi/9.2.1/../../../../arm-none-eabi/lib/thumb/v7e-m+fp/hard\libc_nano.a(lib_a-memcpy-stub.o)
                              ./DataLink/serializtion/responseserializer.o (memcpy)
c:/ti/gcc_arm_none_eabi_9_2_1/bin/../lib/gcc/arm-none-eabi/9.2.1/../../../../arm-none-eabi/lib/thumb/v7e-m+fp/hard\libc_nano.a(lib_a-memset.o)
                              c:/ti/gcc_arm_none_eabi_9_2_1/bin/../lib/gcc/arm-none-eabi/9.2.1/../../../../arm-none-eabi/lib/thumb/v7e-m+fp/hard/crt0.o (memset)
c:/ti/gcc_arm_none_eabi_9_2_1/bin/../lib/gcc/arm-none-eabi/9.2.1/../../../../arm-none-eabi/lib/thumb/v7e-m+fp/hard\libc_nano.a(lib_a-on_exit_args.o)
                              c:/ti/gcc_arm_none_eabi_9_2_1/bin/../lib/gcc/arm-none-eabi/9.2.1/../../../../arm-none-eabi/lib/thumb/v7e-m+fp/hard\libc_nano.a(lib_a-cxa_atexit.o) (__on_exit_args)
c:/ti/gcc_arm_none_eabi_9_2_1/bin/../lib/gcc/arm-none-eabi/9.2.1/../../../../arm-none-eabi/lib/thumb/v7e-m+fp/hard\libc_nano.a(lib_a-signal.o)
                              c:/ti/gcc_arm_none_eabi_9_2_1/bin/../lib/gcc/arm-none-eabi/9.2.1/../../../../arm-none-eabi/lib/thumb/v7e-m+fp/hard\libc_nano.a(lib_a-abort.o) (raise)
[...]
Memory Configuration

Name             Origin             Length             Attributes
FLASH            0x00000000         0x00100000         xr
SRAM             0x20000000         0x00040000         xw
*default*        0x00000000         0xffffffff

Linker script and memory map

LOAD c:/ti/gcc_arm_none_eabi_9_2_1/bin/../lib/gcc/arm-none-eabi/9.2.1/thumb/v7e-m+fp/hard/crti.o
LOAD c:/ti/gcc_arm_none_eabi_9_2_1/bin/../lib/gcc/arm-none-eabi/9.2.1/thumb/v7e-m+fp/hard/crtbegin.o
LOAD c:/ti/gcc_arm_none_eabi_9_2_1/bin/../lib/gcc/arm-none-eabi/9.2.1/../../../../arm-none-eabi/lib/thumb/v7e-m+fp/hard/crt0.o
LOAD ./system_msp432e401y.o
LOAD ./uart_echo.o
LOAD ./DataLink/Adapters/dbadabter.o
LOAD ./DataLink/Adapters/transportaddabter.o
LOAD ./DataLink/Notifiers/LinNotifier.o
LOAD ./DataLink/States/LinStates/DispatchingAndHandling.o
LOAD ./DataLink/States/LinStates/Init.o
LOAD ./DataLink/States/LinStates/LinConnection.o
LOAD ./DataLink/States/LinStates/ReceivingBreak.o
LOAD ./DataLink/States/LinStates/ReceivingHeader.o
LOAD ./DataLink/States/LinStates/Validating.o
LOAD ./DataLink/communication/LinConnectionHandler.o
LOAD ./DataLink/communication/LinFrameDespatcher.o
LOAD ./DataLink/initializer/Lin.o
LOAD ./DataLink/serializtion/headerdeserializer.o
LOAD ./DataLink/serializtion/headerserializer.o
LOAD ./DataLink/serializtion/responsedeserializer.o
LOAD ./DataLink/serializtion/responseserializer.o
LOAD ./DataLink/validators/ClassicalValidator.o
LOAD ./DataLink/validators/InhancedValidator.o
LOAD ./gcc/startup_msp432e401y_gcc.o
LOAD ./main/main.o
LOAD ./msp432_uart_transport/msp432_uart_transport.o
LOAD ./storage/db/LINDataBase.o
LOAD ./storage/db/db.o
LOAD ./utils/checksum.o
                0x00000000                PROVIDE (_intvecs_base_address = DEFINED (_intvecs_base_address)?_intvecs_base_address:0x0)

.intvecs        0x00000000      0x208
 *(.intvecs)
 .intvecs       0x00000000      0x208 ./gcc/startup_msp432e401y_gcc.o
                0x00000000                interruptVectors
                0x20000000                PROVIDE (_vtable_base_address = DEFINED (_vtable_base_address)?_vtable_base_address:0x20000000)

.vtable
 *(.vtable)

.text           0x00000208     0x40e8
 CREATE_OBJECT_SYMBOLS
 *(.text)
 .text          0x00000208        0x0 c:/ti/gcc_arm_none_eabi_9_2_1/bin/../lib/gcc/arm-none-eabi/9.2.1/thumb/v7e-m+fp/hard/crti.o
 .text          0x00000208       0x40 c:/ti/gcc_arm_none_eabi_9_2_1/bin/../lib/gcc/arm-none-eabi/9.2.1/thumb/v7e-m+fp/hard/crtbegin.o
 .text          0x00000248       0x74 c:/ti/gcc_arm_none_eabi_9_2_1/bin/../lib/gcc/arm-none-eabi/9.2.1/../../../../arm-none-eabi/lib/thumb/v7e-m+fp/hard/crt0.o
                0x00000248                _start
                0x00000248                _mainCRTStartup
 .text          0x000002bc        0x0 ./system_msp432e401y.o
 .text          0x000002bc        0x0 ./uart_echo.o
 .text          0x000002bc        0x0 ./DataLink/Adapters/dbadabter.o
 .text          0x000002bc        0x0 ./DataLink/Adapters/transportaddabter.o
 .text          0x000002bc        0x0 ./DataLink/Notifiers/LinNotifier.o
 .text          0x000002bc        0x0 ./DataLink/States/LinStates/DispatchingAndHandling.o
 .text          0x000002bc        0x0 ./DataLink/States/LinStates/Init.o
 .text          0x000002bc        0x0 ./DataLink/States/LinStates/LinConnection.o
 .text          0x000002bc        0x0 ./DataLink/States/LinStates/ReceivingBreak.o
 .text          0x000002bc        0x0 ./DataLink/States/LinStates/ReceivingHeader.o
 .text          0x000002bc        0x0 ./DataLink/States/LinStates/Validating.o
 .text          0x000002bc        0x0 ./DataLink/communication/LinConnectionHandler.o
 .text          0x000002bc        0x0 ./DataLink/communication/LinFrameDespatcher.o
 .text          0x000002bc        0x0 ./DataLink/initializer/Lin.o
 .text          0x000002bc        0x0 ./DataLink/serializtion/headerdeserializer.o
 .text          0x000002bc        0x0 ./DataLink/serializtion/headerserializer.o
 .text          0x000002bc        0x0 ./DataLink/serializtion/responsedeserializer.o
 .text          0x000002bc        0x0 ./DataLink/serializtion/responseserializer.o
 .text          0x000002bc        0x0 ./DataLink/validators/ClassicalValidator.o
 .text          0x000002bc        0x0 ./DataLink/validators/InhancedValidator.o
 .text          0x000002bc        0x0 ./gcc/startup_msp432e401y_gcc.o
 .text          0x000002bc        0x0 ./main/main.o
 .text          0x000002bc        0x0 ./msp432_uart_transport/msp432_uart_transport.o
 .text          0x000002bc        0x0 ./storage/db/LINDataBase.o
 .text          0x000002bc        0x0 ./storage/db/db.o
 .text          0x000002bc        0x0 ./utils/checksum.o
 .text          0x000002bc        0x0 C:/ti/simplelink_msp432e4_sdk_4_20_00_12/source\ti/devices/msp432e4/driverlib/lib/gcc/m4f/msp432e4_driverlib.a(gpio.o)
 .text          0x000002bc        0x0 C:/ti/simplelink_msp432e4_sdk_4_20_00_12/source\ti/devices/msp432e4/driverlib/lib/gcc/m4f/msp432e4_driverlib.a(interrupt.o)
 .text          0x000002bc        0x0 C:/ti/simplelink_msp432e4_sdk_4_20_00_12/source\ti/devices/msp432e4/driverlib/lib/gcc/m4f/msp432e4_driverlib.a(sysctl.o)
 .text          0x000002bc        0x0 C:/ti/simplelink_msp432e4_sdk_4_20_00_12/source\ti/devices/msp432e4/driverlib/lib/gcc/m4f/msp432e4_driverlib.a(uart.o)
 .text          0x000002bc        0x0 C:/ti/simplelink_msp432e4_sdk_4_20_00_12/source\ti/devices/msp432e4/driverlib/lib/gcc/m4f/msp432e4_driverlib.a(cpu.o)
 .text          0x000002bc      0x9b8 c:/ti/gcc_arm_none_eabi_9_2_1/bin/../lib/gcc/arm-none-eabi/9.2.1/thumb/v7e-m+fp/hard\libgcc.a(unwind-arm.o)
                0x00000564                _Unwind_GetCFA
                0x00000568                __gnu_Unwind_RaiseException
                0x000005c8                __gnu_Unwind_ForcedUnwind
                0x000005dc                __gnu_Unwind_Resume
                0x00000620                __gnu_Unwind_Resume_or_Rethrow
                0x00000630                _Unwind_Complete
                0x00000634                _Unwind_DeleteException
                0x00000640                _Unwind_VRS_Get
                0x00000688                _Unwind_VRS_Set
                0x000006d0                __gnu_Unwind_Backtrace
                0x000009f0                __aeabi_unwind_cpp_pr0
                0x000009f4                __aeabi_unwind_cpp_pr1
                0x000009f8                __aeabi_unwind_cpp_pr2
                0x000009fc                _Unwind_VRS_Pop
 .text          0x00000c74      0x1ac c:/ti/gcc_arm_none_eabi_9_2_1/bin/../lib/gcc/arm-none-eabi/9.2.1/thumb/v7e-m+fp/hard\libgcc.a(libunwind.o)
                0x00000c74                __restore_core_regs
                0x00000c74                restore_core_regs
                0x00000c8c                __gnu_Unwind_Restore_VFP
                0x00000c94                __gnu_Unwind_Save_VFP
                0x00000c9c                __gnu_Unwind_Restore_VFP_D
                0x00000ca4                __gnu_Unwind_Save_VFP_D
                0x00000cac                __gnu_Unwind_Restore_VFP_D_16_to_31
                0x00000cb4                __gnu_Unwind_Save_VFP_D_16_to_31
                0x00000cbc                __gnu_Unwind_Restore_WMMXD
                0x00000d00                __gnu_Unwind_Save_WMMXD
                0x00000d44                __gnu_Unwind_Restore_WMMXC
                0x00000d58                __gnu_Unwind_Save_WMMXC
                0x00000d6c                ___Unwind_RaiseException
                0x00000d6c                _Unwind_RaiseException
                0x00000d90                _Unwind_Resume
                0x00000d90                ___Unwind_Resume
                0x00000db4                _Unwind_Resume_or_Rethrow
                0x00000db4                ___Unwind_Resume_or_Rethrow
                0x00000dd8                _Unwind_ForcedUnwind
                0x00000dd8                ___Unwind_ForcedUnwind
                0x00000dfc                ___Unwind_Backtrace
                0x00000dfc                _Unwind_Backtrace
 .text          0x00000e20      0x340 c:/ti/gcc_arm_none_eabi_9_2_1/bin/../lib/gcc/arm-none-eabi/9.2.1/thumb/v7e-m+fp/hard\libgcc.a(pr-support.o)
                0x00000e78                __gnu_unwind_execute
                0x00001114                __gnu_unwind_frame
                0x00001140                _Unwind_GetRegionStart
                0x0000114c                _Unwind_GetLanguageSpecificData
 .text          0x00001160        0x0 c:/ti/gcc_arm_none_eabi_9_2_1/bin/../lib/gcc/arm-none-eabi/9.2.1/../../../../arm-none-eabi/lib/thumb/v7e-m+fp/hard\libc_nano.a(lib_a-abort.o)
 .text          0x00001160        0x0 c:/ti/gcc_arm_none_eabi_9_2_1/bin/../lib/gcc/arm-none-eabi/9.2.1/../../../../arm-none-eabi/lib/thumb/v7e-m+fp/hard\libc_nano.a(lib_a-aeabi_atexit.o)
 .text          0x00001160        0x0 c:/ti/gcc_arm_none_eabi_9_2_1/bin/../lib/gcc/arm-none-eabi/9.2.1/../../../../arm-none-eabi/lib/thumb/v7e-m+fp/hard\libc_nano.a(lib_a-cxa_atexit.o)
 .text          0x00001160        0x0 c:/ti/gcc_arm_none_eabi_9_2_1/bin/../lib/gcc/arm-none-eabi/9.2.1/../../../../arm-none-eabi/lib/thumb/v7e-m+fp/hard\libc_nano.a(lib_a-exit.o)
 .text          0x00001160        0x0 c:/ti/gcc_arm_none_eabi_9_2_1/bin/../lib/gcc/arm-none-eabi/9.2.1/../../../../arm-none-eabi/lib/thumb/v7e-m+fp/hard\libc_nano.a(lib_a-impure.o)
 .text          0x00001160        0x0 c:/ti/gcc_arm_none_eabi_9_2_1/bin/../lib/gcc/arm-none-eabi/9.2.1/../../../../arm-none-eabi/lib/thumb/v7e-m+fp/hard\libc_nano.a(lib_a-init.o)
 .text          0x00001160        0x0 c:/ti/gcc_arm_none_eabi_9_2_1/bin/../lib/gcc/arm-none-eabi/9.2.1/../../../../arm-none-eabi/lib/thumb/v7e-m+fp/hard\libc_nano.a(lib_a-memcpy-stub.o)
 .text          0x00001160        0x0 c:/ti/gcc_arm_none_eabi_9_2_1/bin/../lib/gcc/arm-none-eabi/9.2.1/../../../../arm-none-eabi/lib/thumb/v7e-m+fp/hard\libc_nano.a(lib_a-memset.o)
 .text          0x00001160        0x0 c:/ti/gcc_arm_none_eabi_9_2_1/bin/../lib/gcc/arm-none-eabi/9.2.1/../../../../arm-none-eabi/lib/thumb/v7e-m+fp/hard\libc_nano.a(lib_a-on_exit_args.o)
 .text          0x00001160        0x0 c:/ti/gcc_arm_none_eabi_9_2_1/bin/../lib/gcc/arm-none-eabi/9.2.1/../../../../arm-none-eabi/lib/thumb/v7e-m+fp/hard\libc_nano.a(lib_a-signal.o)
 .text          0x00001160        0x0 c:/ti/gcc_arm_none_eabi_9_2_1/bin/../lib/gcc/arm-none-eabi/9.2.1/../../../../arm-none-eabi/lib/thumb/v7e-m+fp/hard\libc_nano.a(lib_a-signalr.o)
 .text          0x00001160       0x14 c:/ti/gcc_arm_none_eabi_9_2_1/bin/../lib/gcc/arm-none-eabi/9.2.1/../../../../arm-none-eabi/lib/thumb/v7e-m+fp/hard\libc_nano.a(lib_a-strcmp.o)
                0x00001160                strcmp
 .text          0x00001174        0x0 c:/ti/gcc_arm_none_eabi_9_2_1/bin/../lib/gcc/arm-none-eabi/9.2.1/../../../../arm-none-eabi/lib/thumb/v7e-m+fp/hard\libc_nano.a(lib_a-nano-mallocr.o)
 .text          0x00001174        0x0 c:/ti/gcc_arm_none_eabi_9_2_1/bin/../lib/gcc/arm-none-eabi/9.2.1/../../../../arm-none-eabi/lib/thumb/v7e-m+fp/hard\libc_nano.a(lib_a-reent.o)
 .text          0x00001174        0x0 c:/ti/gcc_arm_none_eabi_9_2_1/bin/../lib/gcc/arm-none-eabi/9.2.1/../../../../arm-none-eabi/lib/thumb/v7e-m+fp/hard\libc_nano.a(lib_a-sbrkr.o)
 .text          0x00001174        0x0 c:/ti/gcc_arm_none_eabi_9_2_1/bin/../lib/gcc/arm-none-eabi/9.2.1/../../../../arm-none-eabi/lib/thumb/v7e-m+fp/hard\libc_nano.a(lib_a-mlock.o)
 .text          0x00001174        0x0 c:/ti/gcc_arm_none_eabi_9_2_1/bin/../lib/gcc/arm-none-eabi/9.2.1/../../../../arm-none-eabi/lib/thumb/v7e-m+fp/hard\libc_nano.a(lib_a-nano-freer.o)
 .text          0x00001174        0x0 c:/ti/gcc_arm_none_eabi_9_2_1/bin/../lib/gcc/arm-none-eabi/9.2.1/../../../../arm-none-eabi/lib/thumb/v7e-m+fp/hard\libc_nano.a(lib_a-lock.o)
 .text          0x00001174        0x0 c:/ti/gcc_arm_none_eabi_9_2_1/bin/../lib/gcc/arm-none-eabi/9.2.1/../../../../arm-none-eabi/lib/thumb/v7e-m+fp/hard\libnosys.a(getpid.o)
 .text          0x00001174        0x0 c:/ti/gcc_arm_none_eabi_9_2_1/bin/../lib/gcc/arm-none-eabi/9.2.1/../../../../arm-none-eabi/lib/thumb/v7e-m+fp/hard\libnosys.a(kill.o)
 .text          0x00001174        0x0 c:/ti/gcc_arm_none_eabi_9_2_1/bin/../lib/gcc/arm-none-eabi/9.2.1/../../../../arm-none-eabi/lib/thumb/v7e-m+fp/hard\libnosys.a(sbrk.o)
 .text          0x00001174        0x0 c:/ti/gcc_arm_none_eabi_9_2_1/bin/../lib/gcc/arm-none-eabi/9.2.1/../../../../arm-none-eabi/lib/thumb/v7e-m+fp/hard\libnosys.a(_exit.o)
 .text          0x00001174        0x0 c:/ti/gcc_arm_none_eabi_9_2_1/bin/../lib/gcc/arm-none-eabi/9.2.1/../../../../arm-none-eabi/lib/thumb/v7e-m+fp/hard\libstdc++_nano.a(class_type_info.o)
 .text          0x00001174        0x0 c:/ti/gcc_arm_none_eabi_9_2_1/bin/../lib/gcc/arm-none-eabi/9.2.1/../../../../arm-none-eabi/lib/thumb/v7e-m+fp/hard\libstdc++_nano.a(del_ops.o)
 .text          0x00001174        0x0 c:/ti/gcc_arm_none_eabi_9_2_1/bin/../lib/gcc/arm-none-eabi/9.2.1/../../../../arm-none-eabi/lib/thumb/v7e-m+fp/hard\libstdc++_nano.a(eh_arm.o)
 .text          0x00001174        0x0 c:/ti/gcc_arm_none_eabi_9_2_1/bin/../lib/gcc/arm-none-eabi/9.2.1/../../../../arm-none-eabi/lib/thumb/v7e-m+fp/hard\libstdc++_nano.a(eh_exception.o)
 .text          0x00001174        0x0 c:/ti/gcc_arm_none_eabi_9_2_1/bin/../lib/gcc/arm-none-eabi/9.2.1/../../../../arm-none-eabi/lib/thumb/v7e-m+fp/hard\libstdc++_nano.a(eh_globals.o)
 .text          0x00001174        0x0 c:/ti/gcc_arm_none_eabi_9_2_1/bin/../lib/gcc/arm-none-eabi/9.2.1/../../../../arm-none-eabi/lib/thumb/v7e-m+fp/hard\libstdc++_nano.a(eh_personality.o)
 .text          0x00001174        0x0 c:/ti/gcc_arm_none_eabi_9_2_1/bin/../lib/gcc/arm-none-eabi/9.2.1/../../../../arm-none-eabi/lib/thumb/v7e-m+fp/hard\libstdc++_nano.a(eh_terminate.o)
 .text          0x00001174        0x0 c:/ti/gcc_arm_none_eabi_9_2_1/bin/../lib/gcc/arm-none-eabi/9.2.1/../../../../arm-none-eabi/lib/thumb/v7e-m+fp/hard\libstdc++_nano.a(eh_unex_handler.o)
 .text          0x00001174        0x0 c:/ti/gcc_arm_none_eabi_9_2_1/bin/../lib/gcc/arm-none-eabi/9.2.1/../../../../arm-none-eabi/lib/thumb/v7e-m+fp/hard\libstdc++_nano.a(pure.o)
 .text          0x00001174        0x0 c:/ti/gcc_arm_none_eabi_9_2_1/bin/../lib/gcc/arm-none-eabi/9.2.1/../../../../arm-none-eabi/lib/thumb/v7e-m+fp/hard\libstdc++_nano.a(si_class_type_info.o)
 .text          0x00001174        0x0 c:/ti/gcc_arm_none_eabi_9_2_1/bin/../lib/gcc/arm-none-eabi/9.2.1/../../../../arm-none-eabi/lib/thumb/v7e-m+fp/hard\libstdc++_nano.a(tinfo.o)
 .text          0x00001174        0x0 c:/ti/gcc_arm_none_eabi_9_2_1/bin/../lib/gcc/arm-none-eabi/9.2.1/../../../../arm-none-eabi/lib/thumb/v7e-m+fp/hard\libstdc++_nano.a(vmi_class_type_info.o)
 .text          0x00001174        0x0 c:/ti/gcc_arm_none_eabi_9_2_1/bin/../lib/gcc/arm-none-eabi/9.2.1/../../../../arm-none-eabi/lib/thumb/v7e-m+fp/hard\libstdc++_nano.a(del_op.o)
 .text          0x00001174        0x0 c:/ti/gcc_arm_none_eabi_9_2_1/bin/../lib/gcc/arm-none-eabi/9.2.1/../../../../arm-none-eabi/lib/thumb/v7e-m+fp/hard\libstdc++_nano.a(eh_call.o)
 .text          0x00001174        0x0 c:/ti/gcc_arm_none_eabi_9_2_1/bin/../lib/gcc/arm-none-eabi/9.2.1/../../../../arm-none-eabi/lib/thumb/v7e-m+fp/hard\libstdc++_nano.a(eh_catch.o)
 .text          0x00001174        0x0 c:/ti/gcc_arm_none_eabi_9_2_1/bin/../lib/gcc/arm-none-eabi/9.2.1/../../../../arm-none-eabi/lib/thumb/v7e-m+fp/hard\libstdc++_nano.a(eh_term_handler.o)
 .text          0x00001174        0x0 c:/ti/gcc_arm_none_eabi_9_2_1/bin/../lib/gcc/arm-none-eabi/9.2.1/../../../../arm-none-eabi/lib/thumb/v7e-m+fp/hard\libg_nano.a(lib_a-malloc.o)
 .text          0x00001174        0x0 c:/ti/gcc_arm_none_eabi_9_2_1/bin/../lib/gcc/arm-none-eabi/9.2.1/thumb/v7e-m+fp/hard/crtend.o
 .text          0x00001174        0x0 c:/ti/gcc_arm_none_eabi_9_2_1/bin/../lib/gcc/arm-none-eabi/9.2.1/thumb/v7e-m+fp/hard/crtn.o
 *(.text.*)
 .text.SystemInit
                0x00001174       0x30 ./system_msp432e401y.o
                0x00001174                SystemInit
 .text._ZN22AbstractStorageAdabterC2Ev
                0x000011a4       0x20 ./DataLink/Adapters/dbadabter.o
                0x000011a4                AbstractStorageAdabter::AbstractStorageAdabter()
                0x000011a4                AbstractStorageAdabter::AbstractStorageAdabter()
 .text._ZN18ObjectDeserializerI8responseEC2Ev
                0x000011c4       0x20 ./DataLink/Adapters/dbadabter.o
                0x000011c4                ObjectDeserializer<response>::ObjectDeserializer()
                0x000011c4                ObjectDeserializer<response>::ObjectDeserializer()
 .text._ZN18ObjectDeserializerI8responseED2Ev
                0x000011e4       0x20 ./DataLink/Adapters/dbadabter.o
                0x000011e4                ObjectDeserializer<response>::~ObjectDeserializer()
                0x000011e4                ObjectDeserializer<response>::~ObjectDeserializer()
 .text._ZN18ObjectDeserializerI8responseED0Ev
                0x00001204       0x20 ./DataLink/Adapters/dbadabter.o
                0x00001204                ObjectDeserializer<response>::~ObjectDeserializer()
 .text._ZN20ResponseDeserializerC2Ev
                0x00001224       0x24 ./DataLink/Adapters/dbadabter.o
                0x00001224                ResponseDeserializer::ResponseDeserializer()
                0x00001224                ResponseDeserializer::ResponseDeserializer()
 .text._ZN20ResponseDeserializerD2Ev
                0x00001248       0x24 ./DataLink/Adapters/dbadabter.o
                0x00001248                ResponseDeserializer::~ResponseDeserializer()
                0x00001248                ResponseDeserializer::~ResponseDeserializer()
 .text._ZN20ResponseDeserializerD0Ev
                0x0000126c       0x20 ./DataLink/Adapters/dbadabter.o
                0x0000126c                ResponseDeserializer::~ResponseDeserializer()
 .text._ZN25AbstractTranspoertAdabterC2Ev
                0x0000128c       0x20 ./DataLink/Adapters/transportaddabter.o
                0x0000128c                AbstractTranspoertAdabter::AbstractTranspoertAdabter()
                0x0000128c                AbstractTranspoertAdabter::AbstractTranspoertAdabter()
 .text._ZN25AbstractTranspoertAdabterD2Ev
                0x000012ac       0x20 ./DataLink/Adapters/transportaddabter.o
                0x000012ac                AbstractTranspoertAdabter::~AbstractTranspoertAdabter()
                0x000012ac                AbstractTranspoertAdabter::~AbstractTranspoertAdabter()
 .text._ZN25AbstractTranspoertAdabterD0Ev
                0x000012cc       0x20 ./DataLink/Adapters/transportaddabter.o
                0x000012cc                AbstractTranspoertAdabter::~AbstractTranspoertAdabter()
 .text._ZN16TransportAdapter4InitEv
                0x000012ec       0x20 ./DataLink/Adapters/transportaddabter.o
                0x000012ec                TransportAdapter::Init()
 .text._ZN16ObjectSerializerI6headerEC2Ev
                0x0000130c       0x20 ./DataLink/Adapters/transportaddabter.o
                0x0000130c                ObjectSerializer<header>::ObjectSerializer()
                0x0000130c                ObjectSerializer<header>::ObjectSerializer()
 .text._ZN16ObjectSerializerI6headerED2Ev
                0x0000132c       0x20 ./DataLink/Adapters/transportaddabter.o
                0x0000132c                ObjectSerializer<header>::~ObjectSerializer()
                0x0000132c                ObjectSerializer<header>::~ObjectSerializer()
 .text._ZN16ObjectSerializerI6headerED0Ev
                0x0000134c       0x20 ./DataLink/Adapters/transportaddabter.o
                0x0000134c                ObjectSerializer<header>::~ObjectSerializer()
 .text._ZN16HeaderSerializerC2Ev
                0x0000136c       0x24 ./DataLink/Adapters/transportaddabter.o
                0x0000136c                HeaderSerializer::HeaderSerializer()
                0x0000136c                HeaderSerializer::HeaderSerializer()
 .text._ZN16TransportAdapter4sendER6header
                0x00001390       0x72 ./DataLink/Adapters/transportaddabter.o
                0x00001390                TransportAdapter::send(header&)
 *fill*         0x00001402        0x2 
 .text._ZN16ObjectSerializerI8responseEC2Ev
                0x00001404       0x20 ./DataLink/Adapters/transportaddabter.o
                0x00001404                ObjectSerializer<response>::ObjectSerializer()
                0x00001404                ObjectSerializer<response>::ObjectSerializer()
 .text._ZN16ObjectSerializerI8responseED2Ev
                0x00001424       0x20 ./DataLink/Adapters/transportaddabter.o
                0x00001424                ObjectSerializer<response>::~ObjectSerializer()
                0x00001424                ObjectSerializer<response>::~ObjectSerializer()
 .text._ZN16ObjectSerializerI8responseED0Ev
                0x00001444       0x20 ./DataLink/Adapters/transportaddabter.o
                0x00001444                ObjectSerializer<response>::~ObjectSerializer()
 .text._ZN18ResponseSerializerC2Ev
                0x00001464       0x24 ./DataLink/Adapters/transportaddabter.o
                0x00001464                ResponseSerializer::ResponseSerializer()
                0x00001464                ResponseSerializer::ResponseSerializer()
 .text._ZN16TransportAdapter4sendER8response
                0x00001488       0x64 ./DataLink/Adapters/transportaddabter.o
                0x00001488                TransportAdapter::send(response&)
 .text._ZN16TransportAdapter4sendEv
                0x000014ec       0x22 ./DataLink/Adapters/transportaddabter.o
                0x000014ec                TransportAdapter::send()
 .text._ZN16TransportAdapter7receiveER8response
                0x0000150e       0x28 ./DataLink/Adapters/transportaddabter.o
                0x0000150e                TransportAdapter::receive(response&)
 .text._ZN16TransportAdapter7receiveER6header
                0x00001536       0x26 ./DataLink/Adapters/transportaddabter.o
                0x00001536                TransportAdapter::receive(header&)
 .text._ZN16TransportAdapter12setTxHandlerEPFvPvES0_
                0x0000155c       0x28 ./DataLink/Adapters/transportaddabter.o
                0x0000155c                TransportAdapter::setTxHandler(void (*)(void*), void*)
 .text._ZN16TransportAdapter12setRxHandlerEPFvPvES0_
                0x00001584       0x28 ./DataLink/Adapters/transportaddabter.o
                0x00001584                TransportAdapter::setRxHandler(void (*)(void*), void*)
 .text._ZN16TransportAdapter18setBreakingHandlerEPFvPvES0_
                0x000015ac       0x28 ./DataLink/Adapters/transportaddabter.o
                0x000015ac                TransportAdapter::setBreakingHandler(void (*)(void*), void*)
 .text._ZN16TransportAdapter9DisableRxEv
                0x000015d4       0x22 ./DataLink/Adapters/transportaddabter.o
                0x000015d4                TransportAdapter::DisableRx()
 .text._ZN16TransportAdapter9DisableTxEv
                0x000015f6       0x22 ./DataLink/Adapters/transportaddabter.o
                0x000015f6                TransportAdapter::DisableTx()
 .text._ZN16TransportAdapter4sendEh
                0x00001618       0x28 ./DataLink/Adapters/transportaddabter.o
                0x00001618                TransportAdapter::send(unsigned char)
 .text._ZN16TransportAdapter7receiveEPh
                0x00001640       0x26 ./DataLink/Adapters/transportaddabter.o
                0x00001640                TransportAdapter::receive(unsigned char*)
 *fill*         0x00001666        0x2 
 .text._ZN16TransportAdapterD2Ev
                0x00001668       0x24 ./DataLink/Adapters/transportaddabter.o
                0x00001668                TransportAdapter::~TransportAdapter()
                0x00001668                TransportAdapter::~TransportAdapter()
 .text._ZN16TransportAdapterD0Ev
                0x0000168c       0x20 ./DataLink/Adapters/transportaddabter.o
                0x0000168c                TransportAdapter::~TransportAdapter()
 .text._ZN16HeaderSerializerD2Ev
                0x000016ac       0x24 ./DataLink/Adapters/transportaddabter.o
                0x000016ac                HeaderSerializer::~HeaderSerializer()
                0x000016ac                HeaderSerializer::~HeaderSerializer()
 .text._ZN16HeaderSerializerD0Ev
                0x000016d0       0x20 ./DataLink/Adapters/transportaddabter.o
                0x000016d0                HeaderSerializer::~HeaderSerializer()
 .text._ZN18ResponseSerializerD2Ev
                0x000016f0       0x24 ./DataLink/Adapters/transportaddabter.o
                0x000016f0                ResponseSerializer::~ResponseSerializer()
                0x000016f0                ResponseSerializer::~ResponseSerializer()
 .text._ZN18ResponseSerializerD0Ev
                0x00001714       0x20 ./DataLink/Adapters/transportaddabter.o
                0x00001714                ResponseSerializer::~ResponseSerializer()
 .text._ZN8NotifierD2Ev
                0x00001734       0x20 ./DataLink/Notifiers/LinNotifier.o
                0x00001734                Notifier::~Notifier()
                0x00001734                Notifier::~Notifier()
 .text._ZN8NotifierD0Ev
                0x00001754       0x20 ./DataLink/Notifiers/LinNotifier.o
                0x00001754                Notifier::~Notifier()
 .text._ZN10LinsStatesC2Ev
                0x00001774       0x20 ./DataLink/Notifiers/LinNotifier.o
                0x00001774                LinsStates::LinsStates()
                0x00001774                LinsStates::LinsStates()
 .text._ZN10LinsStatesD2Ev
                0x00001794       0x20 ./DataLink/Notifiers/LinNotifier.o
                0x00001794                LinsStates::~LinsStates()
                0x00001794                LinsStates::~LinsStates()
 .text._ZN10LinsStatesD0Ev
                0x000017b4       0x20 ./DataLink/Notifiers/LinNotifier.o
                0x000017b4                LinsStates::~LinsStates()
 .text._ZN22DispatchingAndHandlingC2Ev
                0x000017d4       0x2c ./DataLink/Notifiers/LinNotifier.o
                0x000017d4                DispatchingAndHandling::DispatchingAndHandling()
                0x000017d4                DispatchingAndHandling::DispatchingAndHandling()
 .text._ZN22DispatchingAndHandling11getInstanceEv
                0x00001800       0x3c ./DataLink/Notifiers/LinNotifier.o
                0x00001800                DispatchingAndHandling::getInstance()
 .text._ZN14ReceivingBreakC2Ev
                0x0000183c       0x2c ./DataLink/Notifiers/LinNotifier.o
                0x0000183c                ReceivingBreak::ReceivingBreak()
                0x0000183c                ReceivingBreak::ReceivingBreak()
 .text._ZN14ReceivingBreak11getInstanceEv
                0x00001868       0x3c ./DataLink/Notifiers/LinNotifier.o
                0x00001868                ReceivingBreak::getInstance()
 .text._ZN15ReceivingHeaderC2Ev
                0x000018a4       0x2c ./DataLink/Notifiers/LinNotifier.o
                0x000018a4                ReceivingHeader::ReceivingHeader()
                0x000018a4                ReceivingHeader::ReceivingHeader()
 .text._ZN15ReceivingHeader11getInstanceEv
                0x000018d0       0x3c ./DataLink/Notifiers/LinNotifier.o
                0x000018d0                ReceivingHeader::getInstance()
 .text._ZN10ValidatingC2Ev
                0x0000190c       0x24 ./DataLink/Notifiers/LinNotifier.o
                0x0000190c                Validating::Validating()
                0x0000190c                Validating::Validating()
 .text._ZN10Validating11getInstanceEv
                0x00001930       0x3c ./DataLink/Notifiers/LinNotifier.o
                0x00001930                Validating::getInstance()
 .text._ZN4InitC2Ev
                0x0000196c       0x24 ./DataLink/Notifiers/LinNotifier.o
                0x0000196c                Init::Init()
                0x0000196c                Init::Init()
 .text._ZN4Init11getInstanceEv
                0x00001990       0x3c ./DataLink/Notifiers/LinNotifier.o
                0x00001990                Init::getInstance()
 .text._ZN9RNotifier6notifyEP13LinConnection
                0x000019cc       0xf0 ./DataLink/Notifiers/LinNotifier.o
                0x000019cc                RNotifier::notify(LinConnection*)
 .text._ZN9RNotifierD2Ev
                0x00001abc       0x24 ./DataLink/Notifiers/LinNotifier.o
                0x00001abc                RNotifier::~RNotifier()
                0x00001abc                RNotifier::~RNotifier()
 .text._ZN9RNotifierD0Ev
                0x00001ae0       0x20 ./DataLink/Notifiers/LinNotifier.o
                0x00001ae0                RNotifier::~RNotifier()
 .text._ZN22DispatchingAndHandlingD2Ev
                0x00001b00       0x24 ./DataLink/Notifiers/LinNotifier.o
                0x00001b00                DispatchingAndHandling::~DispatchingAndHandling()
                0x00001b00                DispatchingAndHandling::~DispatchingAndHandling()
 .text._ZN22DispatchingAndHandlingD0Ev
                0x00001b24       0x20 ./DataLink/Notifiers/LinNotifier.o
                0x00001b24                DispatchingAndHandling::~DispatchingAndHandling()
 .text._ZN14ReceivingBreakD2Ev
                0x00001b44       0x24 ./DataLink/Notifiers/LinNotifier.o
                0x00001b44                ReceivingBreak::~ReceivingBreak()
                0x00001b44                ReceivingBreak::~ReceivingBreak()
 .text._ZN14ReceivingBreakD0Ev
                0x00001b68       0x20 ./DataLink/Notifiers/LinNotifier.o
                0x00001b68                ReceivingBreak::~ReceivingBreak()
 .text._ZN15ReceivingHeaderD2Ev
                0x00001b88       0x24 ./DataLink/Notifiers/LinNotifier.o
                0x00001b88                ReceivingHeader::~ReceivingHeader()
                0x00001b88                ReceivingHeader::~ReceivingHeader()
 .text._ZN15ReceivingHeaderD0Ev
                0x00001bac       0x20 ./DataLink/Notifiers/LinNotifier.o
                0x00001bac                ReceivingHeader::~ReceivingHeader()
 .text._ZN10ValidatingD2Ev
                0x00001bcc       0x24 ./DataLink/Notifiers/LinNotifier.o
                0x00001bcc                Validating::~Validating()
                0x00001bcc                Validating::~Validating()
 .text._ZN10ValidatingD0Ev
                0x00001bf0       0x20 ./DataLink/Notifiers/LinNotifier.o
                0x00001bf0                Validating::~Validating()
 .text._ZN4InitD2Ev
                0x00001c10       0x24 ./DataLink/Notifiers/LinNotifier.o
                0x00001c10                Init::~Init()
                0x00001c10                Init::~Init()
 .text._ZN4InitD0Ev
                0x00001c34       0x20 ./DataLink/Notifiers/LinNotifier.o
                0x00001c34                Init::~Init()
 .text._Z7HandlerP22DispatchingAndHandling
                0x00001c54       0x2a ./DataLink/States/LinStates/DispatchingAndHandling.o
                0x00001c54                Handler(DispatchingAndHandling*)
 .text._Z30handleReceivingResponseWrapperPv
                0x00001c7e       0x16 ./DataLink/States/LinStates/DispatchingAndHandling.o
                0x00001c7e                handleReceivingResponseWrapper(void*)
 .text._ZN22DispatchingAndHandling6handleEv
                0x00001c94       0x40 ./DataLink/States/LinStates/DispatchingAndHandling.o
                0x00001c94                DispatchingAndHandling::handle()
 .text._ZN4Init6handleEv
                0x00001cd4       0x3a ./DataLink/States/LinStates/Init.o
                0x00001cd4                Init::handle()
 .text._ZN13LinConnection8setStateER10LinsStates
                0x00001d0e       0x1c ./DataLink/States/LinStates/LinConnection.o
                0x00001d0e                LinConnection::setState(LinsStates&)
 .text._ZN13LinConnection7requestEv
                0x00001d2a       0x22 ./DataLink/States/LinStates/LinConnection.o
                0x00001d2a                LinConnection::request()
 .text._ZN13LinConnection11getNotifierEv
                0x00001d4c       0x18 ./DataLink/States/LinStates/LinConnection.o
                0x00001d4c                LinConnection::getNotifier()
 .text._Z7HandlerP14ReceivingBreak
                0x00001d64       0x2a ./DataLink/States/LinStates/ReceivingBreak.o
                0x00001d64                Handler(ReceivingBreak*)
 .text._Z27handleReceivingBreakWrapperPv
                0x00001d8e       0x16 ./DataLink/States/LinStates/ReceivingBreak.o
                0x00001d8e                handleReceivingBreakWrapper(void*)
 .text._ZN14ReceivingBreak6handleEv
                0x00001da4       0x4c ./DataLink/States/LinStates/ReceivingBreak.o
                0x00001da4                ReceivingBreak::handle()
 .text._Z7HandlerP15ReceivingHeader
                0x00001df0       0x2a ./DataLink/States/LinStates/ReceivingHeader.o
                0x00001df0                Handler(ReceivingHeader*)
 .text._Z28handleReceivingHeaderWrapperPv
                0x00001e1a       0x16 ./DataLink/States/LinStates/ReceivingHeader.o
                0x00001e1a                handleReceivingHeaderWrapper(void*)
 .text._ZN15ReceivingHeader6handleEv
                0x00001e30       0x40 ./DataLink/States/LinStates/ReceivingHeader.o
                0x00001e30                ReceivingHeader::handle()
 .text._ZN10Validating6handleEv
                0x00001e70       0x60 ./DataLink/States/LinStates/Validating.o
                0x00001e70                Validating::handle()
 .text._ZN28AbstracterdConnectionHandlerD2Ev
                0x00001ed0       0x20 ./DataLink/communication/LinConnectionHandler.o
                0x00001ed0                AbstracterdConnectionHandler::~AbstracterdConnectionHandler()
                0x00001ed0                AbstracterdConnectionHandler::~AbstracterdConnectionHandler()
 .text._ZN28AbstracterdConnectionHandlerD0Ev
                0x00001ef0       0x20 ./DataLink/communication/LinConnectionHandler.o
                0x00001ef0                AbstracterdConnectionHandler::~AbstracterdConnectionHandler()
 .text._ZN20LinConnectionHandler6handleER5frame
                0x00001f10       0x88 ./DataLink/communication/LinConnectionHandler.o
                0x00001f10                LinConnectionHandler::handle(frame&)
 .text._ZN20LinConnectionHandler12CanYouHandleER6header
                0x00001f98       0x30 ./DataLink/communication/LinConnectionHandler.o
                0x00001f98                LinConnectionHandler::CanYouHandle(header&)
 .text._ZN20LinConnectionHandlerD2Ev
                0x00001fc8       0x24 ./DataLink/communication/LinConnectionHandler.o
                0x00001fc8                LinConnectionHandler::~LinConnectionHandler()
                0x00001fc8                LinConnectionHandler::~LinConnectionHandler()
 .text._ZN20LinConnectionHandlerD0Ev
                0x00001fec       0x20 ./DataLink/communication/LinConnectionHandler.o
                0x00001fec                LinConnectionHandler::~LinConnectionHandler()
 .text._ZN26AbstractedFramedDispatcherD2Ev
                0x0000200c       0x20 ./DataLink/communication/LinFrameDespatcher.o
                0x0000200c                AbstractedFramedDispatcher::~AbstractedFramedDispatcher()
                0x0000200c                AbstractedFramedDispatcher::~AbstractedFramedDispatcher()
 .text._ZN26AbstractedFramedDispatcherD0Ev
                0x0000202c       0x20 ./DataLink/communication/LinFrameDespatcher.o
                0x0000202c                AbstractedFramedDispatcher::~AbstractedFramedDispatcher()
 .text._ZN15FrameDespatcher8dispatchER5frame
                0x0000204c       0x84 ./DataLink/communication/LinFrameDespatcher.o
                0x0000204c                FrameDespatcher::dispatch(frame&)
 .text._ZNSt5arrayIP28AbstracterdConnectionHandlerLj1EEixEj
                0x000020d0       0x1e ./DataLink/communication/LinFrameDespatcher.o
                0x000020d0                std::array<AbstracterdConnectionHandler*, 1u>::operator[](unsigned int)
 .text._ZNSt5arrayIP28AbstracterdConnectionHandlerLj1EE5beginEv
                0x000020ee       0x18 ./DataLink/communication/LinFrameDespatcher.o
                0x000020ee                std::array<AbstracterdConnectionHandler*, 1u>::begin()
 .text._ZNSt5arrayIP28AbstracterdConnectionHandlerLj1EE3endEv
                0x00002106       0x1a ./DataLink/communication/LinFrameDespatcher.o
                0x00002106                std::array<AbstracterdConnectionHandler*, 1u>::end()
 .text._ZNSt14__array_traitsIP28AbstracterdConnectionHandlerLj1EE6_S_refERA1_KS1_j
                0x00002120       0x1e ./DataLink/communication/LinFrameDespatcher.o
                0x00002120                std::__array_traits<AbstracterdConnectionHandler*, 1u>::_S_ref(AbstracterdConnectionHandler* const (&) [1], unsigned int)
 .text._ZNSt5arrayIP28AbstracterdConnectionHandlerLj1EE4dataEv
                0x0000213e       0x1a ./DataLink/communication/LinFrameDespatcher.o
                0x0000213e                std::array<AbstracterdConnectionHandler*, 1u>::data()
 .text._ZNSt14__array_traitsIP28AbstracterdConnectionHandlerLj1EE6_S_ptrERA1_KS1_
                0x00002158       0x16 ./DataLink/communication/LinFrameDespatcher.o
                0x00002158                std::__array_traits<AbstracterdConnectionHandler*, 1u>::_S_ptr(AbstracterdConnectionHandler* const (&) [1])
 *fill*         0x0000216e        0x2 
 .text._ZN15FrameDespatcherD2Ev
                0x00002170       0x24 ./DataLink/communication/LinFrameDespatcher.o
                0x00002170                FrameDespatcher::~FrameDespatcher()
                0x00002170                FrameDespatcher::~FrameDespatcher()
 .text._ZN15FrameDespatcherD0Ev
                0x00002194       0x20 ./DataLink/communication/LinFrameDespatcher.o
                0x00002194                FrameDespatcher::~FrameDespatcher()
 .text._ZN13LinConnectionC2EP10LinsStatesP8Notifier
                0x000021b4       0x26 ./DataLink/initializer/Lin.o
                0x000021b4                LinConnection::LinConnection(LinsStates*, Notifier*)
                0x000021b4                LinConnection::LinConnection(LinsStates*, Notifier*)
 *fill*         0x000021da        0x2 
 .text._ZN28AbstracterdConnectionHandlerC2Ev
                0x000021dc       0x20 ./DataLink/initializer/Lin.o
                0x000021dc                AbstracterdConnectionHandler::AbstracterdConnectionHandler()
                0x000021dc                AbstracterdConnectionHandler::AbstracterdConnectionHandler()
 .text._ZN20LinConnectionHandlerC2EP22AbstractStorageAdabterP25AbstractTranspoertAdabterP19AbstractedValidatorP13LinConnection
                0x000021fc       0x44 ./DataLink/initializer/Lin.o
                0x000021fc                LinConnectionHandler::LinConnectionHandler(AbstractStorageAdabter*, AbstractTranspoertAdabter*, AbstractedValidator*, LinConnection*)
                0x000021fc                LinConnectionHandler::LinConnectionHandler(AbstractStorageAdabter*, AbstractTranspoertAdabter*, AbstractedValidator*, LinConnection*)
 .text._ZN26AbstractedFramedDispatcherC2Ev
                0x00002240       0x20 ./DataLink/initializer/Lin.o
                0x00002240                AbstractedFramedDispatcher::AbstractedFramedDispatcher()
                0x00002240                AbstractedFramedDispatcher::AbstractedFramedDispatcher()
 .text._ZN15FrameDespatcherC2Ev
                0x00002260       0x24 ./DataLink/initializer/Lin.o
                0x00002260                FrameDespatcher::FrameDespatcher()
                0x00002260                FrameDespatcher::FrameDespatcher()
 .text._ZN19AbstractedValidatorC2Ev
                0x00002284       0x20 ./DataLink/initializer/Lin.o
                0x00002284                AbstractedValidator::AbstractedValidator()
                0x00002284                AbstractedValidator::AbstractedValidator()
 .text._ZN19AbstractedValidatorD2Ev
                0x000022a4       0x20 ./DataLink/initializer/Lin.o
                0x000022a4                AbstractedValidator::~AbstractedValidator()
                0x000022a4                AbstractedValidator::~AbstractedValidator()
 .text._ZN19AbstractedValidatorD0Ev
                0x000022c4       0x20 ./DataLink/initializer/Lin.o
                0x000022c4                AbstractedValidator::~AbstractedValidator()
 .text._ZN18ClassicalValidatorC2Ev
                0x000022e4       0x24 ./DataLink/initializer/Lin.o
                0x000022e4                ClassicalValidator::ClassicalValidator()
                0x000022e4                ClassicalValidator::ClassicalValidator()
 .text._ZN8NotifierC2Ev
                0x00002308       0x20 ./DataLink/initializer/Lin.o
                0x00002308                Notifier::Notifier()
                0x00002308                Notifier::Notifier()
 .text._ZN9RNotifierC2Ev
                0x00002328       0x24 ./DataLink/initializer/Lin.o
                0x00002328                RNotifier::RNotifier()
                0x00002328                RNotifier::RNotifier()
 .text._ZN9RNotifier11getInstanceEv
                0x0000234c       0x3c ./DataLink/initializer/Lin.o
                0x0000234c                RNotifier::getInstance()
 .text._ZN18ClassicalValidatorD2Ev
                0x00002388       0x24 ./DataLink/initializer/Lin.o
                0x00002388                ClassicalValidator::~ClassicalValidator()
                0x00002388                ClassicalValidator::~ClassicalValidator()
 .text._ZN18ClassicalValidatorD0Ev
                0x000023ac       0x20 ./DataLink/initializer/Lin.o
                0x000023ac                ClassicalValidator::~ClassicalValidator()
 .text._ZN18HeaderDeserializer11deserializeEPhh
                0x000023cc       0x38 ./DataLink/serializtion/headerdeserializer.o
                0x000023cc                HeaderDeserializer::deserialize(unsigned char*, unsigned char)
 .text._ZN18ObjectDeserializerI6headerED2Ev
                0x00002404       0x20 ./DataLink/serializtion/headerdeserializer.o
                0x00002404                ObjectDeserializer<header>::~ObjectDeserializer()
                0x00002404                ObjectDeserializer<header>::~ObjectDeserializer()
 .text._ZN18ObjectDeserializerI6headerED0Ev
                0x00002424       0x20 ./DataLink/serializtion/headerdeserializer.o
                0x00002424                ObjectDeserializer<header>::~ObjectDeserializer()
 .text._ZN18HeaderDeserializerD2Ev
                0x00002444       0x24 ./DataLink/serializtion/headerdeserializer.o
                0x00002444                HeaderDeserializer::~HeaderDeserializer()
                0x00002444                HeaderDeserializer::~HeaderDeserializer()
 .text._ZN18HeaderDeserializerD0Ev
                0x00002468       0x20 ./DataLink/serializtion/headerdeserializer.o
                0x00002468                HeaderDeserializer::~HeaderDeserializer()
 .text._ZN16HeaderSerializer9serializeERK6header
                0x00002488       0x3a ./DataLink/serializtion/headerserializer.o
                0x00002488                HeaderSerializer::serialize(header const&)
 .text._ZSt7forwardIiEOT_RNSt16remove_referenceIS0_E4typeE
                0x000024c2       0x16 ./DataLink/serializtion/headerserializer.o
                0x000024c2                int&& std::forward<int>(std::remove_reference<int>::type&)
 .text._ZNSt4pairIPhhEC2IiLb1EEERKS0_OT_
                0x000024d8       0x2e ./DataLink/serializtion/headerserializer.o
                0x000024d8                std::pair<unsigned char*, unsigned char>::pair<int, true>(unsigned char* const&, int&&)
                0x000024d8                std::pair<unsigned char*, unsigned char>::pair<int, true>(unsigned char* const&, int&&)
 .text._ZN20ResponseDeserializer11deserializeEPhh
                0x00002506       0x44 ./DataLink/serializtion/responsedeserializer.o
                0x00002506                ResponseDeserializer::deserialize(unsigned char*, unsigned char)
 .text._ZN18ResponseSerializer9serializeERK8response
                0x0000254a       0x3c ./DataLink/serializtion/responseserializer.o
                0x0000254a                ResponseSerializer::serialize(response const&)
 .text._ZNSt4pairIPhhEC2IS0_hLb1EEERKS0_RKh
                0x00002586       0x2a ./DataLink/serializtion/responseserializer.o
                0x00002586                std::pair<unsigned char*, unsigned char>::pair<unsigned char*, unsigned char, true>(unsigned char* const&, unsigned char const&)
                0x00002586                std::pair<unsigned char*, unsigned char>::pair<unsigned char*, unsigned char, true>(unsigned char* const&, unsigned char const&)
 .text._ZN18ClassicalValidator7isValidER5frame
                0x000025b0       0x34 ./DataLink/validators/ClassicalValidator.o
                0x000025b0                ClassicalValidator::isValid(frame&)
 .text._ZN18ClassicalValidator11getCheckSumER5frame
                0x000025e4       0x24 ./DataLink/validators/ClassicalValidator.o
                0x000025e4                ClassicalValidator::getCheckSum(frame&)
 .text._ZN17InhancedValidator7isValidER5frame
                0x00002608       0x76 ./DataLink/validators/InhancedValidator.o
                0x00002608                InhancedValidator::isValid(frame&)
 .text._ZN17InhancedValidator11getCheckSumER5frame
                0x0000267e       0x68 ./DataLink/validators/InhancedValidator.o
                0x0000267e                InhancedValidator::getCheckSum(frame&)
 *fill*         0x000026e6        0x2 
 .text._ZN17InhancedValidatorD2Ev
                0x000026e8       0x24 ./DataLink/validators/InhancedValidator.o
                0x000026e8                InhancedValidator::~InhancedValidator()
                0x000026e8                InhancedValidator::~InhancedValidator()
 .text._ZN17InhancedValidatorD0Ev
                0x0000270c       0x20 ./DataLink/validators/InhancedValidator.o
                0x0000270c                InhancedValidator::~InhancedValidator()
 .text.Reset_Handler
                0x0000272c       0x44 ./gcc/startup_msp432e401y_gcc.o
                0x0000272c                Reset_Handler
 .text.Default_Handler
                0x00002770        0x6 ./gcc/startup_msp432e401y_gcc.o
                0x00002770                GPIOP3_IRQHandler
                0x00002770                DebugMon_Handler
                0x00002770                I2C0_IRQHandler
                0x00002770                GPIOQ0_IRQHandler
                0x00002770                HardFault_Handler
                0x00002770                DES0_IRQHandler
                0x00002770                EPI0_IRQHandler
                0x00002770                GPIOE_IRQHandler
                0x00002770                GPIOB_IRQHandler
                0x00002770                GPIOA_IRQHandler
                0x00002770                GPIOL_IRQHandler
                0x00002770                SysTick_Handler
                0x00002770                PendSV_Handler
                0x00002770                NMI_Handler
                0x00002770                I2C1_IRQHandler
                0x00002770                AES0_IRQHandler
                0x00002770                UART1_IRQHandler
                0x00002770                CAN1_IRQHandler
                0x00002770                GPIOQ4_IRQHandler
                0x00002770                TIMER4B_IRQHandler
                0x00002770                TIMER3A_IRQHandler
                0x00002770                TIMER4A_IRQHandler
                0x00002770                GPIOK_IRQHandler
                0x00002770                UART0_IRQHandler
                0x00002770                SSI0_IRQHandler
                0x00002770                PWM0_0_IRQHandler
                0x00002770                WATCHDOG_IRQHandler
                0x00002770                GPIOQ7_IRQHandler
                0x00002770                UsageFault_Handler
                0x00002770                I2C7_IRQHandler
                0x00002770                GPIOQ2_IRQHandler
                0x00002770                GPIOP5_IRQHandler
                0x00002770                GPIOM_IRQHandler
                0x00002770                EMAC0_IRQHandler
                0x00002770                GPIOP2_IRQHandler
                0x00002770                TIMER2B_IRQHandler
                0x00002770                I2C5_IRQHandler
                0x00002770                I2C4_IRQHandler
                0x00002770                TIMER6A_IRQHandler
                0x00002770                SSI1_IRQHandler
                0x00002770                GPIOF_IRQHandler
                0x00002770                I2C2_IRQHandler
                0x00002770                GPIOQ1_IRQHandler
                0x00002770                ADC1SS0_IRQHandler
                0x00002770                GPIOP7_IRQHandler
                0x00002770                TIMER0B_IRQHandler
                0x00002770                TIMER3B_IRQHandler
                0x00002770                TIMER2A_IRQHandler
                0x00002770                UART5_IRQHandler
                0x00002770                GPIOD_IRQHandler
                0x00002770                TIMER0A_IRQHandler
                0x00002770                COMP0_IRQHandler
                0x00002770                PWM0_2_IRQHandler
                0x00002770                GPIOC_IRQHandler
                0x00002770                SHA0_IRQHandler
                0x00002770                UDMA_IRQHandler
                0x00002770                UART2_IRQHandler
                0x00002770                UART4_IRQHandler
                0x00002770                GPIOP4_IRQHandler
                0x00002770                I2C6_IRQHandler
                0x00002770                Default_Handler
                0x00002770                COMP2_IRQHandler
                0x00002770                I2C9_IRQHandler
                0x00002770                ADC0SS3_IRQHandler
                0x00002770                QEI0_IRQHandler
                0x00002770                GPIOG_IRQHandler
                0x00002770                GPIOH_IRQHandler
                0x00002770                ADC1SS2_IRQHandler
                0x00002770                TIMER5A_IRQHandler
                0x00002770                USB0_IRQHandler
                0x00002770                I2C3_IRQHandler
                0x00002770                GPIOQ3_IRQHandler
                0x00002770                MemManage_Handler
                0x00002770                ADC0SS2_IRQHandler
                0x00002770                SYSEXC_IRQHandler
                0x00002770                UDMAERR_IRQHandler
                0x00002770                GPIOQ5_IRQHandler
                0x00002770                SVC_Handler
                0x00002770                ADC1SS1_IRQHandler
                0x00002770                GPIOJ_IRQHandler
                0x00002770                ADC0SS0_IRQHandler
                0x00002770                ADC0SS1_IRQHandler
                0x00002770                CAN0_IRQHandler
                0x00002770                TIMER6B_IRQHandler
                0x00002770                TIMER5B_IRQHandler
                0x00002770                GPIOQ6_IRQHandler
                0x00002770                GPIOP6_IRQHandler
                0x00002770                GPIOP0_IRQHandler
                0x00002770                PWM0_3_IRQHandler
                0x00002770                SYSCTL_IRQHandler
                0x00002770                PWM0_1_IRQHandler
                0x00002770                SSI2_IRQHandler
                0x00002770                UART7_IRQHandler
                0x00002770                HIBERNATE_IRQHandler
                0x00002770                UART6_IRQHandler
                0x00002770                PWM0_FAULT_IRQHandler
                0x00002770                TAMPER0_IRQHandler
                0x00002770                TIMER7B_IRQHandler
                0x00002770                TIMER7A_IRQHandler
                0x00002770                TIMER1A_IRQHandler
                0x00002770                FLASH_IRQHandler
                0x00002770                GPION_IRQHandler
                0x00002770                BusFault_Handler
                0x00002770                SSI3_IRQHandler
                0x00002770                UART3_IRQHandler
                0x00002770                I2C8_IRQHandler
                0x00002770                COMP1_IRQHandler
                0x00002770                TIMER1B_IRQHandler
                0x00002770                GPIOP1_IRQHandler
                0x00002770                ADC1SS3_IRQHandler
 *fill*         0x00002776        0x2 
 .text._Z8UARTSendPKhm
                0x00002778       0x48 ./main/main.o
                0x00002778                UARTSend(unsigned char const*, unsigned long)
 .text.main     0x000027c0       0xd8 ./main/main.o
                0x000027c0                main
 .text._ZN19AbstractedTransportD2Ev
                0x00002898       0x20 ./msp432_uart_transport/msp432_uart_transport.o
                0x00002898                AbstractedTransport::~AbstractedTransport()
                0x00002898                AbstractedTransport::~AbstractedTransport()
 .text._ZN19AbstractedTransportD0Ev
                0x000028b8       0x20 ./msp432_uart_transport/msp432_uart_transport.o
                0x000028b8                AbstractedTransport::~AbstractedTransport()
 .text._ZN13UartTransport4InitEv
                0x000028d8       0xbc ./msp432_uart_transport/msp432_uart_transport.o
                0x000028d8                UartTransport::Init()
 .text._ZN13UartTransport4sendEPhh
                0x00002994       0x74 ./msp432_uart_transport/msp432_uart_transport.o
                0x00002994                UartTransport::send(unsigned char*, unsigned char)
 .text._ZN13UartTransport7receiveEPhh
                0x00002a08       0x4c ./msp432_uart_transport/msp432_uart_transport.o
                0x00002a08                UartTransport::receive(unsigned char*, unsigned char)
 .text._ZN13UartTransport9SendBreakEv
                0x00002a54       0x50 ./msp432_uart_transport/msp432_uart_transport.o
                0x00002a54                UartTransport::SendBreak()
 .text._ZN13UartTransport5sleepEv
                0x00002aa4       0x16 ./msp432_uart_transport/msp432_uart_transport.o
                0x00002aa4                UartTransport::sleep()
 *fill*         0x00002aba        0x2 
 .text._ZN13UartTransport18RegisterRxCallBackEPFvPvES0_
                0x00002abc       0x2c ./msp432_uart_transport/msp432_uart_transport.o
                0x00002abc                UartTransport::RegisterRxCallBack(void (*)(void*), void*)
 .text._ZN13UartTransport18RegisterTxCallBackEPFvPvES0_
                0x00002ae8       0x2c ./msp432_uart_transport/msp432_uart_transport.o
                0x00002ae8                UartTransport::RegisterTxCallBack(void (*)(void*), void*)
 .text._ZN13UartTransport21RegisterBreakCallBackEPFvPvES0_
                0x00002b14       0x2c ./msp432_uart_transport/msp432_uart_transport.o
                0x00002b14                UartTransport::RegisterBreakCallBack(void (*)(void*), void*)
 .text._ZN13UartTransport20UnRegisterRxCallBackEv
                0x00002b40       0x28 ./msp432_uart_transport/msp432_uart_transport.o
                0x00002b40                UartTransport::UnRegisterRxCallBack()
 .text._ZN13UartTransport20UnRegisterTxCallBackEv
                0x00002b68       0x28 ./msp432_uart_transport/msp432_uart_transport.o
                0x00002b68                UartTransport::UnRegisterTxCallBack()
 .text._ZN13UartTransport23UnRegisterBreakCallBackEv
                0x00002b90       0x28 ./msp432_uart_transport/msp432_uart_transport.o
                0x00002b90                UartTransport::UnRegisterBreakCallBack()
 .text._ZN13UartTransport9disableRxEv
                0x00002bb8       0x28 ./msp432_uart_transport/msp432_uart_transport.o
                0x00002bb8                UartTransport::disableRx()
 .text._ZN13UartTransport9disableTxEv
                0x00002be0       0x28 ./msp432_uart_transport/msp432_uart_transport.o
                0x00002be0                UartTransport::disableTx()
 .text._ZN13UartTransport11receiveByteEPh
                0x00002c08       0x30 ./msp432_uart_transport/msp432_uart_transport.o
                0x00002c08                UartTransport::receiveByte(unsigned char*)
 .text._ZN13UartTransport8sendByteEh
                0x00002c38       0x30 ./msp432_uart_transport/msp432_uart_transport.o
                0x00002c38                UartTransport::sendByte(unsigned char)
 .text._ZN13UartTransportD2Ev
                0x00002c68       0x24 ./msp432_uart_transport/msp432_uart_transport.o
                0x00002c68                UartTransport::~UartTransport()
                0x00002c68                UartTransport::~UartTransport()
 .text._ZN13UartTransportD0Ev
                0x00002c8c       0x20 ./msp432_uart_transport/msp432_uart_transport.o
                0x00002c8c                UartTransport::~UartTransport()
 .text._ZN9FrameInfoC2Ev
                0x00002cac       0x20 ./storage/db/LINDataBase.o
                0x00002cac                FrameInfo::FrameInfo()
                0x00002cac                FrameInfo::FrameInfo()
 .text._ZN6SignalC2Ev
                0x00002ccc       0x20 ./storage/db/LINDataBase.o
                0x00002ccc                Signal::Signal()
                0x00002ccc                Signal::Signal()
 .text._ZN5LinDbC2Ev
                0x00002cec       0x38 ./storage/db/LINDataBase.o
                0x00002cec                LinDb::LinDb()
                0x00002cec                LinDb::LinDb()
 .text._Z8checkSumPhh
                0x00002d24       0x58 ./utils/checksum.o
                0x00002d24                checkSum(unsigned char*, unsigned char)
 .text.GPIOPinConfigure
                0x00002d7c       0x5c C:/ti/simplelink_msp432e4_sdk_4_20_00_12/source\ti/devices/msp432e4/driverlib/lib/gcc/m4f/msp432e4_driverlib.a(gpio.o)
                0x00002d7c                GPIOPinConfigure
 .text._SysCtlMemTimingGet
                0x00002dd8       0x48 C:/ti/simplelink_msp432e4_sdk_4_20_00_12/source\ti/devices/msp432e4/driverlib/lib/gcc/m4f/msp432e4_driverlib.a(sysctl.o)
 .text._SysCtlFrequencyGet
                0x00002e20       0x9c C:/ti/simplelink_msp432e4_sdk_4_20_00_12/source\ti/devices/msp432e4/driverlib/lib/gcc/m4f/msp432e4_driverlib.a(sysctl.o)
 .text.SysCtlDelay
                0x00002ebc        0xa C:/ti/simplelink_msp432e4_sdk_4_20_00_12/source\ti/devices/msp432e4/driverlib/lib/gcc/m4f/msp432e4_driverlib.a(sysctl.o)
                0x00002ebc                SysCtlDelay
 *fill*         0x00002ec6        0x2 
 .text.SysCtlClockFreqSet
                0x00002ec8      0x32c C:/ti/simplelink_msp432e4_sdk_4_20_00_12/source\ti/devices/msp432e4/driverlib/lib/gcc/m4f/msp432e4_driverlib.a(sysctl.o)
                0x00002ec8                SysCtlClockFreqSet
 .text.UARTIntEnable
                0x000031f4       0x28 C:/ti/simplelink_msp432e4_sdk_4_20_00_12/source\ti/devices/msp432e4/driverlib/lib/gcc/m4f/msp432e4_driverlib.a(uart.o)
                0x000031f4                UARTIntEnable
 .text.unlikely
                0x0000321c        0xc c:/ti/gcc_arm_none_eabi_9_2_1/bin/../lib/gcc/arm-none-eabi/9.2.1/thumb/v7e-m+fp/hard\libgcc.a(pr-support.o)
                0x0000321c                _Unwind_GetDataRelBase
                0x00003222                _Unwind_GetTextRelBase
 .text.abort    0x00003228        0xe c:/ti/gcc_arm_none_eabi_9_2_1/bin/../lib/gcc/arm-none-eabi/9.2.1/../../../../arm-none-eabi/lib/thumb/v7e-m+fp/hard\libc_nano.a(lib_a-abort.o)
                0x00003228                abort
 .text.__aeabi_atexit
                0x00003236        0xa c:/ti/gcc_arm_none_eabi_9_2_1/bin/../lib/gcc/arm-none-eabi/9.2.1/../../../../arm-none-eabi/lib/thumb/v7e-m+fp/hard\libc_nano.a(lib_a-aeabi_atexit.o)
                0x00003236                __aeabi_atexit
 .text.__cxa_atexit
                0x00003240       0x1c c:/ti/gcc_arm_none_eabi_9_2_1/bin/../lib/gcc/arm-none-eabi/9.2.1/../../../../arm-none-eabi/lib/thumb/v7e-m+fp/hard\libc_nano.a(lib_a-cxa_atexit.o)
                0x00003240                __cxa_atexit
 .text.exit     0x0000325c       0x28 c:/ti/gcc_arm_none_eabi_9_2_1/bin/../lib/gcc/arm-none-eabi/9.2.1/../../../../arm-none-eabi/lib/thumb/v7e-m+fp/hard\libc_nano.a(lib_a-exit.o)
                0x0000325c                exit
 .text.__libc_init_array
                0x00003284       0x48 c:/ti/gcc_arm_none_eabi_9_2_1/bin/../lib/gcc/arm-none-eabi/9.2.1/../../../../arm-none-eabi/lib/thumb/v7e-m+fp/hard\libc_nano.a(lib_a-init.o)
                0x00003284                __libc_init_array
 .text.memcpy   0x000032cc       0x1c c:/ti/gcc_arm_none_eabi_9_2_1/bin/../lib/gcc/arm-none-eabi/9.2.1/../../../../arm-none-eabi/lib/thumb/v7e-m+fp/hard\libc_nano.a(lib_a-memcpy-stub.o)
                0x000032cc                memcpy
 .text.memset   0x000032e8       0x10 c:/ti/gcc_arm_none_eabi_9_2_1/bin/../lib/gcc/arm-none-eabi/9.2.1/../../../../arm-none-eabi/lib/thumb/v7e-m+fp/hard\libc_nano.a(lib_a-memset.o)
                0x000032e8                memset
 .text._raise_r
                0x000032f8       0x50 c:/ti/gcc_arm_none_eabi_9_2_1/bin/../lib/gcc/arm-none-eabi/9.2.1/../../../../arm-none-eabi/lib/thumb/v7e-m+fp/hard\libc_nano.a(lib_a-signal.o)
                0x000032f8                _raise_r
 .text.raise    0x00003348       0x10 c:/ti/gcc_arm_none_eabi_9_2_1/bin/../lib/gcc/arm-none-eabi/9.2.1/../../../../arm-none-eabi/lib/thumb/v7e-m+fp/hard\libc_nano.a(lib_a-signal.o)
                0x00003348                raise
 .text._kill_r  0x00003358       0x24 c:/ti/gcc_arm_none_eabi_9_2_1/bin/../lib/gcc/arm-none-eabi/9.2.1/../../../../arm-none-eabi/lib/thumb/v7e-m+fp/hard\libc_nano.a(lib_a-signalr.o)
                0x00003358                _kill_r
 .text._getpid_r
                0x0000337c        0x4 c:/ti/gcc_arm_none_eabi_9_2_1/bin/../lib/gcc/arm-none-eabi/9.2.1/../../../../arm-none-eabi/lib/thumb/v7e-m+fp/hard\libc_nano.a(lib_a-signalr.o)
                0x0000337c                _getpid_r
 .text.__malloc_lock
                0x00003380        0xc c:/ti/gcc_arm_none_eabi_9_2_1/bin/../lib/gcc/arm-none-eabi/9.2.1/../../../../arm-none-eabi/lib/thumb/v7e-m+fp/hard\libc_nano.a(lib_a-mlock.o)
                0x00003380                __malloc_lock
 .text.__malloc_unlock
                0x0000338c        0xc c:/ti/gcc_arm_none_eabi_9_2_1/bin/../lib/gcc/arm-none-eabi/9.2.1/../../../../arm-none-eabi/lib/thumb/v7e-m+fp/hard\libc_nano.a(lib_a-mlock.o)
                0x0000338c                __malloc_unlock
 .text._free_r  0x00003398       0xa0 c:/ti/gcc_arm_none_eabi_9_2_1/bin/../lib/gcc/arm-none-eabi/9.2.1/../../../../arm-none-eabi/lib/thumb/v7e-m+fp/hard\libc_nano.a(lib_a-nano-freer.o)
                0x00003398                _free_r
 .text.__retarget_lock_acquire_recursive
                0x00003438        0x2 c:/ti/gcc_arm_none_eabi_9_2_1/bin/../lib/gcc/arm-none-eabi/9.2.1/../../../../arm-none-eabi/lib/thumb/v7e-m+fp/hard\libc_nano.a(lib_a-lock.o)
                0x00003438                __retarget_lock_acquire_recursive
 .text.__retarget_lock_release_recursive
                0x0000343a        0x2 c:/ti/gcc_arm_none_eabi_9_2_1/bin/../lib/gcc/arm-none-eabi/9.2.1/../../../../arm-none-eabi/lib/thumb/v7e-m+fp/hard\libc_nano.a(lib_a-lock.o)
                0x0000343a                __retarget_lock_release_recursive
 .text._getpid  0x0000343c       0x10 c:/ti/gcc_arm_none_eabi_9_2_1/bin/../lib/gcc/arm-none-eabi/9.2.1/../../../../arm-none-eabi/lib/thumb/v7e-m+fp/hard\libnosys.a(getpid.o)
                0x0000343c                _getpid
 .text._kill    0x0000344c       0x10 c:/ti/gcc_arm_none_eabi_9_2_1/bin/../lib/gcc/arm-none-eabi/9.2.1/../../../../arm-none-eabi/lib/thumb/v7e-m+fp/hard\libnosys.a(kill.o)
                0x0000344c                _kill
 .text._exit    0x0000345c        0x4 c:/ti/gcc_arm_none_eabi_9_2_1/bin/../lib/gcc/arm-none-eabi/9.2.1/../../../../arm-none-eabi/lib/thumb/v7e-m+fp/hard\libnosys.a(_exit.o)
                0x0000345c                _exit
 .text._ZNK10__cxxabiv117__class_type_info11__do_upcastEPKS0_PPv
                0x00003460       0x34 c:/ti/gcc_arm_none_eabi_9_2_1/bin/../lib/gcc/arm-none-eabi/9.2.1/../../../../arm-none-eabi/lib/thumb/v7e-m+fp/hard\libstdc++_nano.a(class_type_info.o)
                0x00003460                __cxxabiv1::__class_type_info::__do_upcast(__cxxabiv1::__class_type_info const*, void**) const
 .text._ZNK10__cxxabiv117__class_type_info20__do_find_public_srcEiPKvPKS0_S2_
                0x00003494        0xc c:/ti/gcc_arm_none_eabi_9_2_1/bin/../lib/gcc/arm-none-eabi/9.2.1/../../../../arm-none-eabi/lib/thumb/v7e-m+fp/hard\libstdc++_nano.a(class_type_info.o)
                0x00003494                __cxxabiv1::__class_type_info::__do_find_public_src(int, void const*, __cxxabiv1::__class_type_info const*, void const*) const
 .text._ZN10__cxxabiv117__class_type_infoD2Ev
                0x000034a0       0x14 c:/ti/gcc_arm_none_eabi_9_2_1/bin/../lib/gcc/arm-none-eabi/9.2.1/../../../../arm-none-eabi/lib/thumb/v7e-m+fp/hard\libstdc++_nano.a(class_type_info.o)
                0x000034a0                __cxxabiv1::__class_type_info::~__class_type_info()
                0x000034a0                __cxxabiv1::__class_type_info::~__class_type_info()
 .text._ZN10__cxxabiv117__class_type_infoD0Ev
                0x000034b4       0x14 c:/ti/gcc_arm_none_eabi_9_2_1/bin/../lib/gcc/arm-none-eabi/9.2.1/../../../../arm-none-eabi/lib/thumb/v7e-m+fp/hard\libstdc++_nano.a(class_type_info.o)
                0x000034b4                __cxxabiv1::__class_type_info::~__class_type_info()
 .text._ZNK10__cxxabiv117__class_type_info12__do_dyncastEiNS0_10__sub_kindEPKS0_PKvS3_S5_RNS0_16__dyncast_resultE
                0x000034c8       0x3e c:/ti/gcc_arm_none_eabi_9_2_1/bin/../lib/gcc/arm-none-eabi/9.2.1/../../../../arm-none-eabi/lib/thumb/v7e-m+fp/hard\libstdc++_nano.a(class_type_info.o)
                0x000034c8                __cxxabiv1::__class_type_info::__do_dyncast(int, __cxxabiv1::__class_type_info::__sub_kind, __cxxabiv1::__class_type_info const*, void const*, __cxxabiv1::__class_type_info const*, void const*, __cxxabiv1::__class_type_info::__dyncast_result&) const
 .text._ZNK10__cxxabiv117__class_type_info11__do_upcastEPKS0_PKvRNS0_15__upcast_resultE
                0x00003506       0x18 c:/ti/gcc_arm_none_eabi_9_2_1/bin/../lib/gcc/arm-none-eabi/9.2.1/../../../../arm-none-eabi/lib/thumb/v7e-m+fp/hard\libstdc++_nano.a(class_type_info.o)
                0x00003506                __cxxabiv1::__class_type_info::__do_upcast(__cxxabiv1::__class_type_info const*, void const*, __cxxabiv1::__class_type_info::__upcast_result&) const
 .text._ZNK10__cxxabiv117__class_type_info10__do_catchEPKSt9type_infoPPvj
                0x0000351e       0x2a c:/ti/gcc_arm_none_eabi_9_2_1/bin/../lib/gcc/arm-none-eabi/9.2.1/../../../../arm-none-eabi/lib/thumb/v7e-m+fp/hard\libstdc++_nano.a(class_type_info.o)
                0x0000351e                __cxxabiv1::__class_type_info::__do_catch(std::type_info const*, void**, unsigned int) const
 .text._ZdlPvj  0x00003548        0x4 c:/ti/gcc_arm_none_eabi_9_2_1/bin/../lib/gcc/arm-none-eabi/9.2.1/../../../../arm-none-eabi/lib/thumb/v7e-m+fp/hard\libstdc++_nano.a(del_ops.o)
                0x00003548                operator delete(void*, unsigned int)
 .text.__cxa_end_cleanup
                0x0000354c        0xc c:/ti/gcc_arm_none_eabi_9_2_1/bin/../lib/gcc/arm-none-eabi/9.2.1/../../../../arm-none-eabi/lib/thumb/v7e-m+fp/hard\libstdc++_nano.a(eh_arm.o)
                0x0000354c                __cxa_end_cleanup
 .text._ZN10__cxxabiv1L24__is_gxx_exception_classEPc
                0x00003558       0x3a c:/ti/gcc_arm_none_eabi_9_2_1/bin/../lib/gcc/arm-none-eabi/9.2.1/../../../../arm-none-eabi/lib/thumb/v7e-m+fp/hard\libstdc++_nano.a(eh_arm.o)
 *fill*         0x00003592        0x2 
 .text.__cxa_type_match
                0x00003594       0xbc c:/ti/gcc_arm_none_eabi_9_2_1/bin/../lib/gcc/arm-none-eabi/9.2.1/../../../../arm-none-eabi/lib/thumb/v7e-m+fp/hard\libstdc++_nano.a(eh_arm.o)
                0x00003594                __cxa_type_match
 .text.__cxa_begin_cleanup
                0x00003650       0x3a c:/ti/gcc_arm_none_eabi_9_2_1/bin/../lib/gcc/arm-none-eabi/9.2.1/../../../../arm-none-eabi/lib/thumb/v7e-m+fp/hard\libstdc++_nano.a(eh_arm.o)
                0x00003650                __cxa_begin_cleanup
 .text.__gnu_end_cleanup
                0x0000368a       0x32 c:/ti/gcc_arm_none_eabi_9_2_1/bin/../lib/gcc/arm-none-eabi/9.2.1/../../../../arm-none-eabi/lib/thumb/v7e-m+fp/hard\libstdc++_nano.a(eh_arm.o)
                0x0000368a                __gnu_end_cleanup
 .text.__cxa_get_globals
                0x000036bc        0x8 c:/ti/gcc_arm_none_eabi_9_2_1/bin/../lib/gcc/arm-none-eabi/9.2.1/../../../../arm-none-eabi/lib/thumb/v7e-m+fp/hard\libstdc++_nano.a(eh_globals.o)
                0x000036bc                __cxa_get_globals
 .text._ZL12read_uleb128PKhPm
                0x000036c4       0x1e c:/ti/gcc_arm_none_eabi_9_2_1/bin/../lib/gcc/arm-none-eabi/9.2.1/../../../../arm-none-eabi/lib/thumb/v7e-m+fp/hard\libstdc++_nano.a(eh_personality.o)
 .text._ZL12read_sleb128PKhPl
                0x000036e2       0x30 c:/ti/gcc_arm_none_eabi_9_2_1/bin/../lib/gcc/arm-none-eabi/9.2.1/../../../../arm-none-eabi/lib/thumb/v7e-m+fp/hard\libstdc++_nano.a(eh_personality.o)
 .text._ZL28read_encoded_value_with_basehjPKhPj
                0x00003712       0x8c c:/ti/gcc_arm_none_eabi_9_2_1/bin/../lib/gcc/arm-none-eabi/9.2.1/../../../../arm-none-eabi/lib/thumb/v7e-m+fp/hard\libstdc++_nano.a(eh_personality.o)
 .text._ZL21base_of_encoded_valuehP15_Unwind_Context
                0x0000379e       0x48 c:/ti/gcc_arm_none_eabi_9_2_1/bin/../lib/gcc/arm-none-eabi/9.2.1/../../../../arm-none-eabi/lib/thumb/v7e-m+fp/hard\libstdc++_nano.a(eh_personality.o)
 .text._ZL18read_encoded_valueP15_Unwind_ContexthPKhPj
                0x000037e6       0x22 c:/ti/gcc_arm_none_eabi_9_2_1/bin/../lib/gcc/arm-none-eabi/9.2.1/../../../../arm-none-eabi/lib/thumb/v7e-m+fp/hard\libstdc++_nano.a(eh_personality.o)
 .text._ZL17parse_lsda_headerP15_Unwind_ContextPKhP16lsda_header_info
                0x00003808       0x62 c:/ti/gcc_arm_none_eabi_9_2_1/bin/../lib/gcc/arm-none-eabi/9.2.1/../../../../arm-none-eabi/lib/thumb/v7e-m+fp/hard\libstdc++_nano.a(eh_personality.o)
 .text._Unwind_GetGR
                0x0000386a       0x18 c:/ti/gcc_arm_none_eabi_9_2_1/bin/../lib/gcc/arm-none-eabi/9.2.1/../../../../arm-none-eabi/lib/thumb/v7e-m+fp/hard\libstdc++_nano.a(eh_personality.o)
 *fill*         0x00003882        0x2 
 .text.__gxx_personality_v0
                0x00003884      0x344 c:/ti/gcc_arm_none_eabi_9_2_1/bin/../lib/gcc/arm-none-eabi/9.2.1/../../../../arm-none-eabi/lib/thumb/v7e-m+fp/hard\libstdc++_nano.a(eh_personality.o)
                0x00003884                __gxx_personality_v0
 .text._ZN10__cxxabiv111__terminateEPFvvE
                0x00003bc8        0x8 c:/ti/gcc_arm_none_eabi_9_2_1/bin/../lib/gcc/arm-none-eabi/9.2.1/../../../../arm-none-eabi/lib/thumb/v7e-m+fp/hard\libstdc++_nano.a(eh_terminate.o)
                0x00003bc8                __cxxabiv1::__terminate(void (*)())
 .text._ZSt13get_terminatev
                0x00003bd0       0x10 c:/ti/gcc_arm_none_eabi_9_2_1/bin/../lib/gcc/arm-none-eabi/9.2.1/../../../../arm-none-eabi/lib/thumb/v7e-m+fp/hard\libstdc++_nano.a(eh_terminate.o)
                0x00003bd0                std::get_terminate()
 .text._ZSt9terminatev
                0x00003be0        0xa c:/ti/gcc_arm_none_eabi_9_2_1/bin/../lib/gcc/arm-none-eabi/9.2.1/../../../../arm-none-eabi/lib/thumb/v7e-m+fp/hard\libstdc++_nano.a(eh_terminate.o)
                0x00003be0                std::terminate()
 .text._ZN10__cxxabiv112__unexpectedEPFvvE
                0x00003bea        0x8 c:/ti/gcc_arm_none_eabi_9_2_1/bin/../lib/gcc/arm-none-eabi/9.2.1/../../../../arm-none-eabi/lib/thumb/v7e-m+fp/hard\libstdc++_nano.a(eh_terminate.o)
                0x00003bea                __cxxabiv1::__unexpected(void (*)())
 *fill*         0x00003bf2        0x2 
 .text._ZSt14get_unexpectedv
                0x00003bf4       0x10 c:/ti/gcc_arm_none_eabi_9_2_1/bin/../lib/gcc/arm-none-eabi/9.2.1/../../../../arm-none-eabi/lib/thumb/v7e-m+fp/hard\libstdc++_nano.a(eh_terminate.o)
                0x00003bf4                std::get_unexpected()
 .text._ZSt10unexpectedv
                0x00003c04        0xa c:/ti/gcc_arm_none_eabi_9_2_1/bin/../lib/gcc/arm-none-eabi/9.2.1/../../../../arm-none-eabi/lib/thumb/v7e-m+fp/hard\libstdc++_nano.a(eh_terminate.o)
                0x00003c04                std::unexpected()
 .text.__cxa_pure_virtual
                0x00003c0e        0x6 c:/ti/gcc_arm_none_eabi_9_2_1/bin/../lib/gcc/arm-none-eabi/9.2.1/../../../../arm-none-eabi/lib/thumb/v7e-m+fp/hard\libstdc++_nano.a(pure.o)
                0x00003c0e                __cxa_pure_virtual
 .text._ZN10__cxxabiv120__si_class_type_infoD2Ev
                0x00003c14       0x14 c:/ti/gcc_arm_none_eabi_9_2_1/bin/../lib/gcc/arm-none-eabi/9.2.1/../../../../arm-none-eabi/lib/thumb/v7e-m+fp/hard\libstdc++_nano.a(si_class_type_info.o)
                0x00003c14                __cxxabiv1::__si_class_type_info::~__si_class_type_info()
                0x00003c14                __cxxabiv1::__si_class_type_info::~__si_class_type_info()
 .text._ZN10__cxxabiv120__si_class_type_infoD0Ev
                0x00003c28       0x14 c:/ti/gcc_arm_none_eabi_9_2_1/bin/../lib/gcc/arm-none-eabi/9.2.1/../../../../arm-none-eabi/lib/thumb/v7e-m+fp/hard\libstdc++_nano.a(si_class_type_info.o)
                0x00003c28                __cxxabiv1::__si_class_type_info::~__si_class_type_info()
 .text._ZNK10__cxxabiv120__si_class_type_info20__do_find_public_srcEiPKvPKNS_17__class_type_infoES2_
                0x00003c3c       0x38 c:/ti/gcc_arm_none_eabi_9_2_1/bin/../lib/gcc/arm-none-eabi/9.2.1/../../../../arm-none-eabi/lib/thumb/v7e-m+fp/hard\libstdc++_nano.a(si_class_type_info.o)
                0x00003c3c                __cxxabiv1::__si_class_type_info::__do_find_public_src(int, void const*, __cxxabiv1::__class_type_info const*, void const*) const
 .text._ZNK10__cxxabiv120__si_class_type_info12__do_dyncastEiNS_17__class_type_info10__sub_kindEPKS1_PKvS4_S6_RNS1_16__dyncast_resultE
                0x00003c74       0x74 c:/ti/gcc_arm_none_eabi_9_2_1/bin/../lib/gcc/arm-none-eabi/9.2.1/../../../../arm-none-eabi/lib/thumb/v7e-m+fp/hard\libstdc++_nano.a(si_class_type_info.o)
                0x00003c74                __cxxabiv1::__si_class_type_info::__do_dyncast(int, __cxxabiv1::__class_type_info::__sub_kind, __cxxabiv1::__class_type_info const*, void const*, __cxxabiv1::__class_type_info const*, void const*, __cxxabiv1::__class_type_info::__dyncast_result&) const
 .text._ZNK10__cxxabiv120__si_class_type_info11__do_upcastEPKNS_17__class_type_infoEPKvRNS1_15__upcast_resultE
                0x00003ce8       0x2a c:/ti/gcc_arm_none_eabi_9_2_1/bin/../lib/gcc/arm-none-eabi/9.2.1/../../../../arm-none-eabi/lib/thumb/v7e-m+fp/hard\libstdc++_nano.a(si_class_type_info.o)
                0x00003ce8                __cxxabiv1::__si_class_type_info::__do_upcast(__cxxabiv1::__class_type_info const*, void const*, __cxxabiv1::__class_type_info::__upcast_result&) const
 .text._ZNSt9type_infoD2Ev
                0x00003d12        0x2 c:/ti/gcc_arm_none_eabi_9_2_1/bin/../lib/gcc/arm-none-eabi/9.2.1/../../../../arm-none-eabi/lib/thumb/v7e-m+fp/hard\libstdc++_nano.a(tinfo.o)
                0x00003d12                std::type_info::~type_info()
                0x00003d12                std::type_info::~type_info()
 .text._ZNKSt9type_info14__is_pointer_pEv
                0x00003d14        0x4 c:/ti/gcc_arm_none_eabi_9_2_1/bin/../lib/gcc/arm-none-eabi/9.2.1/../../../../arm-none-eabi/lib/thumb/v7e-m+fp/hard\libstdc++_nano.a(tinfo.o)
                0x00003d14                std::type_info::__is_pointer_p() const
                0x00003d14                std::type_info::__is_function_p() const
 .text._ZNKSt9type_infoeqERKS_
                0x00003d18       0x2c c:/ti/gcc_arm_none_eabi_9_2_1/bin/../lib/gcc/arm-none-eabi/9.2.1/../../../../arm-none-eabi/lib/thumb/v7e-m+fp/hard\libstdc++_nano.a(tinfo.o)
                0x00003d18                std::type_info::operator==(std::type_info const&) const
 .text._ZN10__cxxabiv121__vmi_class_type_infoD2Ev
                0x00003d44       0x14 c:/ti/gcc_arm_none_eabi_9_2_1/bin/../lib/gcc/arm-none-eabi/9.2.1/../../../../arm-none-eabi/lib/thumb/v7e-m+fp/hard\libstdc++_nano.a(vmi_class_type_info.o)
                0x00003d44                __cxxabiv1::__vmi_class_type_info::~__vmi_class_type_info()
                0x00003d44                __cxxabiv1::__vmi_class_type_info::~__vmi_class_type_info()
 .text._ZN10__cxxabiv121__vmi_class_type_infoD0Ev
                0x00003d58       0x14 c:/ti/gcc_arm_none_eabi_9_2_1/bin/../lib/gcc/arm-none-eabi/9.2.1/../../../../arm-none-eabi/lib/thumb/v7e-m+fp/hard\libstdc++_nano.a(vmi_class_type_info.o)
                0x00003d58                __cxxabiv1::__vmi_class_type_info::~__vmi_class_type_info()
 .text._ZNK10__cxxabiv121__vmi_class_type_info20__do_find_public_srcEiPKvPKNS_17__class_type_infoES2_
                0x00003d6c       0x78 c:/ti/gcc_arm_none_eabi_9_2_1/bin/../lib/gcc/arm-none-eabi/9.2.1/../../../../arm-none-eabi/lib/thumb/v7e-m+fp/hard\libstdc++_nano.a(vmi_class_type_info.o)
                0x00003d6c                __cxxabiv1::__vmi_class_type_info::__do_find_public_src(int, void const*, __cxxabiv1::__class_type_info const*, void const*) const
 .text._ZNK10__cxxabiv117__class_type_info17__find_public_srcEiPKvPKS0_S2_
                0x00003de4       0x28 c:/ti/gcc_arm_none_eabi_9_2_1/bin/../lib/gcc/arm-none-eabi/9.2.1/../../../../arm-none-eabi/lib/thumb/v7e-m+fp/hard\libstdc++_nano.a(vmi_class_type_info.o)
                0x00003de4                __cxxabiv1::__class_type_info::__find_public_src(int, void const*, __cxxabiv1::__class_type_info const*, void const*) const
 .text._ZNK10__cxxabiv121__vmi_class_type_info12__do_dyncastEiNS_17__class_type_info10__sub_kindEPKS1_PKvS4_S6_RNS1_16__dyncast_resultE
                0x00003e0c      0x26c c:/ti/gcc_arm_none_eabi_9_2_1/bin/../lib/gcc/arm-none-eabi/9.2.1/../../../../arm-none-eabi/lib/thumb/v7e-m+fp/hard\libstdc++_nano.a(vmi_class_type_info.o)
                0x00003e0c                __cxxabiv1::__vmi_class_type_info::__do_dyncast(int, __cxxabiv1::__class_type_info::__sub_kind, __cxxabiv1::__class_type_info const*, void const*, __cxxabiv1::__class_type_info const*, void const*, __cxxabiv1::__class_type_info::__dyncast_result&) const
 .text._ZNK10__cxxabiv121__vmi_class_type_info11__do_upcastEPKNS_17__class_type_infoEPKvRNS1_15__upcast_resultE
                0x00004078      0x138 c:/ti/gcc_arm_none_eabi_9_2_1/bin/../lib/gcc/arm-none-eabi/9.2.1/../../../../arm-none-eabi/lib/thumb/v7e-m+fp/hard\libstdc++_nano.a(vmi_class_type_info.o)
                0x00004078                __cxxabiv1::__vmi_class_type_info::__do_upcast(__cxxabiv1::__class_type_info const*, void const*, __cxxabiv1::__class_type_info::__upcast_result&) const
 .text._ZdlPv   0x000041b0        0x4 c:/ti/gcc_arm_none_eabi_9_2_1/bin/../lib/gcc/arm-none-eabi/9.2.1/../../../../arm-none-eabi/lib/thumb/v7e-m+fp/hard\libstdc++_nano.a(del_op.o)
                0x000041b0                operator delete(void*)
 .text._ZN10__cxxabiv1L24__is_gxx_exception_classEPc
                0x000041b4       0x3a c:/ti/gcc_arm_none_eabi_9_2_1/bin/../lib/gcc/arm-none-eabi/9.2.1/../../../../arm-none-eabi/lib/thumb/v7e-m+fp/hard\libstdc++_nano.a(eh_call.o)
 .text.__cxa_call_terminate
                0x000041ee       0x1e c:/ti/gcc_arm_none_eabi_9_2_1/bin/../lib/gcc/arm-none-eabi/9.2.1/../../../../arm-none-eabi/lib/thumb/v7e-m+fp/hard\libstdc++_nano.a(eh_call.o)
                0x000041ee                __cxa_call_terminate
 .text.__cxa_call_unexpected
                0x0000420c       0x28 c:/ti/gcc_arm_none_eabi_9_2_1/bin/../lib/gcc/arm-none-eabi/9.2.1/../../../../arm-none-eabi/lib/thumb/v7e-m+fp/hard\libstdc++_nano.a(eh_call.o)
                0x0000420c                __cxa_call_unexpected
 .text._ZN10__cxxabiv1L24__is_gxx_exception_classEPc
                0x00004234       0x3a c:/ti/gcc_arm_none_eabi_9_2_1/bin/../lib/gcc/arm-none-eabi/9.2.1/../../../../arm-none-eabi/lib/thumb/v7e-m+fp/hard\libstdc++_nano.a(eh_catch.o)
 .text.__cxa_begin_catch
                0x0000426e       0x52 c:/ti/gcc_arm_none_eabi_9_2_1/bin/../lib/gcc/arm-none-eabi/9.2.1/../../../../arm-none-eabi/lib/thumb/v7e-m+fp/hard\libstdc++_nano.a(eh_catch.o)
                0x0000426e                __cxa_begin_catch
 .text.free     0x000042c0       0x10 c:/ti/gcc_arm_none_eabi_9_2_1/bin/../lib/gcc/arm-none-eabi/9.2.1/../../../../arm-none-eabi/lib/thumb/v7e-m+fp/hard\libg_nano.a(lib_a-malloc.o)
                0x000042c0                free
                0x000042d0                . = ALIGN (0x4)
 *(.ctors)
                0x000042d0                . = ALIGN (0x4)
 *(.dtors)
                0x000042d0                . = ALIGN (0x4)
                0x000042d0                __init_array_start = .
 *(.init_array*)
 .init_array    0x000042d0        0x4 c:/ti/gcc_arm_none_eabi_9_2_1/bin/../lib/gcc/arm-none-eabi/9.2.1/thumb/v7e-m+fp/hard/crtbegin.o
                0x000042d4                __init_array_end = .
 *(.init)
 .init          0x000042d4        0x4 c:/ti/gcc_arm_none_eabi_9_2_1/bin/../lib/gcc/arm-none-eabi/9.2.1/thumb/v7e-m+fp/hard/crti.o
                0x000042d4                _init
 .init          0x000042d8        0x8 c:/ti/gcc_arm_none_eabi_9_2_1/bin/../lib/gcc/arm-none-eabi/9.2.1/thumb/v7e-m+fp/hard/crtn.o
 *(.fini*)
 .fini          0x000042e0        0x4 c:/ti/gcc_arm_none_eabi_9_2_1/bin/../lib/gcc/arm-none-eabi/9.2.1/thumb/v7e-m+fp/hard/crti.o
                0x000042e0                _fini
 .fini_array    0x000042e4        0x4 c:/ti/gcc_arm_none_eabi_9_2_1/bin/../lib/gcc/arm-none-eabi/9.2.1/thumb/v7e-m+fp/hard/crtbegin.o
 .fini          0x000042e8        0x8 c:/ti/gcc_arm_none_eabi_9_2_1/bin/../lib/gcc/arm-none-eabi/9.2.1/thumb/v7e-m+fp/hard/crtn.o

.glue_7         0x000042f0        0x0
 .glue_7        0x000042f0        0x0 linker stubs

.glue_7t        0x000042f0        0x0
 .glue_7t       0x000042f0        0x0 linker stubs

.vfp11_veneer   0x000042f0        0x0
 .vfp11_veneer  0x000042f0        0x0 linker stubs

.v4_bx          0x000042f0        0x0
 .v4_bx         0x000042f0        0x0 linker stubs

.iplt           0x000042f0        0x0
 .iplt          0x000042f0        0x0 c:/ti/gcc_arm_none_eabi_9_2_1/bin/../lib/gcc/arm-none-eabi/9.2.1/thumb/v7e-m+fp/hard/crtbegin.o

.rodata         0x000042f0      0xb58
 *(.rodata)
 .rodata        0x000042f0       0x11 ./main/main.o
 *(.rodata.*)
 *fill*         0x00004301        0x3 
 .rodata._ZTV18ObjectDeserializerI8responseE
                0x00004304       0x14 ./DataLink/Adapters/dbadabter.o
                0x00004304                vtable for ObjectDeserializer<response>
 .rodata._ZTV22AbstractStorageAdabter
                0x00004318       0x18 ./DataLink/Adapters/dbadabter.o
                0x00004318                vtable for AbstractStorageAdabter
 .rodata._ZTI18ObjectDeserializerI8responseE
                0x00004330        0x8 ./DataLink/Adapters/dbadabter.o
                0x00004330                typeinfo for ObjectDeserializer<response>
 .rodata._ZTS18ObjectDeserializerI8responseE
                0x00004338       0x20 ./DataLink/Adapters/dbadabter.o
                0x00004338                typeinfo name for ObjectDeserializer<response>
 .rodata._ZTI22AbstractStorageAdabter
                0x00004358        0x8 ./DataLink/Adapters/dbadabter.o
                0x00004358                typeinfo for AbstractStorageAdabter
 .rodata._ZTS22AbstractStorageAdabter
                0x00004360       0x19 ./DataLink/Adapters/dbadabter.o
                0x00004360                typeinfo name for AbstractStorageAdabter
 *fill*         0x00004379        0x3 
 .rodata._ZTV16ObjectSerializerI8responseE
                0x0000437c       0x14 ./DataLink/Adapters/transportaddabter.o
                0x0000437c                vtable for ObjectSerializer<response>
 .rodata._ZTV16ObjectSerializerI6headerE
                0x00004390       0x14 ./DataLink/Adapters/transportaddabter.o
                0x00004390                vtable for ObjectSerializer<header>
 .rodata._ZTV16TransportAdapter
                0x000043a4       0x44 ./DataLink/Adapters/transportaddabter.o
                0x000043a4                vtable for TransportAdapter
 .rodata._ZTV25AbstractTranspoertAdabter
                0x000043e8       0x44 ./DataLink/Adapters/transportaddabter.o
                0x000043e8                vtable for AbstractTranspoertAdabter
 .rodata._ZTI16ObjectSerializerI8responseE
                0x0000442c        0x8 ./DataLink/Adapters/transportaddabter.o
                0x0000442c                typeinfo for ObjectSerializer<response>
 .rodata._ZTS16ObjectSerializerI8responseE
                0x00004434       0x1e ./DataLink/Adapters/transportaddabter.o
                0x00004434                typeinfo name for ObjectSerializer<response>
 *fill*         0x00004452        0x2 
 .rodata._ZTI16ObjectSerializerI6headerE
                0x00004454        0x8 ./DataLink/Adapters/transportaddabter.o
                0x00004454                typeinfo for ObjectSerializer<header>
 .rodata._ZTS16ObjectSerializerI6headerE
                0x0000445c       0x1c ./DataLink/Adapters/transportaddabter.o
                0x0000445c                typeinfo name for ObjectSerializer<header>
 .rodata._ZTI16TransportAdapter
                0x00004478        0xc ./DataLink/Adapters/transportaddabter.o
                0x00004478                typeinfo for TransportAdapter
 .rodata._ZTS16TransportAdapter
                0x00004484       0x13 ./DataLink/Adapters/transportaddabter.o
                0x00004484                typeinfo name for TransportAdapter
 *fill*         0x00004497        0x1 
 .rodata._ZTI25AbstractTranspoertAdabter
                0x00004498        0x8 ./DataLink/Adapters/transportaddabter.o
                0x00004498                typeinfo for AbstractTranspoertAdabter
 .rodata._ZTS25AbstractTranspoertAdabter
                0x000044a0       0x1c ./DataLink/Adapters/transportaddabter.o
                0x000044a0                typeinfo name for AbstractTranspoertAdabter
 .rodata._ZTV9RNotifier
                0x000044bc       0x14 ./DataLink/Notifiers/LinNotifier.o
                0x000044bc                vtable for RNotifier
 .rodata._ZTV8Notifier
                0x000044d0       0x14 ./DataLink/Notifiers/LinNotifier.o
                0x000044d0                vtable for Notifier
 .rodata._ZTV10LinsStates
                0x000044e4       0x14 ./DataLink/Notifiers/LinNotifier.o
                0x000044e4                vtable for LinsStates
 .rodata._ZTI9RNotifier
                0x000044f8        0xc ./DataLink/Notifiers/LinNotifier.o
                0x000044f8                typeinfo for RNotifier
 .rodata._ZTS9RNotifier
                0x00004504        0xb ./DataLink/Notifiers/LinNotifier.o
                0x00004504                typeinfo name for RNotifier
 *fill*         0x0000450f        0x1 
 .rodata._ZTI8Notifier
                0x00004510        0x8 ./DataLink/Notifiers/LinNotifier.o
                0x00004510                typeinfo for Notifier
 .rodata._ZTS8Notifier
                0x00004518        0xa ./DataLink/Notifiers/LinNotifier.o
                0x00004518                typeinfo name for Notifier
 *fill*         0x00004522        0x2 
 .rodata._ZTI10LinsStates
                0x00004524        0x8 ./DataLink/Notifiers/LinNotifier.o
                0x00004524                typeinfo for LinsStates
 .rodata._ZTS10LinsStates
                0x0000452c        0xd ./DataLink/Notifiers/LinNotifier.o
                0x0000452c                typeinfo name for LinsStates
 *fill*         0x00004539        0x3 
 .rodata._ZTV22DispatchingAndHandling
                0x0000453c       0x14 ./DataLink/States/LinStates/DispatchingAndHandling.o
                0x0000453c                vtable for DispatchingAndHandling
 .rodata._ZTI22DispatchingAndHandling
                0x00004550        0xc ./DataLink/States/LinStates/DispatchingAndHandling.o
                0x00004550                typeinfo for DispatchingAndHandling
 .rodata._ZTS22DispatchingAndHandling
                0x0000455c       0x19 ./DataLink/States/LinStates/DispatchingAndHandling.o
                0x0000455c                typeinfo name for DispatchingAndHandling
 *fill*         0x00004575        0x3 
 .rodata._ZTV4Init
                0x00004578       0x14 ./DataLink/States/LinStates/Init.o
                0x00004578                vtable for Init
 .rodata._ZTI4Init
                0x0000458c        0xc ./DataLink/States/LinStates/Init.o
                0x0000458c                typeinfo for Init
 .rodata._ZTS4Init
                0x00004598        0x6 ./DataLink/States/LinStates/Init.o
                0x00004598                typeinfo name for Init
 *fill*         0x0000459e        0x2 
 .rodata._ZTV14ReceivingBreak
                0x000045a0       0x14 ./DataLink/States/LinStates/ReceivingBreak.o
                0x000045a0                vtable for ReceivingBreak
 .rodata._ZTI14ReceivingBreak
                0x000045b4        0xc ./DataLink/States/LinStates/ReceivingBreak.o
                0x000045b4                typeinfo for ReceivingBreak
 .rodata._ZTS14ReceivingBreak
                0x000045c0       0x11 ./DataLink/States/LinStates/ReceivingBreak.o
                0x000045c0                typeinfo name for ReceivingBreak
 *fill*         0x000045d1        0x3 
 .rodata._ZTV15ReceivingHeader
                0x000045d4       0x14 ./DataLink/States/LinStates/ReceivingHeader.o
                0x000045d4                vtable for ReceivingHeader
 .rodata._ZTI15ReceivingHeader
                0x000045e8        0xc ./DataLink/States/LinStates/ReceivingHeader.o
                0x000045e8                typeinfo for ReceivingHeader
 .rodata._ZTS15ReceivingHeader
                0x000045f4       0x12 ./DataLink/States/LinStates/ReceivingHeader.o
                0x000045f4                typeinfo name for ReceivingHeader
 *fill*         0x00004606        0x2 
 .rodata._ZTV10Validating
                0x00004608       0x14 ./DataLink/States/LinStates/Validating.o
                0x00004608                vtable for Validating
 .rodata._ZTI10Validating
                0x0000461c        0xc ./DataLink/States/LinStates/Validating.o
                0x0000461c                typeinfo for Validating
 .rodata._ZTS10Validating
                0x00004628        0xd ./DataLink/States/LinStates/Validating.o
                0x00004628                typeinfo name for Validating
 *fill*         0x00004635        0x3 
 .rodata._ZTV20LinConnectionHandler
                0x00004638       0x18 ./DataLink/communication/LinConnectionHandler.o
                0x00004638                vtable for LinConnectionHandler
 .rodata._ZTV28AbstracterdConnectionHandler
                0x00004650       0x18 ./DataLink/communication/LinConnectionHandler.o
                0x00004650                vtable for AbstracterdConnectionHandler
 .rodata._ZTI20LinConnectionHandler
                0x00004668        0xc ./DataLink/communication/LinConnectionHandler.o
                0x00004668                typeinfo for LinConnectionHandler
 .rodata._ZTS20LinConnectionHandler
                0x00004674       0x17 ./DataLink/communication/LinConnectionHandler.o
                0x00004674                typeinfo name for LinConnectionHandler
 *fill*         0x0000468b        0x1 
 .rodata._ZTI28AbstracterdConnectionHandler
                0x0000468c        0x8 ./DataLink/communication/LinConnectionHandler.o
                0x0000468c                typeinfo for AbstracterdConnectionHandler
 .rodata._ZTS28AbstracterdConnectionHandler
                0x00004694       0x1f ./DataLink/communication/LinConnectionHandler.o
                0x00004694                typeinfo name for AbstracterdConnectionHandler
 *fill*         0x000046b3        0x1 
 .rodata._ZTV15FrameDespatcher
                0x000046b4       0x14 ./DataLink/communication/LinFrameDespatcher.o
                0x000046b4                vtable for FrameDespatcher
 .rodata._ZTV26AbstractedFramedDispatcher
                0x000046c8       0x14 ./DataLink/communication/LinFrameDespatcher.o
                0x000046c8                vtable for AbstractedFramedDispatcher
 .rodata._ZTI15FrameDespatcher
                0x000046dc        0xc ./DataLink/communication/LinFrameDespatcher.o
                0x000046dc                typeinfo for FrameDespatcher
 .rodata._ZTS15FrameDespatcher
                0x000046e8       0x12 ./DataLink/communication/LinFrameDespatcher.o
                0x000046e8                typeinfo name for FrameDespatcher
 *fill*         0x000046fa        0x2 
 .rodata._ZTI26AbstractedFramedDispatcher
                0x000046fc        0x8 ./DataLink/communication/LinFrameDespatcher.o
                0x000046fc                typeinfo for AbstractedFramedDispatcher
 .rodata._ZTS26AbstractedFramedDispatcher
                0x00004704       0x1d ./DataLink/communication/LinFrameDespatcher.o
                0x00004704                typeinfo name for AbstractedFramedDispatcher
 *fill*         0x00004721        0x3 
 .rodata._ZTV19AbstractedValidator
                0x00004724       0x18 ./DataLink/initializer/Lin.o
                0x00004724                vtable for AbstractedValidator
 .rodata._ZTI19AbstractedValidator
                0x0000473c        0x8 ./DataLink/initializer/Lin.o
                0x0000473c                typeinfo for AbstractedValidator
 .rodata._ZTS19AbstractedValidator
                0x00004744       0x16 ./DataLink/initializer/Lin.o
                0x00004744                typeinfo name for AbstractedValidator
 *fill*         0x0000475a        0x2 
 .rodata._ZTV18HeaderDeserializer
                0x0000475c       0x14 ./DataLink/serializtion/headerdeserializer.o
                0x0000475c                vtable for HeaderDeserializer